Component: ARM Compiler 5.06 update 7 (build 960) Tool: armlink [4d3601]

==============================================================================

Section Cross References

    startup_stm32f407xx.o(STACK) refers (Special) to heapauxi.o(.text) for __use_two_region_memory
    startup_stm32f407xx.o(HEAP) refers (Special) to heapauxi.o(.text) for __use_two_region_memory
    startup_stm32f407xx.o(RESET) refers (Special) to heapauxi.o(.text) for __use_two_region_memory
    startup_stm32f407xx.o(RESET) refers to startup_stm32f407xx.o(STACK) for __initial_sp
    startup_stm32f407xx.o(RESET) refers to startup_stm32f407xx.o(.text) for Reset_Handler
    startup_stm32f407xx.o(RESET) refers to stm32f4xx_it.o(i.NMI_Handler) for NMI_Handler
    startup_stm32f407xx.o(RESET) refers to stm32f4xx_it.o(i.HardFault_Handler) for HardFault_Handler
    startup_stm32f407xx.o(RESET) refers to stm32f4xx_it.o(i.MemManage_Handler) for MemManage_Handler
    startup_stm32f407xx.o(RESET) refers to stm32f4xx_it.o(i.BusFault_Handler) for BusFault_Handler
    startup_stm32f407xx.o(RESET) refers to stm32f4xx_it.o(i.UsageFault_Handler) for UsageFault_Handler
    startup_stm32f407xx.o(RESET) refers to stm32f4xx_it.o(i.SVC_Handler) for SVC_Handler
    startup_stm32f407xx.o(RESET) refers to stm32f4xx_it.o(i.DebugMon_Handler) for DebugMon_Handler
    startup_stm32f407xx.o(RESET) refers to stm32f4xx_it.o(i.PendSV_Handler) for PendSV_Handler
    startup_stm32f407xx.o(RESET) refers to stm32f4xx_it.o(i.SysTick_Handler) for SysTick_Handler
    startup_stm32f407xx.o(RESET) refers to stm32f4xx_it.o(i.CAN1_RX0_IRQHandler) for CAN1_RX0_IRQHandler
    startup_stm32f407xx.o(RESET) refers to stm32f4xx_it.o(i.CAN1_RX1_IRQHandler) for CAN1_RX1_IRQHandler
    startup_stm32f407xx.o(RESET) refers to stm32f4xx_it.o(i.USART1_IRQHandler) for USART1_IRQHandler
    startup_stm32f407xx.o(RESET) refers to stm32f4xx_it.o(i.USART3_IRQHandler) for USART3_IRQHandler
    startup_stm32f407xx.o(RESET) refers to stm32f4xx_it.o(i.TIM5_IRQHandler) for TIM5_IRQHandler
    startup_stm32f407xx.o(RESET) refers to stm32f4xx_it.o(i.TIM6_DAC_IRQHandler) for TIM6_DAC_IRQHandler
    startup_stm32f407xx.o(RESET) refers to stm32f4xx_it.o(i.TIM7_IRQHandler) for TIM7_IRQHandler
    startup_stm32f407xx.o(RESET) refers to stm32f4xx_it.o(i.DMA2_Stream1_IRQHandler) for DMA2_Stream1_IRQHandler
    startup_stm32f407xx.o(RESET) refers to stm32f4xx_it.o(i.DMA2_Stream2_IRQHandler) for DMA2_Stream2_IRQHandler
    startup_stm32f407xx.o(RESET) refers to stm32f4xx_it.o(i.CAN2_RX0_IRQHandler) for CAN2_RX0_IRQHandler
    startup_stm32f407xx.o(RESET) refers to stm32f4xx_it.o(i.CAN2_RX1_IRQHandler) for CAN2_RX1_IRQHandler
    startup_stm32f407xx.o(RESET) refers to stm32f4xx_it.o(i.DMA2_Stream6_IRQHandler) for DMA2_Stream6_IRQHandler
    startup_stm32f407xx.o(RESET) refers to stm32f4xx_it.o(i.DMA2_Stream7_IRQHandler) for DMA2_Stream7_IRQHandler
    startup_stm32f407xx.o(RESET) refers to stm32f4xx_it.o(i.USART6_IRQHandler) for USART6_IRQHandler
    startup_stm32f407xx.o(.text) refers (Special) to heapauxi.o(.text) for __use_two_region_memory
    startup_stm32f407xx.o(.text) refers to system_stm32f4xx.o(i.SystemInit) for SystemInit
    startup_stm32f407xx.o(.text) refers to __main.o(!!!main) for __main
    startup_stm32f407xx.o(.text) refers to startup_stm32f407xx.o(HEAP) for Heap_Mem
    startup_stm32f407xx.o(.text) refers to startup_stm32f407xx.o(STACK) for Stack_Mem
    main.o(i.<Func20>) refers to rt_memcpy_w.o(.text) for __aeabi_memcpy4
    main.o(i.<Func20>) refers to main.o(i._ZN7Motor_tC1Ev) for Motor_t::Motor_t()
    main.o(i.<Func20>) refers to main.o(.constdata) for .constdata
    main.o(i.<Func21>) refers to rt_memcpy_w.o(.text) for __aeabi_memcpy4
    main.o(i.<Func21>) refers to main.o(i._ZN7Motor_tC1Ev) for Motor_t::Motor_t()
    main.o(i.<Func21>) refers to main.o(.constdata) for .constdata
    main.o(i.HAL_CAN_RxFifo0MsgPendingCallback) refers to stm32f4xx_hal_can.o(i.HAL_CAN_GetRxMessage) for HAL_CAN_GetRxMessage
    main.o(i.HAL_CAN_RxFifo0MsgPendingCallback) refers to main.o(i._ZN8RM_Motor5ParseE19CAN_RxHeaderTypeDefPh) for RM_Motor::Parse(CAN_RxHeaderTypeDef, unsigned char*)
    main.o(i.HAL_CAN_RxFifo0MsgPendingCallback) refers to main.o(i._ZN7RM_PM019PM01ParseE19CAN_RxHeaderTypeDefPh) for RM_PM01::PM01Parse(CAN_RxHeaderTypeDef, unsigned char*)
    main.o(i.HAL_CAN_RxFifo0MsgPendingCallback) refers to main.o(.data) for .data
    main.o(i.HAL_CAN_RxFifo0MsgPendingCallback) refers to main.o(.bss) for .bss
    main.o(i.HAL_CAN_RxFifo0MsgPendingCallback) refers to can.o(.bss) for hcan1
    main.o(i.HAL_TIM_PeriodElapsedCallback) refers to dflt_clz.o(x$fpl$dflt) for __aeabi_i2d
    main.o(i.HAL_TIM_PeriodElapsedCallback) refers to dmul.o(x$fpl$dmul) for __aeabi_dmul
    main.o(i.HAL_TIM_PeriodElapsedCallback) refers to d2f.o(x$fpl$d2f) for __aeabi_d2f
    main.o(i.HAL_TIM_PeriodElapsedCallback) refers to f2d.o(x$fpl$f2d) for __aeabi_f2d
[...]
    BusFault_Handler                         0x0800080d   Thumb Code     2  stm32f4xx_it.o(i.BusFault_Handler)
    CAN1_RX0_IRQHandler                      0x08000811   Thumb Code     6  stm32f4xx_it.o(i.CAN1_RX0_IRQHandler)
    CAN1_RX1_IRQHandler                      0x0800081d   Thumb Code     6  stm32f4xx_it.o(i.CAN1_RX1_IRQHandler)
    CAN2_RX0_IRQHandler                      0x08000829   Thumb Code     6  stm32f4xx_it.o(i.CAN2_RX0_IRQHandler)
    CAN2_RX1_IRQHandler                      0x08000835   Thumb Code     6  stm32f4xx_it.o(i.CAN2_RX1_IRQHandler)
    DMA2_Stream1_IRQHandler                  0x08000841   Thumb Code     6  stm32f4xx_it.o(i.DMA2_Stream1_IRQHandler)
    DMA2_Stream2_IRQHandler                  0x0800084d   Thumb Code     6  stm32f4xx_it.o(i.DMA2_Stream2_IRQHandler)
    DMA2_Stream6_IRQHandler                  0x08000859   Thumb Code     6  stm32f4xx_it.o(i.DMA2_Stream6_IRQHandler)
    DMA2_Stream7_IRQHandler                  0x08000865   Thumb Code     6  stm32f4xx_it.o(i.DMA2_Stream7_IRQHandler)
    DebugMon_Handler                         0x08000915   Thumb Code     2  stm32f4xx_it.o(i.DebugMon_Handler)
    Error_Handler                            0x08000917   Thumb Code     4  main.o(i.Error_Handler)
    HAL_CAN_ActivateNotification             0x0800091b   Thumb Code    36  stm32f4xx_hal_can.o(i.HAL_CAN_ActivateNotification)
    HAL_CAN_AddTxMessage                     0x0800093f   Thumb Code   208  stm32f4xx_hal_can.o(i.HAL_CAN_AddTxMessage)
    HAL_CAN_ConfigFilter                     0x08000a11   Thumb Code   262  stm32f4xx_hal_can.o(i.HAL_CAN_ConfigFilter)
    HAL_CAN_ErrorCallback                    0x08000b1d   Thumb Code     2  stm32f4xx_hal_can.o(i.HAL_CAN_ErrorCallback)
    HAL_CAN_GetRxMessage                     0x08000b1f   Thumb Code   244  stm32f4xx_hal_can.o(i.HAL_CAN_GetRxMessage)
    HAL_CAN_IRQHandler                       0x08000c13   Thumb Code   508  stm32f4xx_hal_can.o(i.HAL_CAN_IRQHandler)
    HAL_CAN_Init                             0x08000e0f   Thumb Code   282  stm32f4xx_hal_can.o(i.HAL_CAN_Init)
    HAL_CAN_MspInit                          0x08000f29   Thumb Code   254  can.o(i.HAL_CAN_MspInit)
    HAL_CAN_RxFifo0FullCallback              0x08001041   Thumb Code     2  stm32f4xx_hal_can.o(i.HAL_CAN_RxFifo0FullCallback)
    HAL_CAN_RxFifo0MsgPendingCallback        0x08001045   Thumb Code   118  main.o(i.HAL_CAN_RxFifo0MsgPendingCallback)
    HAL_CAN_RxFifo1FullCallback              0x080010d1   Thumb Code     2  stm32f4xx_hal_can.o(i.HAL_CAN_RxFifo1FullCallback)
    HAL_CAN_RxFifo1MsgPendingCallback        0x080010d3   Thumb Code     2  stm32f4xx_hal_can.o(i.HAL_CAN_RxFifo1MsgPendingCallback)
    HAL_CAN_SleepCallback                    0x080010d5   Thumb Code     2  stm32f4xx_hal_can.o(i.HAL_CAN_SleepCallback)
    HAL_CAN_Start                            0x080010d7   Thumb Code    86  stm32f4xx_hal_can.o(i.HAL_CAN_Start)
    HAL_CAN_TxMailbox0AbortCallback          0x0800112d   Thumb Code     2  stm32f4xx_hal_can.o(i.HAL_CAN_TxMailbox0AbortCallback)
    HAL_CAN_TxMailbox0CompleteCallback       0x0800112f   Thumb Code     2  stm32f4xx_hal_can.o(i.HAL_CAN_TxMailbox0CompleteCallback)
    HAL_CAN_TxMailbox1AbortCallback          0x08001131   Thumb Code     2  stm32f4xx_hal_can.o(i.HAL_CAN_TxMailbox1AbortCallback)
    HAL_CAN_TxMailbox1CompleteCallback       0x08001133   Thumb Code     2  stm32f4xx_hal_can.o(i.HAL_CAN_TxMailbox1CompleteCallback)
    HAL_CAN_TxMailbox2AbortCallback          0x08001135   Thumb Code     2  stm32f4xx_hal_can.o(i.HAL_CAN_TxMailbox2AbortCallback)
    HAL_CAN_TxMailbox2CompleteCallback       0x08001137   Thumb Code     2  stm32f4xx_hal_can.o(i.HAL_CAN_TxMailbox2CompleteCallback)
    HAL_CAN_WakeUpFromRxMsgCallback          0x08001139   Thumb Code     2  stm32f4xx_hal_can.o(i.HAL_CAN_WakeUpFromRxMsgCallback)
    HAL_DMA_Abort                            0x0800113b   Thumb Code   146  stm32f4xx_hal_dma.o(i.HAL_DMA_Abort)
    HAL_DMA_Abort_IT                         0x080011cd   Thumb Code    36  stm32f4xx_hal_dma.o(i.HAL_DMA_Abort_IT)
    HAL_DMA_IRQHandler                       0x080011f1   Thumb Code   412  stm32f4xx_hal_dma.o(i.HAL_DMA_IRQHandler)
    HAL_DMA_Init                             0x08001391   Thumb Code   206  stm32f4xx_hal_dma.o(i.HAL_DMA_Init)
    HAL_DMA_Start_IT                         0x08001465   Thumb Code   110  stm32f4xx_hal_dma.o(i.HAL_DMA_Start_IT)
    HAL_Delay                                0x080014d5   Thumb Code    32  stm32f4xx_hal.o(i.HAL_Delay)
    HAL_GPIO_Init                            0x080014f9   Thumb Code   418  stm32f4xx_hal_gpio.o(i.HAL_GPIO_Init)
    HAL_GPIO_WritePin                        0x080016c9   Thumb Code    10  stm32f4xx_hal_gpio.o(i.HAL_GPIO_WritePin)
    HAL_GetTick                              0x080016d5   Thumb Code     6  stm32f4xx_hal.o(i.HAL_GetTick)
    HAL_IncTick                              0x080016e1   Thumb Code    12  stm32f4xx_hal.o(i.HAL_IncTick)
    HAL_Init                                 0x080016f1   Thumb Code    48  stm32f4xx_hal.o(i.HAL_Init)
    HAL_InitTick                             0x08001725   Thumb Code    54  stm32f4xx_hal.o(i.HAL_InitTick)
    HAL_MspInit                              0x08001765   Thumb Code    42  stm32f4xx_hal_msp.o(i.HAL_MspInit)
    HAL_NVIC_EnableIRQ                       0x08001795   Thumb Code    26  stm32f4xx_hal_cortex.o(i.HAL_NVIC_EnableIRQ)
    HAL_NVIC_SetPriority                     0x080017b1   Thumb Code    60  stm32f4xx_hal_cortex.o(i.HAL_NVIC_SetPriority)
    HAL_NVIC_SetPriorityGrouping             0x080017f1   Thumb Code    26  stm32f4xx_hal_cortex.o(i.HAL_NVIC_SetPriorityGrouping)
    HAL_RCC_ClockConfig                      0x08001815   Thumb Code   288  stm32f4xx_hal_rcc.o(i.HAL_RCC_ClockConfig)
    HAL_RCC_GetPCLK1Freq                     0x08001949   Thumb Code    20  stm32f4xx_hal_rcc.o(i.HAL_RCC_GetPCLK1Freq)
    HAL_RCC_GetPCLK2Freq                     0x08001969   Thumb Code    20  stm32f4xx_hal_rcc.o(i.HAL_RCC_GetPCLK2Freq)
    HAL_RCC_GetSysClockFreq                  0x08001989   Thumb Code    88  stm32f4xx_hal_rcc.o(i.HAL_RCC_GetSysClockFreq)
    HAL_RCC_OscConfig                        0x080019ed   Thumb Code   836  stm32f4xx_hal_rcc.o(i.HAL_RCC_OscConfig)
    HAL_SYSTICK_Config                       0x08001d45   Thumb Code    40  stm32f4xx_hal_cortex.o(i.HAL_SYSTICK_Config)
    HAL_TIMEx_BreakCallback                  0x08001d6d   Thumb Code     2  stm32f4xx_hal_tim_ex.o(i.HAL_TIMEx_BreakCallback)
    HAL_TIMEx_CommutCallback                 0x08001d6f   Thumb Code     2  stm32f4xx_hal_tim_ex.o(i.HAL_TIMEx_CommutCallback)
    HAL_TIMEx_MasterConfigSynchronization    0x08001d71   Thumb Code   116  stm32f4xx_hal_tim_ex.o(i.HAL_TIMEx_MasterConfigSynchronization)
    HAL_TIM_Base_Init                        0x08001e01   Thumb Code    90  stm32f4xx_hal_tim.o(i.HAL_TIM_Base_Init)
    HAL_TIM_Base_MspInit                     0x08001e5d   Thumb Code   122  tim.o(i.HAL_TIM_Base_MspInit)
    HAL_TIM_Base_Start_IT                    0x08001ee9   Thumb Code   100  stm32f4xx_hal_tim.o(i.HAL_TIM_Base_Start_IT)
    HAL_TIM_ConfigClockSource                0x08001f69   Thumb Code   220  stm32f4xx_hal_tim.o(i.HAL_TIM_ConfigClockSource)
    HAL_TIM_IC_CaptureCallback               0x08002045   Thumb Code     2  stm32f4xx_hal_tim.o(i.HAL_TIM_IC_CaptureCallback)
    HAL_TIM_IRQHandler                       0x08002047   Thumb Code   304  stm32f4xx_hal_tim.o(i.HAL_TIM_IRQHandler)
    HAL_TIM_OC_DelayElapsedCallback          0x08002177   Thumb Code     2  stm32f4xx_hal_tim.o(i.HAL_TIM_OC_DelayElapsedCallback)
    HAL_TIM_PWM_PulseFinishedCallback        0x08002179   Thumb Code     2  stm32f4xx_hal_tim.o(i.HAL_TIM_PWM_PulseFinishedCallback)
    HAL_TIM_PeriodElapsedCallback            0x0800217d   Thumb Code  3086  main.o(i.HAL_TIM_PeriodElapsedCallback)
    HAL_TIM_TriggerCallback                  0x08002dd1   Thumb Code     2  stm32f4xx_hal_tim.o(i.HAL_TIM_TriggerCallback)
    HAL_UARTEx_ReceiveToIdle_IT              0x08002dd3   Thumb Code    86  stm32f4xx_hal_uart.o(i.HAL_UARTEx_ReceiveToIdle_IT)
    HAL_UARTEx_RxEventCallback               0x08002e29   Thumb Code    56  main.o(i.HAL_UARTEx_RxEventCallback)
    HAL_UART_ErrorCallback                   0x08002e6d   Thumb Code     2  stm32f4xx_hal_uart.o(i.HAL_UART_ErrorCallback)
    HAL_UART_IRQHandler                      0x08002e71   Thumb Code   618  stm32f4xx_hal_uart.o(i.HAL_UART_IRQHandler)
    HAL_UART_Init                            0x080030e1   Thumb Code   100  stm32f4xx_hal_uart.o(i.HAL_UART_Init)
    HAL_UART_MspInit                         0x08003145   Thumb Code   494  usart.o(i.HAL_UART_MspInit)
    HAL_UART_Receive_DMA                     0x08003361   Thumb Code    28  stm32f4xx_hal_uart.o(i.HAL_UART_Receive_DMA)
    HAL_UART_Receive_IT                      0x0800337d   Thumb Code    28  stm32f4xx_hal_uart.o(i.HAL_UART_Receive_IT)
    HAL_UART_RxCpltCallback                  0x08003399   Thumb Code     4  main.o(i.HAL_UART_RxCpltCallback)
    HAL_UART_RxHalfCpltCallback              0x0800339d   Thumb Code     2  stm32f4xx_hal_uart.o(i.HAL_UART_RxHalfCpltCallback)
    HAL_UART_Transmit_DMA                    0x080033a1   Thumb Code   110  stm32f4xx_hal_uart.o(i.HAL_UART_Transmit_DMA)
    HAL_UART_Transmit_IT                     0x0800341d   Thumb Code    50  stm32f4xx_hal_uart.o(i.HAL_UART_Transmit_IT)
    HAL_UART_TxCpltCallback                  0x0800344f   Thumb Code     2  stm32f4xx_hal_uart.o(i.HAL_UART_TxCpltCallback)
    HAL_UART_TxHalfCpltCallback              0x08003451   Thumb Code     2  stm32f4xx_hal_uart.o(i.HAL_UART_TxHalfCpltCallback)
    HardFault_Handler                        0x08003453   Thumb Code     2  stm32f4xx_it.o(i.HardFault_Handler)
    MX_CAN1_Init                             0x08003455   Thumb Code    60  can.o(i.MX_CAN1_Init)
    MX_CAN2_Init                             0x08003499   Thumb Code    60  can.o(i.MX_CAN2_Init)
    MX_DMA_Init                              0x080034dd   Thumb Code    88  dma.o(i.MX_DMA_Init)
    MX_GPIO_Init                             0x08003539   Thumb Code   150  gpio.o(i.MX_GPIO_Init)
    MX_TIM5_Init                             0x080035d9   Thumb Code    96  tim.o(i.MX_TIM5_Init)
    MX_TIM6_Init                             0x08003641   Thumb Code    62  tim.o(i.MX_TIM6_Init)
    MX_TIM7_Init                             0x08003689   Thumb Code    62  tim.o(i.MX_TIM7_Init)
    MX_USART1_UART_Init                      0x080036d1   Thumb Code    48  usart.o(i.MX_USART1_UART_Init)
    MX_USART3_UART_Init                      0x08003709   Thumb Code    54  usart.o(i.MX_USART3_UART_Init)
    MX_USART6_UART_Init                      0x0800374d   Thumb Code    48  usart.o(i.MX_USART6_UART_Init)
    MemManage_Handler                        0x08003785   Thumb Code     2  stm32f4xx_it.o(i.MemManage_Handler)
    NMI_Handler                              0x08003787   Thumb Code     2  stm32f4xx_it.o(i.NMI_Handler)
    PendSV_Handler                           0x08003789   Thumb Code     2  stm32f4xx_it.o(i.PendSV_Handler)
    SVC_Handler                              0x0800378b   Thumb Code     2  stm32f4xx_it.o(i.SVC_Handler)
    SysTick_Handler                          0x0800378d   Thumb Code     4  stm32f4xx_it.o(i.SysTick_Handler)
    SystemInit                               0x08003791   Thumb Code    12  system_stm32f4xx.o(i.SystemInit)
    TIM5_IRQHandler                          0x080037a1   Thumb Code     6  stm32f4xx_it.o(i.TIM5_IRQHandler)
    TIM6_DAC_IRQHandler                      0x080037ad   Thumb Code     6  stm32f4xx_it.o(i.TIM6_DAC_IRQHandler)
    TIM7_IRQHandler                          0x080037b9   Thumb Code     6  stm32f4xx_it.o(i.TIM7_IRQHandler)
    TIM_Base_SetConfig                       0x080037c5   Thumb Code   170  stm32f4xx_hal_tim.o(i.TIM_Base_SetConfig)
    TIM_ETR_SetConfig                        0x0800389d   Thumb Code    20  stm32f4xx_hal_tim.o(i.TIM_ETR_SetConfig)
    UART_Start_Receive_DMA                   0x08003c89   Thumb Code   134  stm32f4xx_hal_uart.o(i.UART_Start_Receive_DMA)
    UART_Start_Receive_IT                    0x08003d1d   Thumb Code    54  stm32f4xx_hal_uart.o(i.UART_Start_Receive_IT)
    USART1_IRQHandler                        0x08003d55   Thumb Code     6  stm32f4xx_it.o(i.USART1_IRQHandler)
    USART3_IRQHandler                        0x08003d61   Thumb Code     6  stm32f4xx_it.o(i.USART3_IRQHandler)
    USART6_IRQHandler                        0x08003d6d   Thumb Code     6  stm32f4xx_it.o(i.USART6_IRQHandler)
    UsageFault_Handler                       0x08003d79   Thumb Code     2  stm32f4xx_it.o(i.UsageFault_Handler)
    set_mcl_of(int, bool)                    0x08003d7d   Thumb Code    88  main.o(i._Z10set_mcl_ofib)
    RM_Can_Init()                            0x08003ded   Thumb Code    38  main.o(i._Z11RM_Can_Initv)
    RM_Can_Send(CAN_HandleTypeDef*, unsigned, unsigned char*, unsigned) 0x08003e1d   Thumb Code    34  main.o(i._Z11RM_Can_SendP17CAN_HandleTypeDefjPhj)
    Send_DM_CAN()                            0x08003e41   Thumb Code    12  main.o(i._Z11Send_DM_CANv)
    Send_3508_CAN()                          0x08003e55   Thumb Code    12  main.o(i._Z13Send_3508_CANv)
    Send_6020_CAN()                          0x08003e69   Thumb Code    14  main.o(i._Z13Send_6020_CANv)
    float_to_uint(float, float, float, int)  0x08003e81   Thumb Code    40  main.o(i._Z13float_to_uintfffi)
    darw_graphic_ui()                        0x08003ea9   Thumb Code   712  main.o(i._Z15darw_graphic_uiv)
    Total_tasks_Init()                       0x080041e1   Thumb Code   110  main.o(i._Z16Total_tasks_Initv)
    RM_CAN_Filter_Init()                     0x08004261   Thumb Code    56  main.o(i._Z18RM_CAN_Filter_Initv)
    SystemClock_Config()                     0x080042a1   Thumb Code   140  main.o(i._Z18SystemClock_Configv)
    GET_Motor_ID_ADDRESS_BIND_(RM_Motor*, int) 0x08004335   Thumb Code    30  main.o(i._Z26GET_Motor_ID_ADDRESS_BIND_P8RM_Motori)
    darw_graphic_static_ui_init()            0x08004355   Thumb Code  1908  main.o(i._Z27darw_graphic_static_ui_initv)
    setMSD(Motor_send_data_t*, short, int)   0x08004b2d   Thumb Code    14  main.o(i._Z6setMSDP17Motor_send_data_tsi)
    set_gy_v(int, float)                     0x08004b3d   Thumb Code   124  main.o(i._Z8set_gy_vif)
    set_yd_v(int, float)                     0x08004bcd   Thumb Code   124  main.o(i._Z8set_yd_vif)
    set_bp_of(int, bool)                     0x08004c5d   Thumb Code    88  main.o(i._Z9set_bp_ofib)
    set_cm_of(int, bool)                     0x08004ccd   Thumb Code    88  main.o(i._Z9set_cm_ofib)
    RM_Clicker::Init()                       0x08004d3d   Thumb Code    10  main.o(i._ZN10RM_Clicker4InitEv)
    RM_Clicker::ParseData()                  0x08004d51   Thumb Code   146  main.o(i._ZN10RM_Clicker9ParseDataEv)
    TD_quadratic::td_quadratic(float, bool)  0x08004de9   Thumb Code   428  main.o(i._ZN12TD_quadratic12td_quadraticEfb)
    TD_quadratic::TD_quadratic(float, float, float, unsigned char) 0x08004fb1   Thumb Code    16  main.o(i._ZN12TD_quadraticC1Efffh)
    TD_quadratic::TD_quadratic__sub_object(float, float, float, unsigned char) 0x08004fb1   Thumb Code     0  main.o(i._ZN12TD_quadraticC1Efffh)
    NonLinear_Fun::Fsg_Fun(float, float)     0x08004fc1   Thumb Code    52  main.o(i._ZN13NonLinear_Fun7Fsg_FunEff)
    NonLinear_Fun::Fhan_Fun(float, float, float, float) 0x08004ffd   Thumb Code   430  main.o(i._ZN13NonLinear_Fun8Fhan_FunEffff)
    NonLinear_Fun::Fign_Fun(float)           0x080051c9   Thumb Code    34  main.o(i._ZN13NonLinear_Fun8Fign_FunEf)
    RM_StaticTime::ISDir(unsigned)           0x080051eb   Thumb Code    26  main.o(i._ZN13RM_StaticTime5ISDirEj)
    RM_StaticTime::ISOne(unsigned)           0x08005205   Thumb Code    42  main.o(i._ZN13RM_StaticTime5ISOneEj)
    LADRC_quadratic::eso_quadratic(float, unsigned char) 0x08005231   Thumb Code   306  main.o(i._ZN15LADRC_quadratic13eso_quadraticEfh)
    LADRC_quadratic::sef_controller(unsigned char) 0x0800536d   Thumb Code   390  main.o(i._ZN15LADRC_quadratic14sef_controllerEh)
    LADRC_quadratic::up_data(float, float, unsigned char, bool) 0x08005501   Thumb Code    50  main.o(i._ZN15LADRC_quadratic7up_dataEffhb)
    LADRC_quadratic::LADRC_quadratic(TD_quadratic, float, float, float, float, float, float) 0x08005533   Thumb Code    92  main.o(i._ZN15LADRC_quadraticC1E12TD_quadraticffffff)
    LADRC_quadratic::LADRC_quadratic__sub_object(TD_quadratic, float, float, float, float, float, float) 0x08005533   Thumb Code     0  main.o(i._ZN15LADRC_quadraticC1E12TD_quadraticffffff)
    SteeringWheel_t::UpData(float, float, float, float) 0x08005591   Thumb Code   454  main.o(i._ZN15SteeringWheel_t6UpDataEffff)
    RM_RefereeSystem::RM_RefereeSystemDir()  0x08005779   Thumb Code    42  rm_refereesystem.o(i._ZN16RM_RefereeSystem19RM_RefereeSystemDirEv)
    RM_RefereeSystem::RM_RefereeSystemInit() 0x080057a9   Thumb Code    10  rm_refereesystem.o(i._ZN16RM_RefereeSystem20RM_RefereeSystemInitEv)
    RM_RefereeSystem::RM_RefereeSystemParse(__UART_HandleTypeDef*) 0x080057bd   Thumb Code    44  rm_refereesystem.o(i._ZN16RM_RefereeSystem21RM_RefereeSystemParseEP20__UART_HandleTypeDef)
    RM_RefereeSystem::RM_RefereeSystemDelete(char, char) 0x080057f1   Thumb Code   152  rm_refereesystem.o(i._ZN16RM_RefereeSystem22RM_RefereeSystemDeleteEcc)
    RM_RefereeSystem::RM_RefereeSystemSetInt(char*, unsigned, int, unsigned, unsigned) 0x08005891   Thumb Code   194  rm_refereesystem.o(i._ZN16RM_RefereeSystem22RM_RefereeSystemSetIntEPcjijj)
    RM_RefereeSystem::RM_RefereeSystemSetStr(char*, unsigned, char*, unsigned, unsigned) 0x08005959   Thumb Code   182  rm_refereesystem.o(i._ZN16RM_RefereeSystem22RM_RefereeSystemSetStrEPcjS0_jj)
    RM_RefereeSystem::RM_RefereeSystemClsToop() 0x08005a15   Thumb Code    14  rm_refereesystem.o(i._ZN16RM_RefereeSystem23RM_RefereeSystemClsToopEv)
    RM_RefereeSystem::RM_RefereeSystemGetData(unsigned char) 0x08005a29   Thumb Code    56  rm_refereesystem.o(i._ZN16RM_RefereeSystem23RM_RefereeSystemGetDataEh)
    RM_RefereeSystem::RM_RefereeSystemSendStr(RM_RefereeSystem::ext_client_custom_character_t) 0x08005a69   Thumb Code   172  rm_refereesystem.o(i._ZN16RM_RefereeSystem23RM_RefereeSystemSendStrENS_29ext_client_custom_character_tE)
    RM_RefereeSystem::RM_RefereeSystemSetLine(char*, unsigned, unsigned, unsigned, unsigned, unsigned) 0x08005b1d   Thumb Code   154  rm_refereesystem.o(i._ZN16RM_RefereeSystem23RM_RefereeSystemSetLineEPcjjjjj)
    RM_RefereeSystem::RM_RefereeSystemSetArced(char*, unsigned, unsigned, unsigned, unsigned, unsigned, unsigned, unsigned) 0x08005bbd   Thumb Code   184  rm_refereesystem.o(i._ZN16RM_RefereeSystem24RM_RefereeSystemSetArcedEPcjjjjjjj)
    RM_RefereeSystem::RM_RefereeSystemSetColor(int) 0x08005c79   Thumb Code     6  rm_refereesystem.o(i._ZN16RM_RefereeSystem24RM_RefereeSystemSetColorEi)
    RM_RefereeSystem::RM_RefereeSystemSetWidth(int) 0x08005c85   Thumb Code     6  rm_refereesystem.o(i._ZN16RM_RefereeSystem24RM_RefereeSystemSetWidthEi)
    RM_RefereeSystem::RM_RefereeSystemParseData(unsigned char*, int) 0x08005c91   Thumb Code   160  rm_refereesystem.o(i._ZN16RM_RefereeSystem25RM_RefereeSystemParseDataEPhi)
    RM_RefereeSystem::RM_RefereeSystemSendDataN(const RM_RefereeSystem::graphic_data_struct_t*, int) 0x08005d39   Thumb Code   248  rm_refereesystem.o(i._ZN16RM_RefereeSystem25RM_RefereeSystemSendDataNEPKNS_21graphic_data_struct_tEi)
    RM_RefereeSystem::RM_RefereeSystemSetCircle(char*, unsigned, unsigned, unsigned, unsigned) 0x08005e39   Thumb Code   140  rm_refereesystem.o(i._ZN16RM_RefereeSystem25RM_RefereeSystemSetCircleEPcjjjj)
    RM_RefereeSystem::RM_RefereeSystemGetRobotId() 0x08005ec9   Thumb Code   118  rm_refereesystem.o(i._ZN16RM_RefereeSystem26RM_RefereeSystemGetRobotIdEv)
    RM_RefereeSystem::RM_RefereeSystemSetRectangle(char*, unsigned, unsigned, unsigned, unsigned, unsigned) 0x08005f45   Thumb Code   156  rm_refereesystem.o(i._ZN16RM_RefereeSystem28RM_RefereeSystemSetRectangleEPcjjjjj)
    RM_RefereeSystem::RM_RefereeSystemSetStringSize(int) 0x08005fe5   Thumb Code     6  rm_refereesystem.o(i._ZN16RM_RefereeSystem29RM_RefereeSystemSetStringSizeEi)
    RM_RefereeSystem::RM_RefereeSystemSetOperateTpye(int) 0x08005ff1   Thumb Code     6  rm_refereesystem.o(i._ZN16RM_RefereeSystem30RM_RefereeSystemSetOperateTpyeEi)
    SEND_GRAPHIC_QUEUE::add(RM_RefereeSystem::graphic_data_struct_t) 0x08005ffd   Thumb Code    44  main.o(i._ZN18SEND_GRAPHIC_QUEUE3addEN16RM_RefereeSystem21graphic_data_struct_tE)
    SEND_GRAPHIC_QUEUE::send()               0x08006029   Thumb Code   176  main.o(i._ZN18SEND_GRAPHIC_QUEUE4sendEv)
    SEND_GRAPHIC_QUEUE::add_wz(RM_RefereeSystem::ext_client_custom_character_t) 0x080060dd   Thumb Code    52  main.o(i._ZN18SEND_GRAPHIC_QUEUE6add_wzEN16RM_RefereeSystem29ext_client_custom_character_tE)
    RM_RefereeSystemCRC::Get_CRC8_Check_Sum(unsigned char*, unsigned, unsigned char) 0x08006111   Thumb Code    22  rm_refereesystemcrc.o(i._ZN19RM_RefereeSystemCRC18Get_CRC8_Check_SumEPhjh)
    RM_RefereeSystemCRC::Get_CRC16_Check_Sum(unsigned char*, unsigned, unsigned short) 0x0800612d   Thumb Code    38  rm_refereesystemcrc.o(i._ZN19RM_RefereeSystemCRC19Get_CRC16_Check_SumEPhjt)
    RM_RefereeSystemCRC::Append_CRC8_Check_Sum(unsigned char*, unsigned) 0x08006159   Thumb Code    28  rm_refereesystemcrc.o(i._ZN19RM_RefereeSystemCRC21Append_CRC8_Check_SumEPhj)
    RM_RefereeSystemCRC::Verify_CRC8_Check_Sum(unsigned char*, unsigned) 0x08006175   Thumb Code    38  rm_refereesystemcrc.o(i._ZN19RM_RefereeSystemCRC21Verify_CRC8_Check_SumEPhj)
    RM_RefereeSystemCRC::Append_CRC16_Check_Sum(unsigned char*, unsigned) 0x0800619d   Thumb Code    36  rm_refereesystemcrc.o(i._ZN19RM_RefereeSystemCRC22Append_CRC16_Check_SumEPhj)
    RM_RefereeSystemCRC::Verify_CRC16_Check_Sum(unsigned char*, unsigned) 0x080061c5   Thumb Code    54  rm_refereesystemcrc.o(i._ZN19RM_RefereeSystemCRC22Verify_CRC16_Check_SumEPhj)
    DM::ctrl_motor(float, float, float, float, float) 0x08006201   Thumb Code   148  main.o(i._ZN2DM10ctrl_motorEfffff)
    UDE::UpData(double, double, double, double, double, double) 0x080062a5   Thumb Code   302  main.o(i._ZN3UDE6UpDataEdddddd)
    RM_Key::UpKey(bool)                      0x080063f5   Thumb Code    34  main.o(i._ZN6RM_Key5UpKeyEb)
    RM_PID::GetPidPos(Kpid_t, double, double, double) 0x08006419   Thumb Code   380  main.o(i._ZN6RM_PID9GetPidPosE6Kpid_tddd)
    RM_PID::RM_PID()                         0x0800659d   Thumb Code    34  main.o(i._ZN6RM_PIDC1Ev)
    RM_PID::RM_PID__sub_object()             0x0800659d   Thumb Code     0  main.o(i._ZN6RM_PIDC1Ev)
    Motor_t::Motor_t()                       0x080065cd   Thumb Code    32  main.o(i._ZN7Motor_tC1Ev)
    Motor_t::Motor_t__sub_object()           0x080065cd   Thumb Code     0  main.o(i._ZN7Motor_tC1Ev)
    RM_PM01::PM01SendFun()                   0x080065ed   Thumb Code   216  main.o(i._ZN7RM_PM0111PM01SendFunEv)
    RM_PM01::PM01SendData(unsigned, unsigned short) 0x080066e1   Thumb Code    46  main.o(i._ZN7RM_PM0112PM01SendDataEjt)
    RM_PM01::PM01SendRemote(unsigned)        0x08006715   Thumb Code    32  main.o(i._ZN7RM_PM0114PM01SendRemoteEj)
    RM_PM01::PM01Parse(CAN_RxHeaderTypeDef, unsigned char*) 0x08006739   Thumb Code   236  main.o(i._ZN7RM_PM019PM01ParseE19CAN_RxHeaderTypeDefPh)
    RM_Motor::MinPosHelm(float, float, float*, float, float) 0x0800682d   Thumb Code   432  main.o(i._ZN8RM_Motor10MinPosHelmEffPfff)
    RM_Motor::GetMotorDataPos(short)         0x080069ed   Thumb Code    28  main.o(i._ZN8RM_Motor15GetMotorDataPosEs)
    RM_Motor::GetMotorDataSpeed(short)       0x08006a09   Thumb Code    28  main.o(i._ZN8RM_Motor17GetMotorDataSpeedEs)
    RM_Motor::Zero_crossing_processing(float, float, float) 0x08006a25   Thumb Code   226  main.o(i._ZN8RM_Motor24Zero_crossing_processingEfff)
    RM_Motor::Parse(CAN_RxHeaderTypeDef, unsigned char*) 0x08006b11   Thumb Code   276  main.o(i._ZN8RM_Motor5ParseE19CAN_RxHeaderTypeDefPh)
    RM_Motor::RM_Motor(short, unsigned char, Motor_t*, unsigned char*) 0x08006c25   Thumb Code    98  main.o(i._ZN8RM_MotorC1EshP7Motor_tPh)
    RM_Motor::RM_Motor__sub_object(short, unsigned char, Motor_t*, unsigned char*) 0x08006c25   Thumb Code     0  main.o(i._ZN8RM_MotorC1EshP7Motor_tPh)
    std::fabs(float)                         0x08006c87   Thumb Code     6  main.o(i._ZSt4fabsf)
    std::fmod(float, float)                  0x08006c8d   Thumb Code     4  main.o(i._ZSt4fmodff)
    std::sqrt(float)                         0x08006c91   Thumb Code     4  main.o(i._ZSt4sqrtf)
    std::atan2(float, float)                 0x08006c95   Thumb Code     4  main.o(i._ZSt5atan2ff)
    __ARM_fpclassify                         0x08006c99   Thumb Code    48  fpclassify.o(i.__ARM_fpclassify)
    __ARM_fpclassifyf                        0x08006cc9   Thumb Code    38  fpclassifyf.o(i.__ARM_fpclassifyf)
    __aeabi_vec_ctor_nocookie_nodtor         0x08006d0f   Thumb Code    36  aeabi_vec_ctor_nocookie_nodtor.o(i.__aeabi_vec_ctor_nocookie_nodtor)
    __hardfp_asin                            0x08006d39   Thumb Code   770  asin.o(i.__hardfp_asin)
    __hardfp_atan2f                          0x08007099   Thumb Code   594  atan2f.o(i.__hardfp_atan2f)
    __hardfp_cosf                            0x08007345   Thumb Code   280  cosf.o(i.__hardfp_cosf)
    __hardfp_fabs                            0x08007495   Thumb Code    20  fabs.o(i.__hardfp_fabs)
    __hardfp_fmodf                           0x080074a9   Thumb Code   176  fmodf.o(i.__hardfp_fmodf)
    __hardfp_sinf                            0x08007559   Thumb Code   344  sinf.o(i.__hardfp_sinf)
    __hardfp_sqrtf                           0x080076e9   Thumb Code    58  sqrtf.o(i.__hardfp_sqrtf)
    __kernel_poly                            0x08007723   Thumb Code   248  poly.o(i.__kernel_poly)
    __mathlib_dbl_infnan                     0x0800781b   Thumb Code    20  dunder.o(i.__mathlib_dbl_infnan)
    __mathlib_dbl_invalid                    0x08007831   Thumb Code    24  dunder.o(i.__mathlib_dbl_invalid)
    __mathlib_dbl_underflow                  0x08007851   Thumb Code    24  dunder.o(i.__mathlib_dbl_underflow)
    __mathlib_flt_infnan                     0x08007871   Thumb Code     6  funder.o(i.__mathlib_flt_infnan)
    __mathlib_flt_infnan2                    0x08007877   Thumb Code     6  funder.o(i.__mathlib_flt_infnan2)
    __mathlib_flt_invalid                    0x0800787d   Thumb Code    10  funder.o(i.__mathlib_flt_invalid)
    __mathlib_flt_underflow                  0x0800788d   Thumb Code    10  funder.o(i.__mathlib_flt_underflow)
    __mathlib_rredf2                         0x0800789d   Thumb Code   316  rredf.o(i.__mathlib_rredf2)
    fabs                                     0x08007dad   Thumb Code    24  fabs.o(i.fabs)
    main                                     0x08007dc5   Thumb Code   292  main.o(i.main)
    sqrt                                     0x08007f21   Thumb Code   110  sqrt.o(i.sqrt)
    __aeabi_dneg                             0x08007f8f   Thumb Code     0  basic.o(x$fpl$basic)
    _dneg                                    0x08007f8f   Thumb Code     6  basic.o(x$fpl$basic)
    __aeabi_fneg                             0x08007f95   Thumb Code     0  basic.o(x$fpl$basic)
    _fneg                                    0x08007f95   Thumb Code     6  basic.o(x$fpl$basic)
    _dabs                                    0x08007f9b   Thumb Code     6  basic.o(x$fpl$basic)
    _fabs                                    0x08007fa1   Thumb Code     6  basic.o(x$fpl$basic)
    __aeabi_d2f                              0x08007fa9   Thumb Code     0  d2f.o(x$fpl$d2f)
    _d2f                                     0x08007fa9   Thumb Code    98  d2f.o(x$fpl$d2f)
    __aeabi_dadd                             0x0800800d   Thumb Code     0  daddsub_clz.o(x$fpl$dadd)
    _dadd                                    0x0800800d   Thumb Code   332  daddsub_clz.o(x$fpl$dadd)
    __fpl_dcmp_Inf                           0x0800815d   Thumb Code    24  dcmpi.o(x$fpl$dcmpinf)
    __aeabi_ddiv                             0x08008175   Thumb Code     0  ddiv.o(x$fpl$ddiv)
    _ddiv                                    0x08008175   Thumb Code   552  ddiv.o(x$fpl$ddiv)
    __aeabi_cdcmpeq                          0x08008425   Thumb Code     0  deqf.o(x$fpl$deqf)
    _dcmpeq                                  0x08008425   Thumb Code   120  deqf.o(x$fpl$deqf)
    __aeabi_d2iz                             0x0800849d   Thumb Code     0  dfix.o(x$fpl$dfix)
    _dfix                                    0x0800849d   Thumb Code    94  dfix.o(x$fpl$dfix)
    __aeabi_i2d                              0x080084fb   Thumb Code     0  dflt_clz.o(x$fpl$dflt)
    _dflt                                    0x080084fb   Thumb Code    46  dflt_clz.o(x$fpl$dflt)
    __aeabi_cdcmple                          0x08008529   Thumb Code     0  dleqf.o(x$fpl$dleqf)
    _dcmple                                  0x08008529   Thumb Code   120  dleqf.o(x$fpl$dleqf)
    __fpl_dcmple_InfNaN                      0x0800858b   Thumb Code     0  dleqf.o(x$fpl$dleqf)
    __aeabi_dmul                             0x080085a1   Thumb Code     0  dmul.o(x$fpl$dmul)
    _dmul                                    0x080085a1   Thumb Code   332  dmul.o(x$fpl$dmul)
    __fpl_dnaninf                            0x080086f5   Thumb Code   156  dnaninf.o(x$fpl$dnaninf)
    __fpl_dretinf                            0x08008791   Thumb Code    12  dretinf.o(x$fpl$dretinf)
    __aeabi_cdrcmple                         0x0800879d   Thumb Code     0  drleqf.o(x$fpl$drleqf)
    _drcmple                                 0x0800879d   Thumb Code   108  drleqf.o(x$fpl$drleqf)
    __aeabi_drsub                            0x08008809   Thumb Code     0  daddsub_clz.o(x$fpl$drsb)
    _drsb                                    0x08008809   Thumb Code    22  daddsub_clz.o(x$fpl$drsb)
    _dsqrt                                   0x08008821   Thumb Code   404  dsqrt_umaal.o(x$fpl$dsqrt)
    __aeabi_dsub                             0x080089b9   Thumb Code     0  daddsub_clz.o(x$fpl$dsub)
    _dsub                                    0x080089b9   Thumb Code   464  daddsub_clz.o(x$fpl$dsub)
    __aeabi_f2d                              0x08008b8d   Thumb Code     0  f2d.o(x$fpl$f2d)
    _f2d                                     0x08008b8d   Thumb Code    86  f2d.o(x$fpl$f2d)
    __fpl_fnaninf                            0x08008be3   Thumb Code   140  fnaninf.o(x$fpl$fnaninf)
    _fp_init                                 0x08008c6f   Thumb Code    10  fpinit.o(x$fpl$fpinit)
    __fplib_config_fpu_vfp                   0x08008c77   Thumb Code     0  fpinit.o(x$fpl$fpinit)
    __fplib_config_pureend_doubles           0x08008c77   Thumb Code     0  fpinit.o(x$fpl$fpinit)
    _frem                                    0x08008c79   Thumb Code   240  frem_clz.o(x$fpl$frem)
    __fpl_fretinf                            0x08008d6d   Thumb Code    10  fretinf.o(x$fpl$fretinf)
    __I$use$fp                               0x08008d76   Number         0  usenofp.o(x$fpl$usenofp)
    AHBPrescTable                            0x080092d0   Data          16  system_stm32f4xx.o(.constdata)
    APBPrescTable                            0x080092e0   Data           8  system_stm32f4xx.o(.constdata)
    Region$$Table$$Base                      0x08009658   Number         0  anon$$obj.o(Region$$Table)
    Region$$Table$$Limit                     0x08009678   Number         0  anon$$obj.o(Region$$Table)
    SHT$$INIT_ARRAY$$Base                    0x08009678   Number         0  main.o(.init_array)
    SHT$$INIT_ARRAY$$Limit                   0x0800967c   Number         0  init_aeabi.o(.init_array)
    _Motor2006_ID_                           0x20000000   Data           1  main.o(.data)
    wwww                                     0x20000001   Data           1  main.o(.data)
    switch_sin                               0x20000002   Data           1  main.o(.data)
    dm_is_open                               0x20000005   Data           1  main.o(.data)
    dir                                      0x20000006   Data           1  main.o(.data)
    now_zx_v                                 0x20000007   Data           1  main.o(.data)
    last_zx_v                                0x20000008   Data           1  main.o(.data)
    is_up_ui                                 0x20000009   Data           1  main.o(.data)
    dianlu                                   0x2000000a   Data           2  main.o(.data)
    dianlupid                                0x2000000c   Data           2  main.o(.data)
    _Motor3508_ID_                           0x2000000e   Data           4  main.o(.data)
    _Motor6020_ID_                           0x20000012   Data           4  main.o(.data)
    cos_xita                                 0x20000018   Data           4  main.o(.data)
    sin_xita                                 0x2000001c   Data           4  main.o(.data)
    vw                                       0x20000020   Data           4  main.o(.data)
    kvw                                      0x20000024   Data           4  main.o(.data)
    vx                                       0x20000028   Data           4  main.o(.data)
    vy                                       0x2000002c   Data           4  main.o(.data)
    vxy_kvw                                  0x20000030   Data           4  main.o(.data)
    yaw_e_xita                               0x20000034   Data           4  main.o(.data)
    yaw_e_radian                             0x20000038   Data           4  main.o(.data)
    shift_vxy_zoom                           0x2000003c   Data           4  main.o(.data)
    sintt                                    0x20000040   Data           4  main.o(.data)
    sin_out                                  0x20000044   Data           4  main.o(.data)
    pitch_out                                0x20000048   Data           4  main.o(.data)
    yaw_out                                  0x2000004c   Data           4  main.o(.data)
    HZ                                       0x20000050   Data           4  main.o(.data)
    Send_ms                                  0x20000054   Data           4  main.o(.data)
    Ctrl_Key                                 0x20000058   Data           4  main.o(.data)
    MCL_Key                                  0x2000005c   Data           4  main.o(.data)
    CM_Key                                   0x20000060   Data           4  main.o(.data)
    BP_Key                                   0x20000064   Data           4  main.o(.data)
    e_vx                                     0x20000068   Data           4  main.o(.data)
    e_vy                                     0x2000006c   Data           4  main.o(.data)
    angle_ly                                 0x20000070   Data           4  main.o(.data)
    ly                                       0x20000074   Data           4  main.o(.data)
    NonLinear_Fun::fhan_d                    0x20000078   Data           4  main.o(.data)
    NonLinear_Fun::fhan_a0                   0x2000007c   Data           4  main.o(.data)
    NonLinear_Fun::fhan_y                    0x20000080   Data           4  main.o(.data)
    NonLinear_Fun::fhan_a1                   0x20000084   Data           4  main.o(.data)
    NonLinear_Fun::fhan_a2                   0x20000088   Data           4  main.o(.data)
    NonLinear_Fun::fhan_a                    0x2000008c   Data           4  main.o(.data)
    RxHeaderData                             0x20000090   Data           8  main.o(.data)
    RM_Clicker::dirTime                      0x20000098   Data           8  main.o(.data)
    msd_6020                                 0x200000a0   Data           8  main.o(.data)
    msd_3508_2006                            0x200000a8   Data           8  main.o(.data)
    Total_tasks_staticTime                   0x200000b0   Data           8  main.o(.data)
    darw_graphic_ui_time                     0x200000b8   Data           8  main.o(.data)
    uwTickFreq                               0x200000c4   Data           1  stm32f4xx_hal.o(.data)
    uwTickPrio                               0x200000c8   Data           4  stm32f4xx_hal.o(.data)
    uwTick                                   0x200000cc   Data           4  stm32f4xx_hal.o(.data)
    SystemCoreClock                          0x200000d0   Data           4  system_stm32f4xx.o(.data)
    RM_RefereeSystemCRC::CRC_INIT            0x200000d4   Data           2  rm_refereesystemcrc.o(.data)
    RM_RefereeSystemDirFlag                  0x200000d8   Data           1  rm_refereesystem.o(.data)
    RM_RefereeSystemp8Data                   0x200000d9   Data           1  rm_refereesystem.o(.data)
    dirTime                                  0x200000e4   Data           8  rm_refereesystem.o(.data)
    RM_RefereeSystemToop                     0x200000ec   Data          16  rm_refereesystem.o(.data)
    RM_RefereeSystem::rrrdata                0x200000fc   Data          20  rm_refereesystem.o(.data)
    _Motor2006_                              0x20000110   Data         680  main.o(.bss)
    _Motor3508_                              0x200003b8   Data        2720  main.o(.bss)
    _Motor6020_                              0x20000e58   Data        2720  main.o(.bss)
    isminmode                                0x200018f8   Data          32  main.o(.bss)
    RM_Clicker::RC_Ctl                       0x20001918   Data          22  main.o(.bss)
    RM_Clicker::pData                        0x2000192e   Data          18  main.o(.bss)
    Motor2006                                0x20001940   Data          16  main.o(.bss)
    Motor3508                                0x20001950   Data          16  main.o(.bss)
    Motor6020                                0x20001960   Data          16  main.o(.bss)
    pm01                                     0x20001970   Data          92  main.o(.bss)
    tar_AGV_angle                            0x200019cc   Data          16  main.o(.bss)
    tar_AGV_speed                            0x200019dc   Data          16  main.o(.bss)
    Zero_crossing                            0x200019ec   Data          16  main.o(.bss)
    AGV_wheel                                0x200019fc   Data          32  main.o(.bss)
    dm_yaw                                   0x20001a1c   Data          52  main.o(.bss)
    YAW_pid                                  0x20001a50   Data         160  main.o(.bss)
    YAW_pid_Init                             0x20001af0   Data          24  main.o(.bss)
    wheel                                    0x20001b08   Data          28  main.o(.bss)
    wheel_e                                  0x20001b24   Data          28  main.o(.bss)
    wheel_ladrc_left_1                       0x20001b40   Data         132  main.o(.bss)
    wheel_ladrc_left_2                       0x20001bc4   Data         132  main.o(.bss)
    wheel_ladrc_right_1                      0x20001c48   Data         132  main.o(.bss)
    wheel_ladrc_right_2                      0x20001ccc   Data         132  main.o(.bss)
    AGV_pid                                  0x20001d50   Data         640  main.o(.bss)
    ude_chassis                              0x20001fd0   Data         160  main.o(.bss)
    AGV_pid_Init                             0x20002070   Data          24  main.o(.bss)
    wheel_td_left_1                          0x20002088   Data          32  main.o(.bss)
    wheel_td_left_2                          0x200020a8   Data          32  main.o(.bss)
    wheel_td_right_1                         0x200020c8   Data          32  main.o(.bss)
    wheel_td_right_2                         0x200020e8   Data          32  main.o(.bss)
    td_vw                                    0x20002108   Data          32  main.o(.bss)
    td_vx                                    0x20002128   Data          32  main.o(.bss)
    td_vy                                    0x20002148   Data          32  main.o(.bss)
    td_zero                                  0x20002168   Data          32  main.o(.bss)
    Gimbal_to_Chassis_Data                   0x20002188   Data          92  main.o(.bss)
    dianlutd                                 0x200021e4   Data          32  main.o(.bss)
    lsd                                      0x20002208   Data         160  main.o(.bss)
    RxHeader                                 0x200022a8   Data          28  main.o(.bss)
    send_graphic_queue                       0x200022c4   Data        1654  main.o(.bss)
    hcan1                                    0x2000293c   Data          40  can.o(.bss)
    hcan2                                    0x20002964   Data          40  can.o(.bss)
    htim5                                    0x2000298c   Data          72  tim.o(.bss)
    htim6                                    0x200029d4   Data          72  tim.o(.bss)
    htim7                                    0x20002a1c   Data          72  tim.o(.bss)
    huart1                                   0x20002a64   Data          72  usart.o(.bss)
    huart3                                   0x20002aac   Data          72  usart.o(.bss)
    huart6                                   0x20002af4   Data          72  usart.o(.bss)
    hdma_usart1_tx                           0x20002b3c   Data          96  usart.o(.bss)
    hdma_usart1_rx                           0x20002b9c   Data          96  usart.o(.bss)
    hdma_usart6_tx                           0x20002bfc   Data          96  usart.o(.bss)
    hdma_usart6_rx                           0x20002c5c   Data          96  usart.o(.bss)
    RM_RefereeSystemData                     0x20002cbc   Data         120  rm_refereesystem.o(.bss)
    RM_RefereeSystemData01                   0x20002d34   Data         120  rm_refereesystem.o(.bss)
    ext_power_heat_data_0x0201               0x20002dac   Data          13  rm_refereesystem.o(.bss)
    ext_power_heat_data_0x0202               0x20002db9   Data          16  rm_refereesystem.o(.bss)
    map_command_0x0303                       0x20002dc9   Data          15  rm_refereesystem.o(.bss)
    tx_buf                                   0x20002dd8   Data         128  rm_refereesystem.o(.bss)
    __libspace_start                         0x20002e8c   Data          96  libspace.o(.bss)
    __temporary_stack_top$libspace           0x20002eec   Data           0  libspace.o(.bss)



==============================================================================

Memory Map of the image

  Image Entry point : 0x08000189

  Load Region LR_IROM1 (Base: 0x08000000, Size: 0x0000978c, Max: 0x00100000, ABSOLUTE)

    Execution Region ER_IROM1 (Exec base: 0x08000000, Load base: 0x08000000, Size: 0x0000967c, Max: 0x00100000, ABSOLUTE)

    Exec Addr    Load Addr    Size         Type   Attr      Idx    E Section Name        Object

    0x08000000   0x08000000   0x00000188   Data   RO            3    RESET               startup_stm32f407xx.o
    0x08000188   0x08000188   0x00000008   Code   RO         4556  * !!!main             c_w.l(__main.o)
    0x08000190   0x08000190   0x00000034   Code   RO         5128    !!!scatter          c_w.l(__scatter.o)
    0x080001c4   0x080001c4   0x0000001a   Code   RO         5130    !!handler_copy      c_w.l(__scatter_copy.o)
    0x080001de   0x080001de   0x00000002   PAD
    0x080001e0   0x080001e0   0x0000001c   Code   RO         5132    !!handler_zi        c_w.l(__scatter_zi.o)
    0x080001fc   0x080001fc   0x00000000   Code   RO         4543    .ARM.Collect$$_printf_percent$$00000000  c_w.l(_printf_percent.o)
    0x080001fc   0x080001fc   0x00000006   Code   RO         4541    .ARM.Collect$$_printf_percent$$00000009  c_w.l(_printf_d.o)
    0x08000202   0x08000202   0x00000004   Code   RO         4724    .ARM.Collect$$_printf_percent$$00000017  c_w.l(_printf_percent_end.o)
    0x08000206   0x08000206   0x00000002   Code   RO         4931    .ARM.Collect$$libinit$$00000000  c_w.l(libinit.o)
    0x08000208   0x08000208   0x00000004   Code   RO         4725    .ARM.Collect$$libinit$$00000001  c_w.l(libinit2.o)
    0x0800020c   0x0800020c   0x00000000   Code   RO         4728    .ARM.Collect$$libinit$$00000004  c_w.l(libinit2.o)
    0x0800020c   0x0800020c   0x00000000   Code   RO         4731    .ARM.Collect$$libinit$$0000000A  c_w.l(libinit2.o)
    0x0800020c   0x0800020c   0x00000000   Code   RO         4733    .ARM.Collect$$libinit$$0000000C  c_w.l(libinit2.o)
    0x0800020c   0x0800020c   0x00000000   Code   RO         4735    .ARM.Collect$$libinit$$0000000E  c_w.l(libinit2.o)
    0x0800020c   0x0800020c   0x00000000   Code   RO         4738    .ARM.Collect$$libinit$$00000011  c_w.l(libinit2.o)
    0x0800020c   0x0800020c   0x00000000   Code   RO         4740    .ARM.Collect$$libinit$$00000013  c_w.l(libinit2.o)
    0x0800020c   0x0800020c   0x00000000   Code   RO         4742    .ARM.Collect$$libinit$$00000015  c_w.l(libinit2.o)
    0x0800020c   0x0800020c   0x00000000   Code   RO         4744    .ARM.Collect$$libinit$$00000017  c_w.l(libinit2.o)
    0x0800020c   0x0800020c   0x00000000   Code   RO         4746    .ARM.Collect$$libinit$$00000019  c_w.l(libinit2.o)
    0x0800020c   0x0800020c   0x00000000   Code   RO         4748    .ARM.Collect$$libinit$$0000001B  c_w.l(libinit2.o)
    0x0800020c   0x0800020c   0x00000000   Code   RO         4750    .ARM.Collect$$libinit$$0000001D  c_w.l(libinit2.o)
    0x0800020c   0x0800020c   0x00000000   Code   RO         4752    .ARM.Collect$$libinit$$0000001F  c_w.l(libinit2.o)
    0x0800020c   0x0800020c   0x00000000   Code   RO         4754    .ARM.Collect$$libinit$$00000021  c_w.l(libinit2.o)
    0x0800020c   0x0800020c   0x00000000   Code   RO         4756    .ARM.Collect$$libinit$$00000023  c_w.l(libinit2.o)
    0x0800020c   0x0800020c   0x00000000   Code   RO         4758    .ARM.Collect$$libinit$$00000025  c_w.l(libinit2.o)
    0x0800020c   0x0800020c   0x00000000   Code   RO         4762    .ARM.Collect$$libinit$$0000002C  c_w.l(libinit2.o)
    0x0800020c   0x0800020c   0x00000000   Code   RO         4764    .ARM.Collect$$libinit$$0000002E  c_w.l(libinit2.o)
    0x0800020c   0x0800020c   0x00000000   Code   RO         4766    .ARM.Collect$$libinit$$00000030  c_w.l(libinit2.o)
    0x0800020c   0x0800020c   0x00000004   Code   RO         4767    .ARM.Collect$$libinit$$00000031  c_w.l(libinit2.o)
    0x08000210   0x08000210   0x00000000   Code   RO         4768    .ARM.Collect$$libinit$$00000032  c_w.l(libinit2.o)
    0x08000210   0x08000210   0x00000002   Code   RO         4769    .ARM.Collect$$libinit$$00000033  c_w.l(libinit2.o)
    0x08000212   0x08000212   0x00000002   Code   RO         5089    .ARM.Collect$$libshutdown$$00000000  c_w.l(libshutdown.o)
    0x08000214   0x08000214   0x00000000   Code   RO         5105    .ARM.Collect$$libshutdown$$00000002  c_w.l(libshutdown2.o)
    0x08000214   0x08000214   0x00000000   Code   RO         5107    .ARM.Collect$$libshutdown$$00000004  c_w.l(libshutdown2.o)
    0x08000214   0x08000214   0x00000000   Code   RO         5109    .ARM.Collect$$libshutdown$$00000006  c_w.l(libshutdown2.o)
    0x08000214   0x08000214   0x00000000   Code   RO         5112    .ARM.Collect$$libshutdown$$00000009  c_w.l(libshutdown2.o)
    0x08000214   0x08000214   0x00000000   Code   RO         5115    .ARM.Collect$$libshutdown$$0000000C  c_w.l(libshutdown2.o)
    0x08000214   0x08000214   0x00000000   Code   RO         5117    .ARM.Collect$$libshutdown$$0000000E  c_w.l(libshutdown2.o)
    0x08000214   0x08000214   0x00000000   Code   RO         5120    .ARM.Collect$$libshutdown$$00000011  c_w.l(libshutdown2.o)
    0x08000214   0x08000214   0x00000002   Code   RO         5121    .ARM.Collect$$libshutdown$$00000012  c_w.l(libshutdown2.o)
    0x08000216   0x08000216   0x00000000   Code   RO         4709    .ARM.Collect$$rtentry$$00000000  c_w.l(__rtentry.o)
    0x08000216   0x08000216   0x00000000   Code   RO         4840    .ARM.Collect$$rtentry$$00000002  c_w.l(__rtentry2.o)
    0x08000216   0x08000216   0x00000006   Code   RO         4852    .ARM.Collect$$rtentry$$00000004  c_w.l(__rtentry4.o)
    0x0800021c   0x0800021c   0x00000000   Code   RO         4842    .ARM.Collect$$rtentry$$00000009  c_w.l(__rtentry2.o)
    0x0800021c   0x0800021c   0x00000004   Code   RO         4843    .ARM.Collect$$rtentry$$0000000A  c_w.l(__rtentry2.o)
    0x08000220   0x08000220   0x00000000   Code   RO         4845    .ARM.Collect$$rtentry$$0000000C  c_w.l(__rtentry2.o)
    0x08000220   0x08000220   0x00000008   Code   RO         4846    .ARM.Collect$$rtentry$$0000000D  c_w.l(__rtentry2.o)
    0x08000228   0x08000228   0x00000002   Code   RO         4941    .ARM.Collect$$rtexit$$00000000  c_w.l(rtexit.o)
    0x0800022a   0x0800022a   0x00000000   Code   RO         5029    .ARM.Collect$$rtexit$$00000002  c_w.l(rtexit2.o)
    0x0800022a   0x0800022a   0x00000004   Code   RO         5030    .ARM.Collect$$rtexit$$00000003  c_w.l(rtexit2.o)
    0x0800022e   0x0800022e   0x00000006   Code   RO         5031    .ARM.Collect$$rtexit$$00000004  c_w.l(rtexit2.o)
    0x08000234   0x08000234   0x00000040   Code   RO            4    .text               startup_stm32f407xx.o
    0x08000274   0x08000274   0x000000ee   Code   RO         4511    .text               c_w.l(lludivv7m.o)
    0x08000362   0x08000362   0x00000002   PAD
    0x08000364   0x08000364   0x00000028   Code   RO         4515    .text               c_w.l(noretval__2sprintf.o)
    0x0800038c   0x0800038c   0x00000068   Code   RO         4517    .text               c_w.l(__printf.o)
    0x080003f4   0x080003f4   0x00000078   Code   RO         4519    .text               c_w.l(_printf_dec.o)
    0x0800046c   0x0800046c   0x0000003e   Code   RO         4544    .text               c_w.l(strlen.o)
    0x080004aa   0x080004aa   0x0000008a   Code   RO         4546    .text               c_w.l(rt_memcpy_v6.o)
    0x08000534   0x08000534   0x00000064   Code   RO         4548    .text               c_w.l(rt_memcpy_w.o)
    0x08000598   0x08000598   0x00000044   Code   RO         4550    .text               c_w.l(rt_memclr.o)
    0x080005dc   0x080005dc   0x0000004e   Code   RO         4552    .text               c_w.l(rt_memclr_w.o)
    0x0800062a   0x0800062a   0x00000006   Code   RO         4554    .text               c_w.l(heapauxi.o)
    0x08000630   0x08000630   0x00000024   Code   RO         4561    .text               c_w.l(init_aeabi.o)
    0x08000654   0x08000654   0x00000016   Code   RO         4714    .text               c_w.l(_rserrno.o)
    0x0800066a   0x0800066a   0x000000b2   Code   RO         4716    .text               c_w.l(_printf_intcommon.o)
    0x0800071c   0x0800071c   0x00000030   Code   RO         4720    .text               c_w.l(_printf_char_common.o)
    0x0800074c   0x0800074c   0x0000000a   Code   RO         4722    .text               c_w.l(_sputc.o)
    0x08000756   0x08000756   0x00000002   PAD
    0x08000758   0x08000758   0x00000008   Code   RO         4864    .text               c_w.l(rt_errno_addr_intlibspace.o)
    0x08000760   0x08000760   0x00000008   Code   RO         4909    .text               c_w.l(libspace.o)
    0x08000768   0x08000768   0x0000004a   Code   RO         4912    .text               c_w.l(sys_stackheap_outer.o)
    0x080007b2   0x080007b2   0x00000012   Code   RO         4914    .text               c_w.l(exit.o)
    0x080007c4   0x080007c4   0x0000000c   Code   RO         5021    .text               c_w.l(sys_exit.o)
    0x080007d0   0x080007d0   0x00000002   Code   RO         5023    .text               c_w.l(use_no_semi.o)
    0x080007d2   0x080007d2   0x00000000   Code   RO         5027    .text               c_w.l(indicate_semi.o)
    0x080007d2   0x080007d2   0x00000002   PAD
    0x080007d4   0x080007d4   0x0000001c   Code   RO           13    i.<Func20>          main.o
    0x080007f0   0x080007f0   0x0000001c   Code   RO           14    i.<Func21>          main.o
    0x0800080c   0x0800080c   0x00000002   Code   RO         1220    i.BusFault_Handler  stm32f4xx_it.o
    0x0800080e   0x0800080e   0x00000002   PAD
    0x08000810   0x08000810   0x0000000c   Code   RO         1221    i.CAN1_RX0_IRQHandler  stm32f4xx_it.o
    0x0800081c   0x0800081c   0x0000000c   Code   RO         1222    i.CAN1_RX1_IRQHandler  stm32f4xx_it.o
    0x08000828   0x08000828   0x0000000c   Code   RO         1223    i.CAN2_RX0_IRQHandler  stm32f4xx_it.o
    0x08000834   0x08000834   0x0000000c   Code   RO         1224    i.CAN2_RX1_IRQHandler  stm32f4xx_it.o
    0x08000840   0x08000840   0x0000000c   Code   RO         1225    i.DMA2_Stream1_IRQHandler  stm32f4xx_it.o
    0x0800084c   0x0800084c   0x0000000c   Code   RO         1226    i.DMA2_Stream2_IRQHandler  stm32f4xx_it.o
    0x08000858   0x08000858   0x0000000c   Code   RO         1227    i.DMA2_Stream6_IRQHandler  stm32f4xx_it.o
    0x08000864   0x08000864   0x0000000c   Code   RO         1228    i.DMA2_Stream7_IRQHandler  stm32f4xx_it.o
    0x08000870   0x08000870   0x00000028   Code   RO         2097    i.DMA_CalcBaseAndBitshift  stm32f4xx_hal_dma.o
    0x08000898   0x08000898   0x00000054   Code   RO         2098    i.DMA_CheckFifoParam  stm32f4xx_hal_dma.o
    0x080008ec   0x080008ec   0x00000028   Code   RO         2099    i.DMA_SetConfig     stm32f4xx_hal_dma.o
    0x08000914   0x08000914   0x00000002   Code   RO         1229    i.DebugMon_Handler  stm32f4xx_it.o
    0x08000916   0x08000916   0x00000004   Code   RO           15    i.Error_Handler     main.o
    0x0800091a   0x0800091a   0x00000024   Code   RO         1405    i.HAL_CAN_ActivateNotification  stm32f4xx_hal_can.o
    0x0800093e   0x0800093e   0x000000d0   Code   RO         1406    i.HAL_CAN_AddTxMessage  stm32f4xx_hal_can.o
    0x08000a0e   0x08000a0e   0x00000002   PAD
    0x08000a10   0x08000a10   0x0000010c   Code   RO         1407    i.HAL_CAN_ConfigFilter  stm32f4xx_hal_can.o
    0x08000b1c   0x08000b1c   0x00000002   Code   RO         1410    i.HAL_CAN_ErrorCallback  stm32f4xx_hal_can.o
    0x08000b1e   0x08000b1e   0x000000f4   Code   RO         1413    i.HAL_CAN_GetRxMessage  stm32f4xx_hal_can.o
    0x08000c12   0x08000c12   0x000001fc   Code   RO         1417    i.HAL_CAN_IRQHandler  stm32f4xx_hal_can.o
    0x08000e0e   0x08000e0e   0x0000011a   Code   RO         1418    i.HAL_CAN_Init      stm32f4xx_hal_can.o
    0x08000f28   0x08000f28   0x00000118   Code   RO         1037    i.HAL_CAN_MspInit   can.o
    0x08001040   0x08001040   0x00000002   Code   RO         1425    i.HAL_CAN_RxFifo0FullCallback  stm32f4xx_hal_can.o
    0x08001042   0x08001042   0x00000002   PAD
    0x08001044   0x08001044   0x0000008c   Code   RO           16    i.HAL_CAN_RxFifo0MsgPendingCallback  main.o
    0x080010d0   0x080010d0   0x00000002   Code   RO         1427    i.HAL_CAN_RxFifo1FullCallback  stm32f4xx_hal_can.o
    0x080010d2   0x080010d2   0x00000002   Code   RO         1428    i.HAL_CAN_RxFifo1MsgPendingCallback  stm32f4xx_hal_can.o
    0x080010d4   0x080010d4   0x00000002   Code   RO         1429    i.HAL_CAN_SleepCallback  stm32f4xx_hal_can.o
    0x080010d6   0x080010d6   0x00000056   Code   RO         1430    i.HAL_CAN_Start     stm32f4xx_hal_can.o
    0x0800112c   0x0800112c   0x00000002   Code   RO         1432    i.HAL_CAN_TxMailbox0AbortCallback  stm32f4xx_hal_can.o
    0x0800112e   0x0800112e   0x00000002   Code   RO         1433    i.HAL_CAN_TxMailbox0CompleteCallback  stm32f4xx_hal_can.o
    0x08001130   0x08001130   0x00000002   Code   RO         1434    i.HAL_CAN_TxMailbox1AbortCallback  stm32f4xx_hal_can.o
    0x08001132   0x08001132   0x00000002   Code   RO         1435    i.HAL_CAN_TxMailbox1CompleteCallback  stm32f4xx_hal_can.o
    0x08001134   0x08001134   0x00000002   Code   RO         1436    i.HAL_CAN_TxMailbox2AbortCallback  stm32f4xx_hal_can.o
    0x08001136   0x08001136   0x00000002   Code   RO         1437    i.HAL_CAN_TxMailbox2CompleteCallback  stm32f4xx_hal_can.o
    0x08001138   0x08001138   0x00000002   Code   RO         1439    i.HAL_CAN_WakeUpFromRxMsgCallback  stm32f4xx_hal_can.o
    0x0800113a   0x0800113a   0x00000092   Code   RO         2100    i.HAL_DMA_Abort     stm32f4xx_hal_dma.o
    0x080011cc   0x080011cc   0x00000024   Code   RO         2101    i.HAL_DMA_Abort_IT  stm32f4xx_hal_dma.o
    0x080011f0   0x080011f0   0x000001a0   Code   RO         2105    i.HAL_DMA_IRQHandler  stm32f4xx_hal_dma.o
    0x08001390   0x08001390   0x000000d4   Code   RO         2106    i.HAL_DMA_Init      stm32f4xx_hal_dma.o
    0x08001464   0x08001464   0x0000006e   Code   RO         2110    i.HAL_DMA_Start_IT  stm32f4xx_hal_dma.o
    0x080014d2   0x080014d2   0x00000002   PAD
    0x080014d4   0x080014d4   0x00000024   Code   RO         2525    i.HAL_Delay         stm32f4xx_hal.o
    0x080014f8   0x080014f8   0x000001d0   Code   RO         1993    i.HAL_GPIO_Init     stm32f4xx_hal_gpio.o
    0x080016c8   0x080016c8   0x0000000a   Code   RO         1997    i.HAL_GPIO_WritePin  stm32f4xx_hal_gpio.o
    0x080016d2   0x080016d2   0x00000002   PAD
    0x080016d4   0x080016d4   0x0000000c   Code   RO         2531    i.HAL_GetTick       stm32f4xx_hal.o
    0x080016e0   0x080016e0   0x00000010   Code   RO         2537    i.HAL_IncTick       stm32f4xx_hal.o
    0x080016f0   0x080016f0   0x00000034   Code   RO         2538    i.HAL_Init          stm32f4xx_hal.o
    0x08001724   0x08001724   0x00000040   Code   RO         2539    i.HAL_InitTick      stm32f4xx_hal.o
    0x08001764   0x08001764   0x00000030   Code   RO         1380    i.HAL_MspInit       stm32f4xx_hal_msp.o
    0x08001794   0x08001794   0x0000001a   Code   RO         2383    i.HAL_NVIC_EnableIRQ  stm32f4xx_hal_cortex.o
    0x080017ae   0x080017ae   0x00000002   PAD
    0x080017b0   0x080017b0   0x00000040   Code   RO         2389    i.HAL_NVIC_SetPriority  stm32f4xx_hal_cortex.o
    0x080017f0   0x080017f0   0x00000024   Code   RO         2390    i.HAL_NVIC_SetPriorityGrouping  stm32f4xx_hal_cortex.o
    0x08001814   0x08001814   0x00000134   Code   RO         1639    i.HAL_RCC_ClockConfig  stm32f4xx_hal_rcc.o
    0x08001948   0x08001948   0x00000020   Code   RO         1646    i.HAL_RCC_GetPCLK1Freq  stm32f4xx_hal_rcc.o
    0x08001968   0x08001968   0x00000020   Code   RO         1647    i.HAL_RCC_GetPCLK2Freq  stm32f4xx_hal_rcc.o
    0x08001988   0x08001988   0x00000064   Code   RO         1648    i.HAL_RCC_GetSysClockFreq  stm32f4xx_hal_rcc.o
    0x080019ec   0x080019ec   0x00000358   Code   RO         1651    i.HAL_RCC_OscConfig  stm32f4xx_hal_rcc.o
    0x08001d44   0x08001d44   0x00000028   Code   RO         2394    i.HAL_SYSTICK_Config  stm32f4xx_hal_cortex.o
    0x08001d6c   0x08001d6c   0x00000002   Code   RO         3482    i.HAL_TIMEx_BreakCallback  stm32f4xx_hal_tim_ex.o
    0x08001d6e   0x08001d6e   0x00000002   Code   RO         3483    i.HAL_TIMEx_CommutCallback  stm32f4xx_hal_tim_ex.o
    0x08001d70   0x08001d70   0x00000090   Code   RO         3501    i.HAL_TIMEx_MasterConfigSynchronization  stm32f4xx_hal_tim_ex.o
    0x08001e00   0x08001e00   0x0000005a   Code   RO         2778    i.HAL_TIM_Base_Init  stm32f4xx_hal_tim.o
    0x08001e5a   0x08001e5a   0x00000002   PAD
    0x08001e5c   0x08001e5c   0x0000008c   Code   RO         1113    i.HAL_TIM_Base_MspInit  tim.o
    0x08001ee8   0x08001ee8   0x00000080   Code   RO         2783    i.HAL_TIM_Base_Start_IT  stm32f4xx_hal_tim.o
    0x08001f68   0x08001f68   0x000000dc   Code   RO         2787    i.HAL_TIM_ConfigClockSource  stm32f4xx_hal_tim.o
    0x08002044   0x08002044   0x00000002   Code   RO         2812    i.HAL_TIM_IC_CaptureCallback  stm32f4xx_hal_tim.o
    0x08002046   0x08002046   0x00000130   Code   RO         2826    i.HAL_TIM_IRQHandler  stm32f4xx_hal_tim.o
    0x08002176   0x08002176   0x00000002   Code   RO         2829    i.HAL_TIM_OC_DelayElapsedCallback  stm32f4xx_hal_tim.o
    0x08002178   0x08002178   0x00000002   Code   RO         2856    i.HAL_TIM_PWM_PulseFinishedCallback  stm32f4xx_hal_tim.o
    0x0800217a   0x0800217a   0x00000002   PAD
    0x0800217c   0x0800217c   0x00000c54   Code   RO           17    i.HAL_TIM_PeriodElapsedCallback  main.o
    0x08002dd0   0x08002dd0   0x00000002   Code   RO         2869    i.HAL_TIM_TriggerCallback  stm32f4xx_hal_tim.o
    0x08002dd2   0x08002dd2   0x00000056   Code   RO         3760    i.HAL_UARTEx_ReceiveToIdle_IT  stm32f4xx_hal_uart.o
    0x08002e28   0x08002e28   0x00000044   Code   RO           18    i.HAL_UARTEx_RxEventCallback  main.o
    0x08002e6c   0x08002e6c   0x00000002   Code   RO         3775    i.HAL_UART_ErrorCallback  stm32f4xx_hal_uart.o
    0x08002e6e   0x08002e6e   0x00000002   PAD
    0x08002e70   0x08002e70   0x00000270   Code   RO         3778    i.HAL_UART_IRQHandler  stm32f4xx_hal_uart.o
    0x080030e0   0x080030e0   0x00000064   Code   RO         3779    i.HAL_UART_Init     stm32f4xx_hal_uart.o
    0x08003144   0x08003144   0x0000021c   Code   RO         1167    i.HAL_UART_MspInit  usart.o
    0x08003360   0x08003360   0x0000001c   Code   RO         3783    i.HAL_UART_Receive_DMA  stm32f4xx_hal_uart.o
    0x0800337c   0x0800337c   0x0000001c   Code   RO         3784    i.HAL_UART_Receive_IT  stm32f4xx_hal_uart.o
    0x08003398   0x08003398   0x00000004   Code   RO           19    i.HAL_UART_RxCpltCallback  main.o
    0x0800339c   0x0800339c   0x00000002   Code   RO         3786    i.HAL_UART_RxHalfCpltCallback  stm32f4xx_hal_uart.o
    0x0800339e   0x0800339e   0x00000002   PAD
    0x080033a0   0x080033a0   0x0000007c   Code   RO         3788    i.HAL_UART_Transmit_DMA  stm32f4xx_hal_uart.o
    0x0800341c   0x0800341c   0x00000032   Code   RO         3789    i.HAL_UART_Transmit_IT  stm32f4xx_hal_uart.o
    0x0800344e   0x0800344e   0x00000002   Code   RO         3790    i.HAL_UART_TxCpltCallback  stm32f4xx_hal_uart.o
    0x08003450   0x08003450   0x00000002   Code   RO         3791    i.HAL_UART_TxHalfCpltCallback  stm32f4xx_hal_uart.o
    0x08003452   0x08003452   0x00000002   Code   RO         1230    i.HardFault_Handler  stm32f4xx_it.o
    0x08003454   0x08003454   0x00000044   Code   RO         1038    i.MX_CAN1_Init      can.o
    0x08003498   0x08003498   0x00000044   Code   RO         1039    i.MX_CAN2_Init      can.o
    0x080034dc   0x080034dc   0x0000005c   Code   RO         1085    i.MX_DMA_Init       dma.o
    0x08003538   0x08003538   0x000000a0   Code   RO          909    i.MX_GPIO_Init      gpio.o
    0x080035d8   0x080035d8   0x00000068   Code   RO         1114    i.MX_TIM5_Init      tim.o
    0x08003640   0x08003640   0x00000048   Code   RO         1115    i.MX_TIM6_Init      tim.o
    0x08003688   0x08003688   0x00000048   Code   RO         1116    i.MX_TIM7_Init      tim.o
    0x080036d0   0x080036d0   0x00000038   Code   RO         1168    i.MX_USART1_UART_Init  usart.o
    0x08003708   0x08003708   0x00000044   Code   RO         1169    i.MX_USART3_UART_Init  usart.o
    0x0800374c   0x0800374c   0x00000038   Code   RO         1170    i.MX_USART6_UART_Init  usart.o
    0x08003784   0x08003784   0x00000002   Code   RO         1231    i.MemManage_Handler  stm32f4xx_it.o
    0x08003786   0x08003786   0x00000002   Code   RO         1232    i.NMI_Handler       stm32f4xx_it.o
    0x08003788   0x08003788   0x00000002   Code   RO         1233    i.PendSV_Handler    stm32f4xx_it.o
    0x0800378a   0x0800378a   0x00000002   Code   RO         1234    i.SVC_Handler       stm32f4xx_it.o
    0x0800378c   0x0800378c   0x00000004   Code   RO         1235    i.SysTick_Handler   stm32f4xx_it.o
    0x08003790   0x08003790   0x00000010   Code   RO         4113    i.SystemInit        system_stm32f4xx.o
    0x080037a0   0x080037a0   0x0000000c   Code   RO         1236    i.TIM5_IRQHandler   stm32f4xx_it.o
    0x080037ac   0x080037ac   0x0000000c   Code   RO         1237    i.TIM6_DAC_IRQHandler  stm32f4xx_it.o
    0x080037b8   0x080037b8   0x0000000c   Code   RO         1238    i.TIM7_IRQHandler   stm32f4xx_it.o
    0x080037c4   0x080037c4   0x000000d8   Code   RO         2871    i.TIM_Base_SetConfig  stm32f4xx_hal_tim.o
    0x0800389c   0x0800389c   0x00000014   Code   RO         2882    i.TIM_ETR_SetConfig  stm32f4xx_hal_tim.o
    0x080038b0   0x080038b0   0x00000010   Code   RO         2883    i.TIM_ITRx_SetConfig  stm32f4xx_hal_tim.o
    0x080038c0   0x080038c0   0x00000022   Code   RO         2889    i.TIM_TI1_ConfigInputStage  stm32f4xx_hal_tim.o
    0x080038e2   0x080038e2   0x00000024   Code   RO         2891    i.TIM_TI2_ConfigInputStage  stm32f4xx_hal_tim.o
    0x08003906   0x08003906   0x00000010   Code   RO         3792    i.UART_DMAAbortOnError  stm32f4xx_hal_uart.o
    0x08003916   0x08003916   0x0000004a   Code   RO         3793    i.UART_DMAError     stm32f4xx_hal_uart.o
    0x08003960   0x08003960   0x00000086   Code   RO         3794    i.UART_DMAReceiveCplt  stm32f4xx_hal_uart.o
    0x080039e6   0x080039e6   0x0000001e   Code   RO         3796    i.UART_DMARxHalfCplt  stm32f4xx_hal_uart.o
    0x08003a04   0x08003a04   0x00000042   Code   RO         3798    i.UART_DMATransmitCplt  stm32f4xx_hal_uart.o
    0x08003a46   0x08003a46   0x0000000a   Code   RO         3800    i.UART_DMATxHalfCplt  stm32f4xx_hal_uart.o
    0x08003a50   0x08003a50   0x0000004e   Code   RO         3802    i.UART_EndRxTransfer  stm32f4xx_hal_uart.o
    0x08003a9e   0x08003a9e   0x0000001c   Code   RO         3803    i.UART_EndTxTransfer  stm32f4xx_hal_uart.o
    0x08003aba   0x08003aba   0x000000c2   Code   RO         3804    i.UART_Receive_IT   stm32f4xx_hal_uart.o
    0x08003b7c   0x08003b7c   0x0000010c   Code   RO         3805    i.UART_SetConfig    stm32f4xx_hal_uart.o
    0x08003c88   0x08003c88   0x00000094   Code   RO         3806    i.UART_Start_Receive_DMA  stm32f4xx_hal_uart.o
    0x08003d1c   0x08003d1c   0x00000036   Code   RO         3807    i.UART_Start_Receive_IT  stm32f4xx_hal_uart.o
    0x08003d52   0x08003d52   0x00000002   PAD
    0x08003d54   0x08003d54   0x0000000c   Code   RO         1239    i.USART1_IRQHandler  stm32f4xx_it.o
    0x08003d60   0x08003d60   0x0000000c   Code   RO         1240    i.USART3_IRQHandler  stm32f4xx_it.o
    0x08003d6c   0x08003d6c   0x0000000c   Code   RO         1241    i.USART6_IRQHandler  stm32f4xx_it.o
    0x08003d78   0x08003d78   0x00000002   Code   RO         1242    i.UsageFault_Handler  stm32f4xx_it.o
    0x08003d7a   0x08003d7a   0x00000002   PAD
    0x08003d7c   0x08003d7c   0x00000070   Code   RO           22    i._Z10set_mcl_ofib  main.o
    0x08003dec   0x08003dec   0x00000030   Code   RO           24    i._Z11RM_Can_Initv  main.o
    0x08003e1c   0x08003e1c   0x00000022   Code   RO           25    i._Z11RM_Can_SendP17CAN_HandleTypeDefjPhj  main.o
    0x08003e3e   0x08003e3e   0x00000002   PAD
    0x08003e40   0x08003e40   0x00000014   Code   RO           26    i._Z11Send_DM_CANv  main.o
    0x08003e54   0x08003e54   0x00000014   Code   RO           30    i._Z13Send_3508_CANv  main.o
    0x08003e68   0x08003e68   0x00000018   Code   RO           31    i._Z13Send_6020_CANv  main.o
    0x08003e80   0x08003e80   0x00000028   Code   RO           32    i._Z13float_to_uintfffi  main.o
    0x08003ea8   0x08003ea8   0x00000338   Code   RO           36    i._Z15darw_graphic_uiv  main.o
    0x080041e0   0x080041e0   0x00000080   Code   RO           37    i._Z16Total_tasks_Initv  main.o
    0x08004260   0x08004260   0x00000040   Code   RO           38    i._Z18RM_CAN_Filter_Initv  main.o
    0x080042a0   0x080042a0   0x00000094   Code   RO           39    i._Z18SystemClock_Configv  main.o
    0x08004334   0x08004334   0x0000001e   Code   RO           44    i._Z26GET_Motor_ID_ADDRESS_BIND_P8RM_Motori  main.o
    0x08004352   0x08004352   0x00000002   PAD
    0x08004354   0x08004354   0x000007d8   Code   RO           46    i._Z27darw_graphic_static_ui_initv  main.o
    0x08004b2c   0x08004b2c   0x0000000e   Code   RO           48    i._Z6setMSDP17Motor_send_data_tsi  main.o
    0x08004b3a   0x08004b3a   0x00000002   PAD
    0x08004b3c   0x08004b3c   0x00000090   Code   RO           50    i._Z8set_gy_vif     main.o
    0x08004bcc   0x08004bcc   0x00000090   Code   RO           51    i._Z8set_yd_vif     main.o
    0x08004c5c   0x08004c5c   0x00000070   Code   RO           53    i._Z9set_bp_ofib    main.o
    0x08004ccc   0x08004ccc   0x00000070   Code   RO           55    i._Z9set_cm_ofib    main.o
    0x08004d3c   0x08004d3c   0x00000014   Code   RO          559    i._ZN10RM_Clicker4InitEv  main.o
    0x08004d50   0x08004d50   0x00000098   Code   RO          595    i._ZN10RM_Clicker9ParseDataEv  main.o
    0x08004de8   0x08004de8   0x000001c8   Code   RO          487    i._ZN12TD_quadratic12td_quadraticEfb  main.o
    0x08004fb0   0x08004fb0   0x00000010   Code   RO          625    i._ZN12TD_quadraticC1Efffh  main.o
    0x08004fc0   0x08004fc0   0x0000003c   Code   RO           58    i._ZN13NonLinear_Fun7Fsg_FunEff  main.o
    0x08004ffc   0x08004ffc   0x000001cc   Code   RO           59    i._ZN13NonLinear_Fun8Fhan_FunEffff  main.o
    0x080051c8   0x080051c8   0x00000022   Code   RO           60    i._ZN13NonLinear_Fun8Fign_FunEf  main.o
    0x080051ea   0x080051ea   0x0000001a   Code   RO          589    i._ZN13RM_StaticTime5ISDirEj  main.o
    0x08005204   0x08005204   0x0000002a   Code   RO          583    i._ZN13RM_StaticTime5ISOneEj  main.o
    0x0800522e   0x0800522e   0x00000002   PAD
    0x08005230   0x08005230   0x0000013c   Code   RO          640    i._ZN15LADRC_quadratic13eso_quadraticEfh  main.o
    0x0800536c   0x0800536c   0x00000194   Code   RO          493    i._ZN15LADRC_quadratic14sef_controllerEh  main.o
    0x08005500   0x08005500   0x00000032   Code   RO          577    i._ZN15LADRC_quadratic7up_dataEffhb  main.o
    0x08005532   0x08005532   0x0000005c   Code   RO          535    i._ZN15LADRC_quadraticC1E12TD_quadraticffffff  main.o
    0x0800558e   0x0800558e   0x00000002   PAD
    0x08005590   0x08005590   0x000001e8   Code   RO          529    i._ZN15SteeringWheel_t6UpDataEffff  main.o
    0x08005778   0x08005778   0x00000030   Code   RO         4217    i._ZN16RM_RefereeSystem19RM_RefereeSystemDirEv  rm_refereesystem.o
    0x080057a8   0x080057a8   0x00000014   Code   RO         4218    i._ZN16RM_RefereeSystem20RM_RefereeSystemInitEv  rm_refereesystem.o
    0x080057bc   0x080057bc   0x00000034   Code   RO         4219    i._ZN16RM_RefereeSystem21RM_RefereeSystemParseEP20__UART_HandleTypeDef  rm_refereesystem.o
    0x080057f0   0x080057f0   0x000000a0   Code   RO         4220    i._ZN16RM_RefereeSystem22RM_RefereeSystemDeleteEcc  rm_refereesystem.o
    0x08005890   0x08005890   0x000000c8   Code   RO         4221    i._ZN16RM_RefereeSystem22RM_RefereeSystemSetIntEPcjijj  rm_refereesystem.o
    0x08005958   0x08005958   0x000000bc   Code   RO         4222    i._ZN16RM_RefereeSystem22RM_RefereeSystemSetStrEPcjS0_jj  rm_refereesystem.o
    0x08005a14   0x08005a14   0x00000014   Code   RO         4223    i._ZN16RM_RefereeSystem23RM_RefereeSystemClsToopEv  rm_refereesystem.o
    0x08005a28   0x08005a28   0x00000040   Code   RO         4224    i._ZN16RM_RefereeSystem23RM_RefereeSystemGetDataEh  rm_refereesystem.o
    0x08005a68   0x08005a68   0x000000b4   Code   RO         4225    i._ZN16RM_RefereeSystem23RM_RefereeSystemSendStrENS_29ext_client_custom_character_tE  rm_refereesystem.o
    0x08005b1c   0x08005b1c   0x000000a0   Code   RO         4226    i._ZN16RM_RefereeSystem23RM_RefereeSystemSetLineEPcjjjjj  rm_refereesystem.o
    0x08005bbc   0x08005bbc   0x000000bc   Code   RO         4227    i._ZN16RM_RefereeSystem24RM_RefereeSystemSetArcedEPcjjjjjjj  rm_refereesystem.o
    0x08005c78   0x08005c78   0x0000000c   Code   RO         4228    i._ZN16RM_RefereeSystem24RM_RefereeSystemSetColorEi  rm_refereesystem.o
    0x08005c84   0x08005c84   0x0000000c   Code   RO         4229    i._ZN16RM_RefereeSystem24RM_RefereeSystemSetWidthEi  rm_refereesystem.o
    0x08005c90   0x08005c90   0x000000a8   Code   RO         4230    i._ZN16RM_RefereeSystem25RM_RefereeSystemParseDataEPhi  rm_refereesystem.o
    0x08005d38   0x08005d38   0x00000100   Code   RO         4232    i._ZN16RM_RefereeSystem25RM_RefereeSystemSendDataNEPKNS_21graphic_data_struct_tEi  rm_refereesystem.o
    0x08005e38   0x08005e38   0x00000090   Code   RO         4233    i._ZN16RM_RefereeSystem25RM_RefereeSystemSetCircleEPcjjjj  rm_refereesystem.o
    0x08005ec8   0x08005ec8   0x0000007c   Code   RO         4235    i._ZN16RM_RefereeSystem26RM_RefereeSystemGetRobotIdEv  rm_refereesystem.o
    0x08005f44   0x08005f44   0x000000a0   Code   RO         4237    i._ZN16RM_RefereeSystem28RM_RefereeSystemSetRectangleEPcjjjjj  rm_refereesystem.o
    0x08005fe4   0x08005fe4   0x0000000c   Code   RO         4238    i._ZN16RM_RefereeSystem29RM_RefereeSystemSetStringSizeEi  rm_refereesystem.o
    0x08005ff0   0x08005ff0   0x0000000c   Code   RO         4239    i._ZN16RM_RefereeSystem30RM_RefereeSystemSetOperateTpyeEi  rm_refereesystem.o
    0x08005ffc   0x08005ffc   0x0000002c   Code   RO          553    i._ZN18SEND_GRAPHIC_QUEUE3addEN16RM_RefereeSystem21graphic_data_struct_tE  main.o
    0x08006028   0x08006028   0x000000b4   Code   RO          619    i._ZN18SEND_GRAPHIC_QUEUE4sendEv  main.o
    0x080060dc   0x080060dc   0x00000034   Code   RO          547    i._ZN18SEND_GRAPHIC_QUEUE6add_wzEN16RM_RefereeSystem29ext_client_custom_character_tE  main.o
    0x08006110   0x08006110   0x0000001c   Code   RO         4147    i._ZN19RM_RefereeSystemCRC18Get_CRC8_Check_SumEPhjh  rm_refereesystemcrc.o
    0x0800612c   0x0800612c   0x0000002c   Code   RO         4148    i._ZN19RM_RefereeSystemCRC19Get_CRC16_Check_SumEPhjt  rm_refereesystemcrc.o
    0x08006158   0x08006158   0x0000001c   Code   RO         4149    i._ZN19RM_RefereeSystemCRC21Append_CRC8_Check_SumEPhj  rm_refereesystemcrc.o
    0x08006174   0x08006174   0x00000026   Code   RO         4150    i._ZN19RM_RefereeSystemCRC21Verify_CRC8_Check_SumEPhj  rm_refereesystemcrc.o
    0x0800619a   0x0800619a   0x00000002   PAD
    0x0800619c   0x0800619c   0x00000028   Code   RO         4151    i._ZN19RM_RefereeSystemCRC22Append_CRC16_Check_SumEPhj  rm_refereesystemcrc.o
    0x080061c4   0x080061c4   0x0000003c   Code   RO         4152    i._ZN19RM_RefereeSystemCRC22Verify_CRC16_Check_SumEPhj  rm_refereesystemcrc.o
    0x08006200   0x08006200   0x000000a4   Code   RO           63    i._ZN2DM10ctrl_motorEfffff  main.o
    0x080062a4   0x080062a4   0x00000150   Code   RO           70    i._ZN3UDE6UpDataEdddddd  main.o
    0x080063f4   0x080063f4   0x00000022   Code   RO          505    i._ZN6RM_Key5UpKeyEb  main.o
    0x08006416   0x08006416   0x00000002   PAD
    0x08006418   0x08006418   0x00000184   Code   RO          523    i._ZN6RM_PID9GetPidPosE6Kpid_tddd  main.o
    0x0800659c   0x0800659c   0x00000030   Code   RO          631    i._ZN6RM_PIDC1Ev    main.o
    0x080065cc   0x080065cc   0x00000020   Code   RO          637    i._ZN7Motor_tC1Ev   main.o
    0x080065ec   0x080065ec   0x000000f4   Code   RO           71    i._ZN7RM_PM0111PM01SendFunEv  main.o
    0x080066e0   0x080066e0   0x00000034   Code   RO           72    i._ZN7RM_PM0112PM01SendDataEjt  main.o
    0x08006714   0x08006714   0x00000024   Code   RO           73    i._ZN7RM_PM0114PM01SendRemoteEj  main.o
    0x08006738   0x08006738   0x000000f4   Code   RO           75    i._ZN7RM_PM019PM01ParseE19CAN_RxHeaderTypeDefPh  main.o
    0x0800682c   0x0800682c   0x000001c0   Code   RO           76    i._ZN8RM_Motor10MinPosHelmEffPfff  main.o
    0x080069ec   0x080069ec   0x0000001c   Code   RO          601    i._ZN8RM_Motor15GetMotorDataPosEs  main.o
    0x08006a08   0x08006a08   0x0000001c   Code   RO          565    i._ZN8RM_Motor17GetMotorDataSpeedEs  main.o
    0x08006a24   0x08006a24   0x000000ec   Code   RO           77    i._ZN8RM_Motor24Zero_crossing_processingEfff  main.o
    0x08006b10   0x08006b10   0x00000114   Code   RO          517    i._ZN8RM_Motor5ParseE19CAN_RxHeaderTypeDefPh  main.o
    0x08006c24   0x08006c24   0x00000062   Code   RO           79    i._ZN8RM_MotorC1EshP7Motor_tPh  main.o
    0x08006c86   0x08006c86   0x00000006   Code   RO          571    i._ZSt4fabsf        main.o
    0x08006c8c   0x08006c8c   0x00000004   Code   RO          541    i._ZSt4fmodff       main.o
    0x08006c90   0x08006c90   0x00000004   Code   RO          613    i._ZSt4sqrtf        main.o
    0x08006c94   0x08006c94   0x00000004   Code   RO          607    i._ZSt5atan2ff      main.o
    0x08006c98   0x08006c98   0x00000030   Code   RO         4804    i.__ARM_fpclassify  m_wm.l(fpclassify.o)
    0x08006cc8   0x08006cc8   0x00000026   Code   RO         4806    i.__ARM_fpclassifyf  m_wm.l(fpclassifyf.o)
    0x08006cee   0x08006cee   0x00000020   Code   RO         2396    i.__NVIC_SetPriority  stm32f4xx_hal_cortex.o
    0x08006d0e   0x08006d0e   0x00000024   Code   RO         4564    i.__aeabi_vec_ctor_nocookie_nodtor  cpprt_w.l(aeabi_vec_ctor_nocookie_nodtor.o)
    0x08006d32   0x08006d32   0x00000006   PAD
    0x08006d38   0x08006d38   0x00000360   Code   RO         4603    i.__hardfp_asin     m_wm.l(asin.o)
    0x08007098   0x08007098   0x000002ac   Code   RO         4617    i.__hardfp_atan2f   m_wm.l(atan2f.o)
    0x08007344   0x08007344   0x00000150   Code   RO         4629    i.__hardfp_cosf     m_wm.l(cosf.o)
    0x08007494   0x08007494   0x00000014   Code   RO         4641    i.__hardfp_fabs     m_wm.l(fabs.o)
    0x080074a8   0x080074a8   0x000000b0   Code   RO         4659    i.__hardfp_fmodf    m_wm.l(fmodf.o)
    0x08007558   0x08007558   0x00000190   Code   RO         4685    i.__hardfp_sinf     m_wm.l(sinf.o)
    0x080076e8   0x080076e8   0x0000003a   Code   RO         4697    i.__hardfp_sqrtf    m_wm.l(sqrtf.o)
    0x08007722   0x08007722   0x000000f8   Code   RO         4822    i.__kernel_poly     m_wm.l(poly.o)
    0x0800781a   0x0800781a   0x00000014   Code   RO         4791    i.__mathlib_dbl_infnan  m_wm.l(dunder.o)
    0x0800782e   0x0800782e   0x00000002   PAD
    0x08007830   0x08007830   0x00000020   Code   RO         4793    i.__mathlib_dbl_invalid  m_wm.l(dunder.o)
    0x08007850   0x08007850   0x00000020   Code   RO         4796    i.__mathlib_dbl_underflow  m_wm.l(dunder.o)
    0x08007870   0x08007870   0x00000006   Code   RO         4809    i.__mathlib_flt_infnan  m_wm.l(funder.o)
    0x08007876   0x08007876   0x00000006   Code   RO         4810    i.__mathlib_flt_infnan2  m_wm.l(funder.o)
    0x0800787c   0x0800787c   0x00000010   Code   RO         4811    i.__mathlib_flt_invalid  m_wm.l(funder.o)
    0x0800788c   0x0800788c   0x00000010   Code   RO         4814    i.__mathlib_flt_underflow  m_wm.l(funder.o)
    0x0800789c   0x0800789c   0x00000154   Code   RO         4824    i.__mathlib_rredf2  m_wm.l(rredf.o)
    0x080079f0   0x080079f0   0x000003bc   Code   RO           80    i.__sti___8_main_cpp_58d84705  main.o
    0x08007dac   0x08007dac   0x00000018   Code   RO         4643    i.fabs              m_wm.l(fabs.o)
    0x08007dc4   0x08007dc4   0x0000015c   Code   RO           81    i.main              main.o
    0x08007f20   0x08007f20   0x0000006e   Code   RO         4829    i.sqrt              m_wm.l(sqrt.o)
    0x08007f8e   0x08007f8e   0x00000018   Code   RO         4567    x$fpl$basic         fz_wm.l(basic.o)
    0x08007fa6   0x08007fa6   0x00000002   PAD
    0x08007fa8   0x08007fa8   0x00000062   Code   RO         4569    x$fpl$d2f           fz_wm.l(d2f.o)
    0x0800800a   0x0800800a   0x00000002   PAD
    0x0800800c   0x0800800c   0x00000150   Code   RO         4571    x$fpl$dadd          fz_wm.l(daddsub_clz.o)
    0x0800815c   0x0800815c   0x00000018   Code   RO         4773    x$fpl$dcmpinf       fz_wm.l(dcmpi.o)
    0x08008174   0x08008174   0x000002b0   Code   RO         4578    x$fpl$ddiv          fz_wm.l(ddiv.o)
    0x08008424   0x08008424   0x00000078   Code   RO         4581    x$fpl$deqf          fz_wm.l(deqf.o)
    0x0800849c   0x0800849c   0x0000005e   Code   RO         4583    x$fpl$dfix          fz_wm.l(dfix.o)
    0x080084fa   0x080084fa   0x0000002e   Code   RO         4588    x$fpl$dflt          fz_wm.l(dflt_clz.o)
    0x08008528   0x08008528   0x00000078   Code   RO         4593    x$fpl$dleqf         fz_wm.l(dleqf.o)
    0x080085a0   0x080085a0   0x00000154   Code   RO         4595    x$fpl$dmul          fz_wm.l(dmul.o)
    0x080086f4   0x080086f4   0x0000009c   Code   RO         4775    x$fpl$dnaninf       fz_wm.l(dnaninf.o)
    0x08008790   0x08008790   0x0000000c   Code   RO         4779    x$fpl$dretinf       fz_wm.l(dretinf.o)
    0x0800879c   0x0800879c   0x0000006c   Code   RO         4597    x$fpl$drleqf        fz_wm.l(drleqf.o)
    0x08008808   0x08008808   0x00000016   Code   RO         4572    x$fpl$drsb          fz_wm.l(daddsub_clz.o)
    0x0800881e   0x0800881e   0x00000002   PAD
    0x08008820   0x08008820   0x00000198   Code   RO         4905    x$fpl$dsqrt         fz_wm.l(dsqrt_umaal.o)
    0x080089b8   0x080089b8   0x000001d4   Code   RO         4573    x$fpl$dsub          fz_wm.l(daddsub_clz.o)
    0x08008b8c   0x08008b8c   0x00000056   Code   RO         4599    x$fpl$f2d           fz_wm.l(f2d.o)
    0x08008be2   0x08008be2   0x0000008c   Code   RO         4781    x$fpl$fnaninf       fz_wm.l(fnaninf.o)
    0x08008c6e   0x08008c6e   0x0000000a   Code   RO         4907    x$fpl$fpinit        fz_wm.l(fpinit.o)
    0x08008c78   0x08008c78   0x000000f4   Code   RO         4783    x$fpl$frem          fz_wm.l(frem_clz.o)
    0x08008d6c   0x08008d6c   0x0000000a   Code   RO         4785    x$fpl$fretinf       fz_wm.l(fretinf.o)
    0x08008d76   0x08008d76   0x00000000   Code   RO         4789    x$fpl$usenofp       fz_wm.l(usenofp.o)
    0x08008d76   0x08008d76   0x00000002   PAD
    0x08008d78   0x08008d78   0x00000550   Data   RO          155    .constdata          main.o
    0x080092c8   0x080092c8   0x00000008   Data   RO         2112    .constdata          stm32f4xx_hal_dma.o
    0x080092d0   0x080092d0   0x00000010   Data   RO         4114    .constdata          system_stm32f4xx.o
    0x080092e0   0x080092e0   0x00000008   Data   RO         4115    .constdata          system_stm32f4xx.o
    0x080092e8   0x080092e8   0x00000300   Data   RO         4159    .constdata          rm_refereesystemcrc.o
    0x080095e8   0x080095e8   0x00000050   Data   RO         4606    .constdata          m_wm.l(asin.o)
    0x08009638   0x08009638   0x00000020   Data   RO         4825    .constdata          m_wm.l(rredf.o)
    0x08009658   0x08009658   0x00000020   Data   RO         5126    Region$$Table       anon$$obj.o
    0x08009678   0x08009678   0x00000004   Data   RO          172    .init_array         main.o
    0x0800967c   0x08009678   0x00000000   Data   RO         4559    .init_array         c_w.l(init_aeabi.o)


    Execution Region RW_IRAM1 (Exec base: 0x20000000, Load base: 0x0800967c, Size: 0x000034f0, Max: 0x0001c000, ABSOLUTE)

    Exec Addr    Load Addr    Size         Type   Attr      Idx    E Section Name        Object

    0x20000000   0x0800967c   0x000000c0   Data   RW          156    .data               main.o
    0x200000c0   0x0800973c   0x00000004   Data   RW         1041    .data               can.o
    0x200000c4   0x08009740   0x0000000c   Data   RW         2545    .data               stm32f4xx_hal.o
    0x200000d0   0x0800974c   0x00000004   Data   RW         4116    .data               system_stm32f4xx.o
    0x200000d4   0x08009750   0x00000002   Data   RW         4160    .data               rm_refereesystemcrc.o
    0x200000d6   0x08009752   0x00000002   PAD
    0x200000d8   0x08009754   0x00000038   Data   RW         4268    .data               rm_refereesystem.o
    0x20000110        -       0x0000282a   Zero   RW          152    .bss                main.o
    0x2000293a   0x0800978c   0x00000002   PAD
    0x2000293c        -       0x00000050   Zero   RW         1040    .bss                can.o
    0x2000298c        -       0x000000d8   Zero   RW         1117    .bss                tim.o
    0x20002a64        -       0x00000258   Zero   RW         1171    .bss                usart.o
    0x20002cbc        -       0x000001ce   Zero   RW         4265    .bss                rm_refereesystem.o
    0x20002e8a   0x0800978c   0x00000002   PAD
    0x20002e8c        -       0x00000060   Zero   RW         4910    .bss                c_w.l(libspace.o)
    0x20002eec   0x0800978c   0x00000004   PAD
    0x20002ef0        -       0x00000200   Zero   RW            2    HEAP                startup_stm32f407xx.o
    0x200030f0        -       0x00000400   Zero   RW            1    STACK               startup_stm32f407xx.o


    Execution Region RW_IRAM2 (Exec base: 0x2001c000, Load base: 0x0800978c, Size: 0x00000000, Max: 0x00004000, ABSOLUTE)

    **** No section assigned to this execution region ****


==============================================================================

Image component sizes


      Code (inc. data)   RO Data    RW Data    ZI Data      Debug   Object Name

       416         42          0          4         80       2658   can.o
        92          4          0          0          0        862   dma.o
       160         10          0          0          0     702527   gpio.o
     14360       1356       1364        192      10282     775782   main.o
      2180        144          0         56        462     605549   rm_refereesystem.o
       238         22        768          2          0       6473   rm_refereesystemcrc.o
        64         26        392          0       1536        864   startup_stm32f407xx.o
       180         28          0         12          0       9657   stm32f4xx_hal.o
      1656          6          0          0          0      15247   stm32f4xx_hal_can.o
       198         14          0          0          0      33967   stm32f4xx_hal_cortex.o
      1084         16          8          0          0       7650   stm32f4xx_hal_dma.o
       474         46          0          0          0       2388   stm32f4xx_hal_gpio.o
        48          6          0          0          0        922   stm32f4xx_hal_msp.o
      1328         76          0          0          0       5564   stm32f4xx_hal_rcc.o
      1072         74          0          0          0      10981   stm32f4xx_hal_tim.o
       148         28          0          0          0       2693   stm32f4xx_hal_tim_ex.o
      2148         44          0          0          0      18672   stm32f4xx_hal_uart.o
       188         84          0          0          0      11480   stm32f4xx_it.o
        16          4         24          4          0       1223   system_stm32f4xx.o
       388         46          0          0        216       3152   tim.o
       720         76          0          0        600       3748   usart.o

    ----------------------------------------------------------------------
     27196       2152       2588        272      13180    2222059   Object Totals
         0          0         32          0          0          0   (incl. Generated)
        38          0          0          2          4          0   (incl. Padding)

    ----------------------------------------------------------------------

      Code (inc. data)   RO Data    RW Data    ZI Data      Debug   Library Member Name

         8          0          0          0          0         68   __main.o
       104          0          0          0          0         84   __printf.o
         0          0          0          0          0          0   __rtentry.o
        12          0          0          0          0          0   __rtentry2.o
         6          0          0          0          0          0   __rtentry4.o
        52          8          0          0          0          0   __scatter.o
        26          0          0          0          0          0   __scatter_copy.o
        28          0          0          0          0          0   __scatter_zi.o
        48          6          0          0          0         96   _printf_char_common.o
         6          0          0          0          0          0   _printf_d.o
       120         16          0          0          0         92   _printf_dec.o
       178          0          0          0          0         88   _printf_intcommon.o
         0          0          0          0          0          0   _printf_percent.o
         4          0          0          0          0          0   _printf_percent_end.o
        22          0          0          0          0        100   _rserrno.o
        10          0          0          0          0         68   _sputc.o
        18          0          0          0          0         80   exit.o
         6          0          0          0          0        152   heapauxi.o
         0          0          0          0          0          0   indicate_semi.o
        36         10          0          0          0         80   init_aeabi.o
         2          0          0          0          0          0   libinit.o
        10          0          0          0          0          0   libinit2.o
         2          0          0          0          0          0   libshutdown.o
         2          0          0          0          0          0   libshutdown2.o
         8          4          0          0         96         68   libspace.o
       238          0          0          0          0        100   lludivv7m.o
        40          6          0          0          0         84   noretval__2sprintf.o
         8          4          0          0          0         68   rt_errno_addr_intlibspace.o
        68          0          0          0          0         68   rt_memclr.o
        78          0          0          0          0         80   rt_memclr_w.o
       138          0          0          0          0         68   rt_memcpy_v6.o
       100          0          0          0          0         80   rt_memcpy_w.o
         2          0          0          0          0          0   rtexit.o
        10          0          0          0          0          0   rtexit2.o
        62          0          0          0          0         76   strlen.o
        12          4          0          0          0         68   sys_exit.o
        74          0          0          0          0         80   sys_stackheap_outer.o
         2          0          0          0          0         68   use_no_semi.o
        36          0          0          0          0         84   aeabi_vec_ctor_nocookie_nodtor.o
        24          0          0          0          0        164   basic.o
        98          4          0          0          0        140   d2f.o
       826         16          0          0          0        492   daddsub_clz.o
        24          0          0          0          0        116   dcmpi.o
       688        140          0          0          0        256   ddiv.o
       120          4          0          0          0        140   deqf.o
        94          4          0          0          0        140   dfix.o
        46          0          0          0          0        116   dflt_clz.o
       120          4          0          0          0        140   dleqf.o
       340         12          0          0          0        152   dmul.o
       156          4          0          0          0        140   dnaninf.o
        12          0          0          0          0        116   dretinf.o
       108          0          0          0          0        128   drleqf.o
       408         56          0          0          0        168   dsqrt_umaal.o
        86          4          0          0          0        132   f2d.o
       140          4          0          0          0        132   fnaninf.o
        10          0          0          0          0        116   fpinit.o
       244          8          0          0          0        132   frem_clz.o
        10          0          0          0          0        116   fretinf.o
         0          0          0          0          0          0   usenofp.o
       864         94         80          0          0        280   asin.o
       684         90          0          0          0        208   atan2f.o
       336         56          0          0          0        136   cosf.o
        84         16          0          0          0        372   dunder.o
        44          0          0          0          0        248   fabs.o
       176          0          0          0          0        168   fmodf.o
        48          0          0          0          0        124   fpclassify.o
        38          0          0          0          0        116   fpclassifyf.o
        44         12          0          0          0        464   funder.o
       248          0          0          0          0        152   poly.o
       340         24         32          0          0        160   rredf.o
       400         56          0          0          0        212   sinf.o
       110          0          0          0          0        148   sqrt.o
        58          0          0          0          0        136   sqrtf.o

    ----------------------------------------------------------------------
      8628        666        112          0        100       7860   Library Totals
        24          0          0          0          4          0   (incl. Padding)

    ----------------------------------------------------------------------

      Code (inc. data)   RO Data    RW Data    ZI Data      Debug   Library Name

      1540         58          0          0         96       1816   c_w.l
        36          0          0          0          0         84   cpprt_w.l
      3554        260          0          0          0       3036   fz_wm.l
      3474        348        112          0          0       2924   m_wm.l

    ----------------------------------------------------------------------
      8628        666        112          0        100       7860   Library Totals

    ----------------------------------------------------------------------

==============================================================================


      Code (inc. data)   RO Data    RW Data    ZI Data      Debug   

     35824       2818       2700        272      13280    2204831   Grand Totals
     35824       2818       2700        272      13280    2204831   ELF Image Totals
     35824       2818       2700        272          0          0   ROM Totals

==============================================================================

    Total RO  Size (Code + RO Data)                38524 (  37.62kB)
    Total RW  Size (RW Data + ZI Data)             13552 (  13.23kB)
    Total ROM Size (Code + RO Data + RW Data)      38796 (  37.89kB)

==============================================================================

