Component: ARM Compiler 5.06 update 7 (build 960) Tool: armlink [4d3601]

==============================================================================

Section Cross References

    startup_stm32f407xx.o(STACK) refers (Special) to heapauxi.o(.text) for __use_two_region_memory
    startup_stm32f407xx.o(HEAP) refers (Special) to heapauxi.o(.text) for __use_two_region_memory
    startup_stm32f407xx.o(RESET) refers (Special) to heapauxi.o(.text) for __use_two_region_memory
    startup_stm32f407xx.o(RESET) refers to startup_stm32f407xx.o(STACK) for __initial_sp
    startup_stm32f407xx.o(RESET) refers to startup_stm32f407xx.o(.text) for Reset_Handler
    startup_stm32f407xx.o(RESET) refers to stm32f4xx_it.o(i.NMI_Handler) for NMI_Handler
    startup_stm32f407xx.o(RESET) refers to stm32f4xx_it.o(i.HardFault_Handler) for HardFault_Handler
    startup_stm32f407xx.o(RESET) refers to stm32f4xx_it.o(i.MemManage_Handler) for MemManage_Handler
    startup_stm32f407xx.o(RESET) refers to stm32f4xx_it.o(i.BusFault_Handler) for BusFault_Handler
    startup_stm32f407xx.o(RESET) refers to stm32f4xx_it.o(i.UsageFault_Handler) for UsageFault_Handler
    startup_stm32f407xx.o(RESET) refers to stm32f4xx_it.o(i.SVC_Handler) for SVC_Handler
    startup_stm32f407xx.o(RESET) refers to stm32f4xx_it.o(i.DebugMon_Handler) for DebugMon_Handler
    startup_stm32f407xx.o(RESET) refers to stm32f4xx_it.o(i.PendSV_Handler) for PendSV_Handler
    startup_stm32f407xx.o(RESET) refers to stm32f4xx_it.o(i.SysTick_Handler) for SysTick_Handler
    startup_stm32f407xx.o(RESET) refers to stm32f4xx_it.o(i.CAN1_RX0_IRQHandler) for CAN1_RX0_IRQHandler
    startup_stm32f407xx.o(RESET) refers to stm32f4xx_it.o(i.CAN1_RX1_IRQHandler) for CAN1_RX1_IRQHandler
    startup_stm32f407xx.o(RESET) refers to stm32f4xx_it.o(i.USART1_IRQHandler) for USART1_IRQHandler
    startup_stm32f407xx.o(RESET) refers to stm32f4xx_it.o(i.USART3_IRQHandler) for USART3_IRQHandler
    startup_stm32f407xx.o(RESET) refers to stm32f4xx_it.o(i.TIM5_IRQHandler) for TIM5_IRQHandler
    startup_stm32f407xx.o(RESET) refers to stm32f4xx_it.o(i.TIM6_DAC_IRQHandler) for TIM6_DAC_IRQHandler
    startup_stm32f407xx.o(RESET) refers to stm32f4xx_it.o(i.TIM7_IRQHandler) for TIM7_IRQHandler
    startup_stm32f407xx.o(RESET) refers to stm32f4xx_it.o(i.DMA2_Stream1_IRQHandler) for DMA2_Stream1_IRQHandler
    startup_stm32f407xx.o(RESET) refers to stm32f4xx_it.o(i.DMA2_Stream2_IRQHandler) for DMA2_Stream2_IRQHandler
    startup_stm32f407xx.o(RESET) refers to stm32f4xx_it.o(i.CAN2_RX0_IRQHandler) for CAN2_RX0_IRQHandler
    startup_stm32f407xx.o(RESET) refers to stm32f4xx_it.o(i.CAN2_RX1_IRQHandler) for CAN2_RX1_IRQHandler
    startup_stm32f407xx.o(RESET) refers to stm32f4xx_it.o(i.DMA2_Stream6_IRQHandler) for DMA2_Stream6_IRQHandler
    startup_stm32f407xx.o(RESET) refers to stm32f4xx_it.o(i.DMA2_Stream7_IRQHandler) for DMA2_Stream7_IRQHandler
    startup_stm32f407xx.o(RESET) refers to stm32f4xx_it.o(i.USART6_IRQHandler) for USART6_IRQHandler
    startup_stm32f407xx.o(.text) refers (Special) to heapauxi.o(.text) for __use_two_region_memory
    startup_stm32f407xx.o(.text) refers to system_stm32f4xx.o(i.SystemInit) for SystemInit
    startup_stm32f407xx.o(.text) refers to __main.o(!!!main) for __main
    startup_stm32f407xx.o(.text) refers to startup_stm32f407xx.o(HEAP) for Heap_Mem
    startup_stm32f407xx.o(.text) refers to startup_stm32f407xx.o(STACK) for Stack_Mem
    main.o(i.<Func18>) refers to rt_memcpy_w.o(.text) for __aeabi_memcpy4
    main.o(i.<Func18>) refers to main.o(i._ZN7Motor_tC1Ev) for Motor_t::Motor_t()
    main.o(i.<Func18>) refers to main.o(.constdata) for .constdata
    main.o(i.<Func19>) refers to rt_memcpy_w.o(.text) for __aeabi_memcpy4
    main.o(i.<Func19>) refers to main.o(i._ZN7Motor_tC1Ev) for Motor_t::Motor_t()
    main.o(i.<Func19>) refers to main.o(.constdata) for .constdata
    main.o(i.HAL_CAN_RxFifo0MsgPendingCallback) refers to stm32f4xx_hal_can.o(i.HAL_CAN_GetRxMessage) for HAL_CAN_GetRxMessage
    main.o(i.HAL_CAN_RxFifo0MsgPendingCallback) refers to main.o(i._ZN8RM_Motor5ParseE19CAN_RxHeaderTypeDefPh) for RM_Motor::Parse(CAN_RxHeaderTypeDef, unsigned char*)
    main.o(i.HAL_CAN_RxFifo0MsgPendingCallback) refers to main.o(i._ZN7RM_PM019PM01ParseE19CAN_RxHeaderTypeDefPh) for RM_PM01::PM01Parse(CAN_RxHeaderTypeDef, unsigned char*)
    main.o(i.HAL_CAN_RxFifo0MsgPendingCallback) refers to main.o(.data) for .data
    main.o(i.HAL_CAN_RxFifo0MsgPendingCallback) refers to main.o(.bss) for .bss
    main.o(i.HAL_CAN_RxFifo0MsgPendingCallback) refers to can.o(.bss) for hcan1
    main.o(i.HAL_TIM_PeriodElapsedCallback) refers to dflt_clz.o(x$fpl$dflt) for __aeabi_i2d
    main.o(i.HAL_TIM_PeriodElapsedCallback) refers to dmul.o(x$fpl$dmul) for __aeabi_dmul
    main.o(i.HAL_TIM_PeriodElapsedCallback) refers to d2f.o(x$fpl$d2f) for __aeabi_d2f
    main.o(i.HAL_TIM_PeriodElapsedCallback) refers to f2d.o(x$fpl$f2d) for __aeabi_f2d
[...]
    __aeabi_memclr                           0x08000599   Thumb Code     0  rt_memclr.o(.text)
    __rt_memclr                              0x08000599   Thumb Code    68  rt_memclr.o(.text)
    _memset                                  0x0800059d   Thumb Code     0  rt_memclr.o(.text)
    __aeabi_memclr4                          0x080005dd   Thumb Code     0  rt_memclr_w.o(.text)
    __aeabi_memclr8                          0x080005dd   Thumb Code     0  rt_memclr_w.o(.text)
    __rt_memclr_w                            0x080005dd   Thumb Code    78  rt_memclr_w.o(.text)
    _memset_w                                0x080005e1   Thumb Code     0  rt_memclr_w.o(.text)
    __use_two_region_memory                  0x0800062b   Thumb Code     2  heapauxi.o(.text)
    __rt_heap_escrow                         0x0800062d   Thumb Code     2  heapauxi.o(.text)
    __rt_heap_expand                         0x0800062f   Thumb Code     2  heapauxi.o(.text)
    __cpp_initialize__aeabi_                 0x08000631   Thumb Code    26  init_aeabi.o(.text)
    __read_errno                             0x08000655   Thumb Code    10  _rserrno.o(.text)
    __set_errno                              0x0800065f   Thumb Code    12  _rserrno.o(.text)
    _printf_int_common                       0x0800066b   Thumb Code   178  _printf_intcommon.o(.text)
    _printf_char_common                      0x08000727   Thumb Code    32  _printf_char_common.o(.text)
    _sputc                                   0x0800074d   Thumb Code    10  _sputc.o(.text)
    __aeabi_errno_addr                       0x08000759   Thumb Code     8  rt_errno_addr_intlibspace.o(.text)
    __errno$intlibspace                      0x08000759   Thumb Code     0  rt_errno_addr_intlibspace.o(.text)
    __rt_errno_addr$intlibspace              0x08000759   Thumb Code     0  rt_errno_addr_intlibspace.o(.text)
    __user_libspace                          0x08000761   Thumb Code     8  libspace.o(.text)
    __user_perproc_libspace                  0x08000761   Thumb Code     0  libspace.o(.text)
    __user_perthread_libspace                0x08000761   Thumb Code     0  libspace.o(.text)
    __user_setup_stackheap                   0x08000769   Thumb Code    74  sys_stackheap_outer.o(.text)
    exit                                     0x080007b3   Thumb Code    18  exit.o(.text)
    _sys_exit                                0x080007c5   Thumb Code     8  sys_exit.o(.text)
    __I$use$semihosting                      0x080007d1   Thumb Code     0  use_no_semi.o(.text)
    __use_no_semihosting_swi                 0x080007d1   Thumb Code     2  use_no_semi.o(.text)
    __semihosting_library_function           0x080007d3   Thumb Code     0  indicate_semi.o(.text)
    BusFault_Handler                         0x0800080d   Thumb Code     2  stm32f4xx_it.o(i.BusFault_Handler)
    CAN1_RX0_IRQHandler                      0x08000811   Thumb Code     6  stm32f4xx_it.o(i.CAN1_RX0_IRQHandler)
    CAN1_RX1_IRQHandler                      0x0800081d   Thumb Code     6  stm32f4xx_it.o(i.CAN1_RX1_IRQHandler)
    CAN2_RX0_IRQHandler                      0x08000829   Thumb Code     6  stm32f4xx_it.o(i.CAN2_RX0_IRQHandler)
    CAN2_RX1_IRQHandler                      0x08000835   Thumb Code     6  stm32f4xx_it.o(i.CAN2_RX1_IRQHandler)
    DMA2_Stream1_IRQHandler                  0x08000841   Thumb Code     6  stm32f4xx_it.o(i.DMA2_Stream1_IRQHandler)
    DMA2_Stream2_IRQHandler                  0x0800084d   Thumb Code     6  stm32f4xx_it.o(i.DMA2_Stream2_IRQHandler)
    DMA2_Stream6_IRQHandler                  0x08000859   Thumb Code     6  stm32f4xx_it.o(i.DMA2_Stream6_IRQHandler)
    DMA2_Stream7_IRQHandler                  0x08000865   Thumb Code     6  stm32f4xx_it.o(i.DMA2_Stream7_IRQHandler)
    DebugMon_Handler                         0x08000915   Thumb Code     2  stm32f4xx_it.o(i.DebugMon_Handler)
    Error_Handler                            0x08000917   Thumb Code     4  main.o(i.Error_Handler)
    HAL_CAN_ActivateNotification             0x0800091b   Thumb Code    36  stm32f4xx_hal_can.o(i.HAL_CAN_ActivateNotification)
    HAL_CAN_AddTxMessage                     0x0800093f   Thumb Code   208  stm32f4xx_hal_can.o(i.HAL_CAN_AddTxMessage)
    HAL_CAN_ConfigFilter                     0x08000a11   Thumb Code   262  stm32f4xx_hal_can.o(i.HAL_CAN_ConfigFilter)
    HAL_CAN_ErrorCallback                    0x08000b1d   Thumb Code     2  stm32f4xx_hal_can.o(i.HAL_CAN_ErrorCallback)
    HAL_CAN_GetRxMessage                     0x08000b1f   Thumb Code   244  stm32f4xx_hal_can.o(i.HAL_CAN_GetRxMessage)
    HAL_CAN_GetTxMailboxesFreeLevel          0x08000c13   Thumb Code    44  stm32f4xx_hal_can.o(i.HAL_CAN_GetTxMailboxesFreeLevel)
    HAL_CAN_IRQHandler                       0x08000c3f   Thumb Code   508  stm32f4xx_hal_can.o(i.HAL_CAN_IRQHandler)
    HAL_CAN_Init                             0x08000e3b   Thumb Code   282  stm32f4xx_hal_can.o(i.HAL_CAN_Init)
    HAL_CAN_MspInit                          0x08000f55   Thumb Code   254  can.o(i.HAL_CAN_MspInit)
    HAL_CAN_RxFifo0FullCallback              0x0800106d   Thumb Code     2  stm32f4xx_hal_can.o(i.HAL_CAN_RxFifo0FullCallback)
    HAL_CAN_RxFifo0MsgPendingCallback        0x08001071   Thumb Code   118  main.o(i.HAL_CAN_RxFifo0MsgPendingCallback)
    HAL_CAN_RxFifo1FullCallback              0x080010fd   Thumb Code     2  stm32f4xx_hal_can.o(i.HAL_CAN_RxFifo1FullCallback)
    HAL_CAN_RxFifo1MsgPendingCallback        0x080010ff   Thumb Code     2  stm32f4xx_hal_can.o(i.HAL_CAN_RxFifo1MsgPendingCallback)
    HAL_CAN_SleepCallback                    0x08001101   Thumb Code     2  stm32f4xx_hal_can.o(i.HAL_CAN_SleepCallback)
    HAL_CAN_Start                            0x08001103   Thumb Code    86  stm32f4xx_hal_can.o(i.HAL_CAN_Start)
    HAL_CAN_TxMailbox0AbortCallback          0x08001159   Thumb Code     2  stm32f4xx_hal_can.o(i.HAL_CAN_TxMailbox0AbortCallback)
    HAL_CAN_TxMailbox0CompleteCallback       0x0800115b   Thumb Code     2  stm32f4xx_hal_can.o(i.HAL_CAN_TxMailbox0CompleteCallback)
    HAL_CAN_TxMailbox1AbortCallback          0x0800115d   Thumb Code     2  stm32f4xx_hal_can.o(i.HAL_CAN_TxMailbox1AbortCallback)
    HAL_CAN_TxMailbox1CompleteCallback       0x0800115f   Thumb Code     2  stm32f4xx_hal_can.o(i.HAL_CAN_TxMailbox1CompleteCallback)
    HAL_CAN_TxMailbox2AbortCallback          0x08001161   Thumb Code     2  stm32f4xx_hal_can.o(i.HAL_CAN_TxMailbox2AbortCallback)
    HAL_CAN_TxMailbox2CompleteCallback       0x08001163   Thumb Code     2  stm32f4xx_hal_can.o(i.HAL_CAN_TxMailbox2CompleteCallback)
    HAL_CAN_WakeUpFromRxMsgCallback          0x08001165   Thumb Code     2  stm32f4xx_hal_can.o(i.HAL_CAN_WakeUpFromRxMsgCallback)
    HAL_DMA_Abort                            0x08001167   Thumb Code   146  stm32f4xx_hal_dma.o(i.HAL_DMA_Abort)
    HAL_DMA_Abort_IT                         0x080011f9   Thumb Code    36  stm32f4xx_hal_dma.o(i.HAL_DMA_Abort_IT)
    HAL_DMA_IRQHandler                       0x0800121d   Thumb Code   412  stm32f4xx_hal_dma.o(i.HAL_DMA_IRQHandler)
    HAL_DMA_Init                             0x080013bd   Thumb Code   206  stm32f4xx_hal_dma.o(i.HAL_DMA_Init)
    HAL_DMA_Start_IT                         0x08001491   Thumb Code   110  stm32f4xx_hal_dma.o(i.HAL_DMA_Start_IT)
    HAL_Delay                                0x08001501   Thumb Code    32  stm32f4xx_hal.o(i.HAL_Delay)
    HAL_GPIO_Init                            0x08001525   Thumb Code   418  stm32f4xx_hal_gpio.o(i.HAL_GPIO_Init)
    HAL_GPIO_WritePin                        0x080016f5   Thumb Code    10  stm32f4xx_hal_gpio.o(i.HAL_GPIO_WritePin)
    HAL_GetTick                              0x08001701   Thumb Code     6  stm32f4xx_hal.o(i.HAL_GetTick)
    HAL_IncTick                              0x0800170d   Thumb Code    12  stm32f4xx_hal.o(i.HAL_IncTick)
    HAL_Init                                 0x0800171d   Thumb Code    48  stm32f4xx_hal.o(i.HAL_Init)
    HAL_InitTick                             0x08001751   Thumb Code    54  stm32f4xx_hal.o(i.HAL_InitTick)
    HAL_MspInit                              0x08001791   Thumb Code    42  stm32f4xx_hal_msp.o(i.HAL_MspInit)
    HAL_NVIC_EnableIRQ                       0x080017c1   Thumb Code    26  stm32f4xx_hal_cortex.o(i.HAL_NVIC_EnableIRQ)
    HAL_NVIC_SetPriority                     0x080017dd   Thumb Code    60  stm32f4xx_hal_cortex.o(i.HAL_NVIC_SetPriority)
    HAL_NVIC_SetPriorityGrouping             0x0800181d   Thumb Code    26  stm32f4xx_hal_cortex.o(i.HAL_NVIC_SetPriorityGrouping)
    HAL_RCC_ClockConfig                      0x08001841   Thumb Code   288  stm32f4xx_hal_rcc.o(i.HAL_RCC_ClockConfig)
    HAL_RCC_GetPCLK1Freq                     0x08001975   Thumb Code    20  stm32f4xx_hal_rcc.o(i.HAL_RCC_GetPCLK1Freq)
    HAL_RCC_GetPCLK2Freq                     0x08001995   Thumb Code    20  stm32f4xx_hal_rcc.o(i.HAL_RCC_GetPCLK2Freq)
    HAL_RCC_GetSysClockFreq                  0x080019b5   Thumb Code    88  stm32f4xx_hal_rcc.o(i.HAL_RCC_GetSysClockFreq)
    HAL_RCC_OscConfig                        0x08001a19   Thumb Code   836  stm32f4xx_hal_rcc.o(i.HAL_RCC_OscConfig)
    HAL_SYSTICK_Config                       0x08001d71   Thumb Code    40  stm32f4xx_hal_cortex.o(i.HAL_SYSTICK_Config)
    HAL_TIMEx_BreakCallback                  0x08001d99   Thumb Code     2  stm32f4xx_hal_tim_ex.o(i.HAL_TIMEx_BreakCallback)
    HAL_TIMEx_CommutCallback                 0x08001d9b   Thumb Code     2  stm32f4xx_hal_tim_ex.o(i.HAL_TIMEx_CommutCallback)
    HAL_TIMEx_MasterConfigSynchronization    0x08001d9d   Thumb Code   116  stm32f4xx_hal_tim_ex.o(i.HAL_TIMEx_MasterConfigSynchronization)
    HAL_TIM_Base_Init                        0x08001e2d   Thumb Code    90  stm32f4xx_hal_tim.o(i.HAL_TIM_Base_Init)
    HAL_TIM_Base_MspInit                     0x08001e89   Thumb Code   122  tim.o(i.HAL_TIM_Base_MspInit)
    HAL_TIM_Base_Start_IT                    0x08001f15   Thumb Code   100  stm32f4xx_hal_tim.o(i.HAL_TIM_Base_Start_IT)
    HAL_TIM_ConfigClockSource                0x08001f95   Thumb Code   220  stm32f4xx_hal_tim.o(i.HAL_TIM_ConfigClockSource)
    HAL_TIM_IC_CaptureCallback               0x08002071   Thumb Code     2  stm32f4xx_hal_tim.o(i.HAL_TIM_IC_CaptureCallback)
    HAL_TIM_IRQHandler                       0x08002073   Thumb Code   304  stm32f4xx_hal_tim.o(i.HAL_TIM_IRQHandler)
    HAL_TIM_OC_DelayElapsedCallback          0x080021a3   Thumb Code     2  stm32f4xx_hal_tim.o(i.HAL_TIM_OC_DelayElapsedCallback)
    HAL_TIM_PWM_PulseFinishedCallback        0x080021a5   Thumb Code     2  stm32f4xx_hal_tim.o(i.HAL_TIM_PWM_PulseFinishedCallback)
    HAL_TIM_PeriodElapsedCallback            0x080021a9   Thumb Code  2686  main.o(i.HAL_TIM_PeriodElapsedCallback)
    HAL_TIM_TriggerCallback                  0x08002c39   Thumb Code     2  stm32f4xx_hal_tim.o(i.HAL_TIM_TriggerCallback)
    HAL_UARTEx_ReceiveToIdle_IT              0x08002c3b   Thumb Code    86  stm32f4xx_hal_uart.o(i.HAL_UARTEx_ReceiveToIdle_IT)
    HAL_UARTEx_RxEventCallback               0x08002c91   Thumb Code     4  main.o(i.HAL_UARTEx_RxEventCallback)
    HAL_UART_ErrorCallback                   0x08002c95   Thumb Code     2  stm32f4xx_hal_uart.o(i.HAL_UART_ErrorCallback)
    HAL_UART_IRQHandler                      0x08002c99   Thumb Code   618  stm32f4xx_hal_uart.o(i.HAL_UART_IRQHandler)
    HAL_UART_Init                            0x08002f09   Thumb Code   100  stm32f4xx_hal_uart.o(i.HAL_UART_Init)
    HAL_UART_MspInit                         0x08002f6d   Thumb Code   494  usart.o(i.HAL_UART_MspInit)
    HAL_UART_Receive_IT                      0x08003189   Thumb Code    28  stm32f4xx_hal_uart.o(i.HAL_UART_Receive_IT)
    HAL_UART_RxCpltCallback                  0x080031a5   Thumb Code     6  main.o(i.HAL_UART_RxCpltCallback)
    HAL_UART_Transmit_DMA                    0x080031ad   Thumb Code   110  stm32f4xx_hal_uart.o(i.HAL_UART_Transmit_DMA)
    HAL_UART_Transmit_IT                     0x08003229   Thumb Code    50  stm32f4xx_hal_uart.o(i.HAL_UART_Transmit_IT)
    HAL_UART_TxCpltCallback                  0x0800325b   Thumb Code     2  stm32f4xx_hal_uart.o(i.HAL_UART_TxCpltCallback)
    HAL_UART_TxHalfCpltCallback              0x0800325d   Thumb Code     2  stm32f4xx_hal_uart.o(i.HAL_UART_TxHalfCpltCallback)
    HardFault_Handler                        0x0800325f   Thumb Code     2  stm32f4xx_it.o(i.HardFault_Handler)
    MX_CAN1_Init                             0x08003261   Thumb Code    60  can.o(i.MX_CAN1_Init)
    MX_CAN2_Init                             0x080032a5   Thumb Code    60  can.o(i.MX_CAN2_Init)
    MX_DMA_Init                              0x080032e9   Thumb Code    88  dma.o(i.MX_DMA_Init)
    MX_GPIO_Init                             0x08003345   Thumb Code   150  gpio.o(i.MX_GPIO_Init)
    MX_TIM5_Init                             0x080033e5   Thumb Code    96  tim.o(i.MX_TIM5_Init)
    MX_TIM6_Init                             0x0800344d   Thumb Code    62  tim.o(i.MX_TIM6_Init)
    MX_TIM7_Init                             0x08003495   Thumb Code    62  tim.o(i.MX_TIM7_Init)
    MX_USART1_UART_Init                      0x080034dd   Thumb Code    48  usart.o(i.MX_USART1_UART_Init)
    MX_USART3_UART_Init                      0x08003515   Thumb Code    54  usart.o(i.MX_USART3_UART_Init)
    MX_USART6_UART_Init                      0x08003559   Thumb Code    48  usart.o(i.MX_USART6_UART_Init)
    MemManage_Handler                        0x08003591   Thumb Code     2  stm32f4xx_it.o(i.MemManage_Handler)
    NMI_Handler                              0x08003593   Thumb Code     2  stm32f4xx_it.o(i.NMI_Handler)
    PendSV_Handler                           0x08003595   Thumb Code     2  stm32f4xx_it.o(i.PendSV_Handler)
    SVC_Handler                              0x08003597   Thumb Code     2  stm32f4xx_it.o(i.SVC_Handler)
    SysTick_Handler                          0x08003599   Thumb Code     4  stm32f4xx_it.o(i.SysTick_Handler)
    SystemInit                               0x0800359d   Thumb Code    12  system_stm32f4xx.o(i.SystemInit)
    TIM5_IRQHandler                          0x080035ad   Thumb Code     6  stm32f4xx_it.o(i.TIM5_IRQHandler)
    TIM6_DAC_IRQHandler                      0x080035b9   Thumb Code     6  stm32f4xx_it.o(i.TIM6_DAC_IRQHandler)
    TIM7_IRQHandler                          0x080035c5   Thumb Code     6  stm32f4xx_it.o(i.TIM7_IRQHandler)
    TIM_Base_SetConfig                       0x080035d1   Thumb Code   170  stm32f4xx_hal_tim.o(i.TIM_Base_SetConfig)
    TIM_ETR_SetConfig                        0x080036a9   Thumb Code    20  stm32f4xx_hal_tim.o(i.TIM_ETR_SetConfig)
    UART_Start_Receive_IT                    0x080039f1   Thumb Code    54  stm32f4xx_hal_uart.o(i.UART_Start_Receive_IT)
    USART1_IRQHandler                        0x08003a29   Thumb Code     6  stm32f4xx_it.o(i.USART1_IRQHandler)
    USART3_IRQHandler                        0x08003a35   Thumb Code     6  stm32f4xx_it.o(i.USART3_IRQHandler)
    USART6_IRQHandler                        0x08003a41   Thumb Code     6  stm32f4xx_it.o(i.USART6_IRQHandler)
    UsageFault_Handler                       0x08003a4d   Thumb Code     2  stm32f4xx_it.o(i.UsageFault_Handler)
    set_mcl_of(int, bool)                    0x08003a51   Thumb Code    88  main.o(i._Z10set_mcl_ofib)
    RM_Can_Init()                            0x08003ac1   Thumb Code    38  main.o(i._Z11RM_Can_Initv)
    RM_Can_Send(CAN_HandleTypeDef*, unsigned, unsigned char*, unsigned) 0x08003af1   Thumb Code    52  main.o(i._Z11RM_Can_SendP17CAN_HandleTypeDefjPhj)
    Send_DM_CAN()                            0x08003b29   Thumb Code    12  main.o(i._Z11Send_DM_CANv)
    Send_3508_CAN()                          0x08003b3d   Thumb Code    12  main.o(i._Z13Send_3508_CANv)
    Send_6020_CAN()                          0x08003b51   Thumb Code    14  main.o(i._Z13Send_6020_CANv)
    Get_Derivative(int, float, int)          0x08003b69   Thumb Code   132  main.o(i._Z14Get_Derivativeifi)
    darw_graphic_ui()                        0x08003c01   Thumb Code   712  main.o(i._Z15darw_graphic_uiv)
    Total_tasks_Init()                       0x08003f39   Thumb Code    88  main.o(i._Z16Total_tasks_Initv)
    RM_CAN_Filter_Init()                     0x08003f99   Thumb Code    56  main.o(i._Z18RM_CAN_Filter_Initv)
    SystemClock_Config()                     0x08003fd9   Thumb Code   140  main.o(i._Z18SystemClock_Configv)
    GET_Motor_ID_ADDRESS_BIND_(RM_Motor*, int) 0x0800406d   Thumb Code    30  main.o(i._Z26GET_Motor_ID_ADDRESS_BIND_P8RM_Motori)
    darw_graphic_static_ui_init()            0x0800408d   Thumb Code  1908  main.o(i._Z27darw_graphic_static_ui_initv)
    setMSD(Motor_send_data_t*, short, int)   0x08004865   Thumb Code    14  main.o(i._Z6setMSDP17Motor_send_data_tsi)
    set_gy_v(int, float)                     0x08004875   Thumb Code   124  main.o(i._Z8set_gy_vif)
    set_yd_v(int, float)                     0x08004905   Thumb Code   124  main.o(i._Z8set_yd_vif)
    set_bp_of(int, bool)                     0x08004995   Thumb Code    88  main.o(i._Z9set_bp_ofib)
    set_cm_of(int, bool)                     0x08004a05   Thumb Code    88  main.o(i._Z9set_cm_ofib)
    RM_Clicker::Init()                       0x08004a75   Thumb Code    10  main.o(i._ZN10RM_Clicker4InitEv)
    RM_Clicker::ISDir()                      0x08004a89   Thumb Code   168  main.o(i._ZN10RM_Clicker5ISDirEv)
    RM_Clicker::Parse(__UART_HandleTypeDef*, int) 0x08004b3d   Thumb Code    56  main.o(i._ZN10RM_Clicker5ParseEP20__UART_HandleTypeDefi)
    RM_Clicker::ParseData()                  0x08004b81   Thumb Code   146  main.o(i._ZN10RM_Clicker9ParseDataEv)
    TD_quadratic::td_quadratic(float, bool)  0x08004c19   Thumb Code   418  main.o(i._ZN12TD_quadratic12td_quadraticEfb)
    TD_quadratic::TD_quadratic(float, float, float, unsigned char) 0x08004dd9   Thumb Code    16  main.o(i._ZN12TD_quadraticC1Efffh)
    TD_quadratic::TD_quadratic__sub_object(float, float, float, unsigned char) 0x08004dd9   Thumb Code     0  main.o(i._ZN12TD_quadraticC1Efffh)
    NonLinear_Fun::Fsg_Fun(float, float)     0x08004de9   Thumb Code    52  main.o(i._ZN13NonLinear_Fun7Fsg_FunEff)
    NonLinear_Fun::Fhan_Fun(float, float, float, float) 0x08004e25   Thumb Code   428  main.o(i._ZN13NonLinear_Fun8Fhan_FunEffff)
    NonLinear_Fun::Fign_Fun(float)           0x08004fed   Thumb Code    34  main.o(i._ZN13NonLinear_Fun8Fign_FunEf)
    RM_StaticTime::ISDir(unsigned)           0x0800500f   Thumb Code    26  main.o(i._ZN13RM_StaticTime5ISDirEj)
    RM_StaticTime::ISOne(unsigned)           0x08005029   Thumb Code    42  main.o(i._ZN13RM_StaticTime5ISOneEj)
    LADRC_quadratic::LADRC_quadratic(TD_quadratic, float, float, float, float, float, float) 0x08005053   Thumb Code    92  main.o(i._ZN15LADRC_quadraticC1E12TD_quadraticffffff)
    LADRC_quadratic::LADRC_quadratic__sub_object(TD_quadratic, float, float, float, float, float, float) 0x08005053   Thumb Code     0  main.o(i._ZN15LADRC_quadraticC1E12TD_quadraticffffff)
    SteeringWheel_t::UpData(float, float, float, float) 0x080050b1   Thumb Code   606  main.o(i._ZN15SteeringWheel_t6UpDataEffff)
    RM_RefereeSystem::RM_RefereeSystemDir()  0x08005335   Thumb Code    42  rm_refereesystem.o(i._ZN16RM_RefereeSystem19RM_RefereeSystemDirEv)
    RM_RefereeSystem::RM_RefereeSystemInit() 0x08005365   Thumb Code    10  rm_refereesystem.o(i._ZN16RM_RefereeSystem20RM_RefereeSystemInitEv)
    RM_RefereeSystem::RM_RefereeSystemDelete(char, char) 0x08005379   Thumb Code   152  rm_refereesystem.o(i._ZN16RM_RefereeSystem22RM_RefereeSystemDeleteEcc)
    RM_RefereeSystem::RM_RefereeSystemSetInt(char*, unsigned, int, unsigned, unsigned) 0x08005419   Thumb Code   194  rm_refereesystem.o(i._ZN16RM_RefereeSystem22RM_RefereeSystemSetIntEPcjijj)
    RM_RefereeSystem::RM_RefereeSystemSetStr(char*, unsigned, char*, unsigned, unsigned) 0x080054e1   Thumb Code   182  rm_refereesystem.o(i._ZN16RM_RefereeSystem22RM_RefereeSystemSetStrEPcjS0_jj)
    RM_RefereeSystem::RM_RefereeSystemClsToop() 0x0800559d   Thumb Code    14  rm_refereesystem.o(i._ZN16RM_RefereeSystem23RM_RefereeSystemClsToopEv)
    RM_RefereeSystem::RM_RefereeSystemSendStr(RM_RefereeSystem::ext_client_custom_character_t) 0x080055b1   Thumb Code   172  rm_refereesystem.o(i._ZN16RM_RefereeSystem23RM_RefereeSystemSendStrENS_29ext_client_custom_character_tE)
    RM_RefereeSystem::RM_RefereeSystemSetLine(char*, unsigned, unsigned, unsigned, unsigned, unsigned) 0x08005665   Thumb Code   154  rm_refereesystem.o(i._ZN16RM_RefereeSystem23RM_RefereeSystemSetLineEPcjjjjj)
    RM_RefereeSystem::RM_RefereeSystemSetArced(char*, unsigned, unsigned, unsigned, unsigned, unsigned, unsigned, unsigned) 0x08005705   Thumb Code   184  rm_refereesystem.o(i._ZN16RM_RefereeSystem24RM_RefereeSystemSetArcedEPcjjjjjjj)
    RM_RefereeSystem::RM_RefereeSystemSetColor(int) 0x080057c1   Thumb Code     6  rm_refereesystem.o(i._ZN16RM_RefereeSystem24RM_RefereeSystemSetColorEi)
    RM_RefereeSystem::RM_RefereeSystemSetWidth(int) 0x080057cd   Thumb Code     6  rm_refereesystem.o(i._ZN16RM_RefereeSystem24RM_RefereeSystemSetWidthEi)
    RM_RefereeSystem::RM_RefereeSystemSendDataN(const RM_RefereeSystem::graphic_data_struct_t*, int) 0x080057d9   Thumb Code   248  rm_refereesystem.o(i._ZN16RM_RefereeSystem25RM_RefereeSystemSendDataNEPKNS_21graphic_data_struct_tEi)
    RM_RefereeSystem::RM_RefereeSystemSetCircle(char*, unsigned, unsigned, unsigned, unsigned) 0x080058d9   Thumb Code   140  rm_refereesystem.o(i._ZN16RM_RefereeSystem25RM_RefereeSystemSetCircleEPcjjjj)
    RM_RefereeSystem::RM_RefereeSystemGetRobotId() 0x08005969   Thumb Code   118  rm_refereesystem.o(i._ZN16RM_RefereeSystem26RM_RefereeSystemGetRobotIdEv)
    RM_RefereeSystem::RM_RefereeSystemSetRectangle(char*, unsigned, unsigned, unsigned, unsigned, unsigned) 0x080059e5   Thumb Code   156  rm_refereesystem.o(i._ZN16RM_RefereeSystem28RM_RefereeSystemSetRectangleEPcjjjjj)
    RM_RefereeSystem::RM_RefereeSystemSetStringSize(int) 0x08005a85   Thumb Code     6  rm_refereesystem.o(i._ZN16RM_RefereeSystem29RM_RefereeSystemSetStringSizeEi)
    RM_RefereeSystem::RM_RefereeSystemSetOperateTpye(int) 0x08005a91   Thumb Code     6  rm_refereesystem.o(i._ZN16RM_RefereeSystem30RM_RefereeSystemSetOperateTpyeEi)
    SEND_GRAPHIC_QUEUE::add(RM_RefereeSystem::graphic_data_struct_t) 0x08005a9d   Thumb Code    44  main.o(i._ZN18SEND_GRAPHIC_QUEUE3addEN16RM_RefereeSystem21graphic_data_struct_tE)
    SEND_GRAPHIC_QUEUE::send()               0x08005ac9   Thumb Code   176  main.o(i._ZN18SEND_GRAPHIC_QUEUE4sendEv)
    SEND_GRAPHIC_QUEUE::add_wz(RM_RefereeSystem::ext_client_custom_character_t) 0x08005b7d   Thumb Code    52  main.o(i._ZN18SEND_GRAPHIC_QUEUE6add_wzEN16RM_RefereeSystem29ext_client_custom_character_tE)
    RM_RefereeSystemCRC::Get_CRC8_Check_Sum(unsigned char*, unsigned, unsigned char) 0x08005bb1   Thumb Code    22  rm_refereesystemcrc.o(i._ZN19RM_RefereeSystemCRC18Get_CRC8_Check_SumEPhjh)
    RM_RefereeSystemCRC::Get_CRC16_Check_Sum(unsigned char*, unsigned, unsigned short) 0x08005bcd   Thumb Code    38  rm_refereesystemcrc.o(i._ZN19RM_RefereeSystemCRC19Get_CRC16_Check_SumEPhjt)
    RM_RefereeSystemCRC::Append_CRC8_Check_Sum(unsigned char*, unsigned) 0x08005bf9   Thumb Code    28  rm_refereesystemcrc.o(i._ZN19RM_RefereeSystemCRC21Append_CRC8_Check_SumEPhj)
    RM_RefereeSystemCRC::Append_CRC16_Check_Sum(unsigned char*, unsigned) 0x08005c15   Thumb Code    36  rm_refereesystemcrc.o(i._ZN19RM_RefereeSystemCRC22Append_CRC16_Check_SumEPhj)
    RM_Key::UpKey(bool)                      0x08005c3d   Thumb Code    34  main.o(i._ZN6RM_Key5UpKeyEb)
    RM_PID::GetPidPos(Kpid_t, double, double, double) 0x08005c61   Thumb Code   420  main.o(i._ZN6RM_PID9GetPidPosE6Kpid_tddd)
    RM_PID::RM_PID()                         0x08005e0d   Thumb Code    34  main.o(i._ZN6RM_PIDC1Ev)
    RM_PID::RM_PID__sub_object()             0x08005e0d   Thumb Code     0  main.o(i._ZN6RM_PIDC1Ev)
    Motor_t::Motor_t()                       0x08005e3d   Thumb Code    32  main.o(i._ZN7Motor_tC1Ev)
    Motor_t::Motor_t__sub_object()           0x08005e3d   Thumb Code     0  main.o(i._ZN7Motor_tC1Ev)
    RM_PM01::PM01SendFun()                   0x08005e5d   Thumb Code   216  main.o(i._ZN7RM_PM0111PM01SendFunEv)
    RM_PM01::PM01SendData(unsigned, unsigned short) 0x08005f51   Thumb Code    46  main.o(i._ZN7RM_PM0112PM01SendDataEjt)
    RM_PM01::PM01SendRemote(unsigned)        0x08005f85   Thumb Code    32  main.o(i._ZN7RM_PM0114PM01SendRemoteEj)
    RM_PM01::PM01Parse(CAN_RxHeaderTypeDef, unsigned char*) 0x08005fa9   Thumb Code   236  main.o(i._ZN7RM_PM019PM01ParseE19CAN_RxHeaderTypeDefPh)
    RM_Motor::MinPosHelm(float, float, float*, float, float) 0x0800609d   Thumb Code   432  main.o(i._ZN8RM_Motor10MinPosHelmEffPfff)
    RM_Motor::GetMotorDataPos(short)         0x0800625d   Thumb Code    28  main.o(i._ZN8RM_Motor15GetMotorDataPosEs)
    RM_Motor::GetMotorDataSpeed(short)       0x08006279   Thumb Code    28  main.o(i._ZN8RM_Motor17GetMotorDataSpeedEs)
    RM_Motor::Zero_crossing_processing(float, float, float) 0x08006295   Thumb Code   226  main.o(i._ZN8RM_Motor24Zero_crossing_processingEfff)
    RM_Motor::Parse(CAN_RxHeaderTypeDef, unsigned char*) 0x08006381   Thumb Code   276  main.o(i._ZN8RM_Motor5ParseE19CAN_RxHeaderTypeDefPh)
    RM_Motor::RM_Motor(short, unsigned char, Motor_t*, unsigned char*) 0x08006495   Thumb Code    98  main.o(i._ZN8RM_MotorC1EshP7Motor_tPh)
    RM_Motor::RM_Motor__sub_object(short, unsigned char, Motor_t*, unsigned char*) 0x08006495   Thumb Code     0  main.o(i._ZN8RM_MotorC1EshP7Motor_tPh)
    std::cos(float)                          0x080064f7   Thumb Code     4  main.o(i._ZSt3cosf)
    std::sin(float)                          0x080064fb   Thumb Code     4  main.o(i._ZSt3sinf)
    std::fmod(float, float)                  0x080064ff   Thumb Code     4  main.o(i._ZSt4fmodff)
    std::sqrt(float)                         0x08006503   Thumb Code     4  main.o(i._ZSt4sqrtf)
    std::atan2(float, float)                 0x08006507   Thumb Code     4  main.o(i._ZSt5atan2ff)
    __ARM_fpclassify                         0x0800650b   Thumb Code    48  fpclassify.o(i.__ARM_fpclassify)
    __ARM_fpclassifyf                        0x0800653b   Thumb Code    38  fpclassifyf.o(i.__ARM_fpclassifyf)
    __aeabi_vec_ctor_nocookie_nodtor         0x08006581   Thumb Code    36  aeabi_vec_ctor_nocookie_nodtor.o(i.__aeabi_vec_ctor_nocookie_nodtor)
    __hardfp_asin                            0x080065a9   Thumb Code   770  asin.o(i.__hardfp_asin)
    __hardfp_atan2f                          0x08006909   Thumb Code   594  atan2f.o(i.__hardfp_atan2f)
    __hardfp_cosf                            0x08006bb5   Thumb Code   280  cosf.o(i.__hardfp_cosf)
    __hardfp_fabs                            0x08006d05   Thumb Code    20  fabs.o(i.__hardfp_fabs)
    __hardfp_fmodf                           0x08006d19   Thumb Code   176  fmodf.o(i.__hardfp_fmodf)
    __hardfp_sinf                            0x08006dc9   Thumb Code   344  sinf.o(i.__hardfp_sinf)
    __hardfp_sqrtf                           0x08006f59   Thumb Code    58  sqrtf.o(i.__hardfp_sqrtf)
    __kernel_poly                            0x08006f93   Thumb Code   248  poly.o(i.__kernel_poly)
    __mathlib_dbl_infnan                     0x0800708b   Thumb Code    20  dunder.o(i.__mathlib_dbl_infnan)
    __mathlib_dbl_invalid                    0x080070a1   Thumb Code    24  dunder.o(i.__mathlib_dbl_invalid)
    __mathlib_dbl_underflow                  0x080070c1   Thumb Code    24  dunder.o(i.__mathlib_dbl_underflow)
    __mathlib_flt_infnan                     0x080070e1   Thumb Code     6  funder.o(i.__mathlib_flt_infnan)
    __mathlib_flt_infnan2                    0x080070e7   Thumb Code     6  funder.o(i.__mathlib_flt_infnan2)
    __mathlib_flt_invalid                    0x080070ed   Thumb Code    10  funder.o(i.__mathlib_flt_invalid)
    __mathlib_flt_underflow                  0x080070fd   Thumb Code    10  funder.o(i.__mathlib_flt_underflow)
    __mathlib_rredf2                         0x0800710d   Thumb Code   316  rredf.o(i.__mathlib_rredf2)
    fabs                                     0x080076b1   Thumb Code    24  fabs.o(i.fabs)
    main                                     0x080076c9   Thumb Code   290  main.o(i.main)
    sqrt                                     0x08007825   Thumb Code   110  sqrt.o(i.sqrt)
    __aeabi_dneg                             0x08007893   Thumb Code     0  basic.o(x$fpl$basic)
    _dneg                                    0x08007893   Thumb Code     6  basic.o(x$fpl$basic)
    __aeabi_fneg                             0x08007899   Thumb Code     0  basic.o(x$fpl$basic)
    _fneg                                    0x08007899   Thumb Code     6  basic.o(x$fpl$basic)
    _dabs                                    0x0800789f   Thumb Code     6  basic.o(x$fpl$basic)
    _fabs                                    0x080078a5   Thumb Code     6  basic.o(x$fpl$basic)
    __aeabi_d2f                              0x080078ad   Thumb Code     0  d2f.o(x$fpl$d2f)
    _d2f                                     0x080078ad   Thumb Code    98  d2f.o(x$fpl$d2f)
    __aeabi_dadd                             0x08007911   Thumb Code     0  daddsub_clz.o(x$fpl$dadd)
    _dadd                                    0x08007911   Thumb Code   332  daddsub_clz.o(x$fpl$dadd)
    __fpl_dcmp_Inf                           0x08007a61   Thumb Code    24  dcmpi.o(x$fpl$dcmpinf)
    __aeabi_ddiv                             0x08007a79   Thumb Code     0  ddiv.o(x$fpl$ddiv)
    _ddiv                                    0x08007a79   Thumb Code   552  ddiv.o(x$fpl$ddiv)
    __aeabi_cdcmpeq                          0x08007d29   Thumb Code     0  deqf.o(x$fpl$deqf)
    _dcmpeq                                  0x08007d29   Thumb Code   120  deqf.o(x$fpl$deqf)
    __aeabi_d2iz                             0x08007da1   Thumb Code     0  dfix.o(x$fpl$dfix)
    _dfix                                    0x08007da1   Thumb Code    94  dfix.o(x$fpl$dfix)
    __aeabi_i2d                              0x08007dff   Thumb Code     0  dflt_clz.o(x$fpl$dflt)
    _dflt                                    0x08007dff   Thumb Code    46  dflt_clz.o(x$fpl$dflt)
    __aeabi_cdcmple                          0x08007e2d   Thumb Code     0  dleqf.o(x$fpl$dleqf)
    _dcmple                                  0x08007e2d   Thumb Code   120  dleqf.o(x$fpl$dleqf)
    __fpl_dcmple_InfNaN                      0x08007e8f   Thumb Code     0  dleqf.o(x$fpl$dleqf)
    __aeabi_dmul                             0x08007ea5   Thumb Code     0  dmul.o(x$fpl$dmul)
    _dmul                                    0x08007ea5   Thumb Code   332  dmul.o(x$fpl$dmul)
    __fpl_dnaninf                            0x08007ff9   Thumb Code   156  dnaninf.o(x$fpl$dnaninf)
    __fpl_dretinf                            0x08008095   Thumb Code    12  dretinf.o(x$fpl$dretinf)
    __aeabi_cdrcmple                         0x080080a1   Thumb Code     0  drleqf.o(x$fpl$drleqf)
    _drcmple                                 0x080080a1   Thumb Code   108  drleqf.o(x$fpl$drleqf)
    __aeabi_drsub                            0x0800810d   Thumb Code     0  daddsub_clz.o(x$fpl$drsb)
    _drsb                                    0x0800810d   Thumb Code    22  daddsub_clz.o(x$fpl$drsb)
    _dsqrt                                   0x08008125   Thumb Code   404  dsqrt_umaal.o(x$fpl$dsqrt)
    __aeabi_dsub                             0x080082bd   Thumb Code     0  daddsub_clz.o(x$fpl$dsub)
    _dsub                                    0x080082bd   Thumb Code   464  daddsub_clz.o(x$fpl$dsub)
    __aeabi_f2d                              0x08008491   Thumb Code     0  f2d.o(x$fpl$f2d)
    _f2d                                     0x08008491   Thumb Code    86  f2d.o(x$fpl$f2d)
    __fpl_fnaninf                            0x080084e7   Thumb Code   140  fnaninf.o(x$fpl$fnaninf)
    _fp_init                                 0x08008573   Thumb Code    10  fpinit.o(x$fpl$fpinit)
    __fplib_config_fpu_vfp                   0x0800857b   Thumb Code     0  fpinit.o(x$fpl$fpinit)
    __fplib_config_pureend_doubles           0x0800857b   Thumb Code     0  fpinit.o(x$fpl$fpinit)
    _frem                                    0x0800857d   Thumb Code   240  frem_clz.o(x$fpl$frem)
    __fpl_fretinf                            0x08008671   Thumb Code    10  fretinf.o(x$fpl$fretinf)
    __I$use$fp                               0x0800867a   Number         0  usenofp.o(x$fpl$usenofp)
    AHBPrescTable                            0x08008bd8   Data          16  system_stm32f4xx.o(.constdata)
    APBPrescTable                            0x08008be8   Data           8  system_stm32f4xx.o(.constdata)
    Region$$Table$$Base                      0x08008f60   Number         0  anon$$obj.o(Region$$Table)
    Region$$Table$$Limit                     0x08008f80   Number         0  anon$$obj.o(Region$$Table)
    SHT$$INIT_ARRAY$$Base                    0x08008f80   Number         0  main.o(.init_array)
    SHT$$INIT_ARRAY$$Limit                   0x08008f84   Number         0  init_aeabi.o(.init_array)
    _Motor2006_ID_                           0x20000000   Data           1  main.o(.data)
    wwww                                     0x20000001   Data           1  main.o(.data)
    switch_sin                               0x20000002   Data           1  main.o(.data)
    dir                                      0x20000005   Data           1  main.o(.data)
    now_zx_v                                 0x20000006   Data           1  main.o(.data)
    last_zx_v                                0x20000007   Data           1  main.o(.data)
    is_up_ui                                 0x20000008   Data           1  main.o(.data)
    dianlu                                   0x2000000a   Data           2  main.o(.data)
    dianlupid                                0x2000000c   Data           2  main.o(.data)
    _Motor3508_ID_                           0x2000000e   Data           4  main.o(.data)
    _Motor6020_ID_                           0x20000012   Data           4  main.o(.data)
    cos_xita                                 0x20000018   Data           4  main.o(.data)
    sin_xita                                 0x2000001c   Data           4  main.o(.data)
    vw                                       0x20000020   Data           4  main.o(.data)
    kvw                                      0x20000024   Data           4  main.o(.data)
    vx                                       0x20000028   Data           4  main.o(.data)
    vy                                       0x2000002c   Data           4  main.o(.data)
    vxy_kvw                                  0x20000030   Data           4  main.o(.data)
    yaw_e_xita                               0x20000034   Data           4  main.o(.data)
    yaw_e_radian                             0x20000038   Data           4  main.o(.data)
    HZ                                       0x2000003c   Data           4  main.o(.data)
    shift_vxy_zoom                           0x20000040   Data           4  main.o(.data)
    sintt                                    0x20000044   Data           4  main.o(.data)
    sin_out                                  0x20000048   Data           4  main.o(.data)
    pitch_out                                0x2000004c   Data           4  main.o(.data)
    yaw_out                                  0x20000050   Data           4  main.o(.data)
    last_sin                                 0x20000054   Data           4  main.o(.data)
    der_sin                                  0x20000058   Data           4  main.o(.data)
    sin_k                                    0x2000005c   Data           4  main.o(.data)
    Send_ms                                  0x20000060   Data           4  main.o(.data)
    Ctrl_Key                                 0x20000064   Data           4  main.o(.data)
    MCL_Key                                  0x20000068   Data           4  main.o(.data)
    CM_Key                                   0x2000006c   Data           4  main.o(.data)
    BP_Key                                   0x20000070   Data           4  main.o(.data)
    angle_ly                                 0x20000074   Data           4  main.o(.data)
    ly                                       0x20000078   Data           4  main.o(.data)
    NonLinear_Fun::fhan_d                    0x2000007c   Data           4  main.o(.data)
    NonLinear_Fun::fhan_a0                   0x20000080   Data           4  main.o(.data)
    NonLinear_Fun::fhan_y                    0x20000084   Data           4  main.o(.data)
    NonLinear_Fun::fhan_a1                   0x20000088   Data           4  main.o(.data)
    NonLinear_Fun::fhan_a2                   0x2000008c   Data           4  main.o(.data)
    NonLinear_Fun::fhan_a                    0x20000090   Data           4  main.o(.data)
    RxHeaderData                             0x20000094   Data           8  main.o(.data)
    RM_Clicker::dirTime                      0x2000009c   Data           8  main.o(.data)
    msd_6020                                 0x200000a4   Data           8  main.o(.data)
    msd_3508_2006                            0x200000ac   Data           8  main.o(.data)
    darw_graphic_ui_time                     0x200000b4   Data           8  main.o(.data)
    uwTickFreq                               0x200000c0   Data           1  stm32f4xx_hal.o(.data)
    uwTickPrio                               0x200000c4   Data           4  stm32f4xx_hal.o(.data)
    uwTick                                   0x200000c8   Data           4  stm32f4xx_hal.o(.data)
    SystemCoreClock                          0x200000cc   Data           4  system_stm32f4xx.o(.data)
    RM_RefereeSystemCRC::CRC_INIT            0x200000d0   Data           2  rm_refereesystemcrc.o(.data)
    RM_RefereeSystemDirFlag                  0x200000d4   Data           1  rm_refereesystem.o(.data)
    RM_RefereeSystemp8Data                   0x200000d5   Data           1  rm_refereesystem.o(.data)
    dirTime                                  0x200000e0   Data           8  rm_refereesystem.o(.data)
    RM_RefereeSystemToop                     0x200000e8   Data          16  rm_refereesystem.o(.data)
    RM_RefereeSystem::rrrdata                0x200000f8   Data          20  rm_refereesystem.o(.data)
    _Motor2006_                              0x20000110   Data         680  main.o(.bss)
    _Motor3508_                              0x200003b8   Data        2720  main.o(.bss)
    _Motor6020_                              0x20000e58   Data        2720  main.o(.bss)
    isminmode                                0x200018f8   Data          32  main.o(.bss)
    RM_Clicker::RC_Ctl                       0x20001918   Data          22  main.o(.bss)
    RM_Clicker::pData                        0x2000192e   Data          18  main.o(.bss)
    Motor2006                                0x20001960   Data          16  main.o(.bss)
    Motor3508                                0x20001970   Data          16  main.o(.bss)
    Motor6020                                0x20001980   Data          16  main.o(.bss)
    pm01                                     0x20001990   Data          92  main.o(.bss)
    tar_AGV_angle                            0x200019ec   Data          16  main.o(.bss)
    tar_AGV_speed                            0x200019fc   Data          16  main.o(.bss)
    Zero_crossing                            0x20001a0c   Data          16  main.o(.bss)
    AGV_wheel                                0x20001a1c   Data          32  main.o(.bss)
    dm_yaw                                   0x20001a3c   Data          52  main.o(.bss)
    YAW_pid                                  0x20001a70   Data         160  main.o(.bss)
    YAW_pid_Init                             0x20001b10   Data          24  main.o(.bss)
    wheel_ladrc_left_1                       0x20001b28   Data         132  main.o(.bss)
    wheel_ladrc_left_2                       0x20001bac   Data         132  main.o(.bss)
    wheel_ladrc_right_1                      0x20001c30   Data         132  main.o(.bss)
    wheel_ladrc_right_2                      0x20001cb4   Data         132  main.o(.bss)
    AGV_pid_Init                             0x20001d38   Data          24  main.o(.bss)
    AGV_angle_speed_Init                     0x20001d50   Data          24  main.o(.bss)
    Speed_0x205                              0x20001d68   Data          32  main.o(.bss)
    AGV_pid                                  0x20001d88   Data         640  main.o(.bss)
    AGV_angle_speed_pid                      0x20002008   Data         640  main.o(.bss)
    ude_chassis_0x205                        0x20002288   Data          40  main.o(.bss)
    AGV_speed                                0x200022b0   Data         640  main.o(.bss)
    AGV_speed_Init                           0x20002530   Data          24  main.o(.bss)
    wheel_td_left_1                          0x20002548   Data          32  main.o(.bss)
    wheel_td_left_2                          0x20002568   Data          32  main.o(.bss)
    wheel_td_right_1                         0x20002588   Data          32  main.o(.bss)
    wheel_td_right_2                         0x200025a8   Data          32  main.o(.bss)
    td_vw                                    0x200025c8   Data          32  main.o(.bss)
    td_vx                                    0x200025e8   Data          32  main.o(.bss)
    td_vy                                    0x20002608   Data          32  main.o(.bss)
    td_zero                                  0x20002628   Data          32  main.o(.bss)
    Gimbal_to_Chassis_Data                   0x20002648   Data          92  main.o(.bss)
    dianlutd                                 0x200026a4   Data          32  main.o(.bss)
    send_str2                                0x200026c4   Data          64  main.o(.bss)
    lsd                                      0x20002708   Data         160  main.o(.bss)
    RxHeader                                 0x200027a8   Data          28  main.o(.bss)
    send_graphic_queue                       0x200027c4   Data        1654  main.o(.bss)
    hcan1                                    0x20002e3c   Data          40  can.o(.bss)
    hcan2                                    0x20002e64   Data          40  can.o(.bss)
    htim5                                    0x20002e8c   Data          72  tim.o(.bss)
    htim6                                    0x20002ed4   Data          72  tim.o(.bss)
    htim7                                    0x20002f1c   Data          72  tim.o(.bss)
    huart1                                   0x20002f64   Data          72  usart.o(.bss)
    huart3                                   0x20002fac   Data          72  usart.o(.bss)
    huart6                                   0x20002ff4   Data          72  usart.o(.bss)
    hdma_usart1_tx                           0x2000303c   Data          96  usart.o(.bss)
    hdma_usart1_rx                           0x2000309c   Data          96  usart.o(.bss)
    hdma_usart6_tx                           0x200030fc   Data          96  usart.o(.bss)
    hdma_usart6_rx                           0x2000315c   Data          96  usart.o(.bss)
    RM_RefereeSystemData                     0x200031bc   Data         120  rm_refereesystem.o(.bss)
    RM_RefereeSystemData01                   0x20003234   Data         120  rm_refereesystem.o(.bss)
    ext_power_heat_data_0x0201               0x200032ac   Data          13  rm_refereesystem.o(.bss)
    ext_power_heat_data_0x0202               0x200032b9   Data          16  rm_refereesystem.o(.bss)
    map_command_0x0303                       0x200032c9   Data          15  rm_refereesystem.o(.bss)
    tx_buf                                   0x200032d8   Data         128  rm_refereesystem.o(.bss)
    __libspace_start                         0x2000338c   Data          96  libspace.o(.bss)
    __temporary_stack_top$libspace           0x200033ec   Data           0  libspace.o(.bss)



==============================================================================

Memory Map of the image

  Image Entry point : 0x08000189

  Load Region LR_IROM1 (Base: 0x08000000, Size: 0x00009090, Max: 0x00100000, ABSOLUTE)

    Execution Region ER_IROM1 (Exec base: 0x08000000, Load base: 0x08000000, Size: 0x00008f84, Max: 0x00100000, ABSOLUTE)

    Exec Addr    Load Addr    Size         Type   Attr      Idx    E Section Name        Object

    0x08000000   0x08000000   0x00000188   Data   RO            3    RESET               startup_stm32f407xx.o
    0x08000188   0x08000188   0x00000008   Code   RO         4534  * !!!main             c_w.l(__main.o)
    0x08000190   0x08000190   0x00000034   Code   RO         5106    !!!scatter          c_w.l(__scatter.o)
    0x080001c4   0x080001c4   0x0000001a   Code   RO         5108    !!handler_copy      c_w.l(__scatter_copy.o)
    0x080001de   0x080001de   0x00000002   PAD
    0x080001e0   0x080001e0   0x0000001c   Code   RO         5110    !!handler_zi        c_w.l(__scatter_zi.o)
    0x080001fc   0x080001fc   0x00000000   Code   RO         4521    .ARM.Collect$$_printf_percent$$00000000  c_w.l(_printf_percent.o)
    0x080001fc   0x080001fc   0x00000006   Code   RO         4519    .ARM.Collect$$_printf_percent$$00000009  c_w.l(_printf_d.o)
    0x08000202   0x08000202   0x00000004   Code   RO         4702    .ARM.Collect$$_printf_percent$$00000017  c_w.l(_printf_percent_end.o)
    0x08000206   0x08000206   0x00000002   Code   RO         4909    .ARM.Collect$$libinit$$00000000  c_w.l(libinit.o)
    0x08000208   0x08000208   0x00000004   Code   RO         4703    .ARM.Collect$$libinit$$00000001  c_w.l(libinit2.o)
    0x0800020c   0x0800020c   0x00000000   Code   RO         4706    .ARM.Collect$$libinit$$00000004  c_w.l(libinit2.o)
    0x0800020c   0x0800020c   0x00000000   Code   RO         4709    .ARM.Collect$$libinit$$0000000A  c_w.l(libinit2.o)
    0x0800020c   0x0800020c   0x00000000   Code   RO         4711    .ARM.Collect$$libinit$$0000000C  c_w.l(libinit2.o)
    0x0800020c   0x0800020c   0x00000000   Code   RO         4713    .ARM.Collect$$libinit$$0000000E  c_w.l(libinit2.o)
    0x0800020c   0x0800020c   0x00000000   Code   RO         4716    .ARM.Collect$$libinit$$00000011  c_w.l(libinit2.o)
    0x0800020c   0x0800020c   0x00000000   Code   RO         4718    .ARM.Collect$$libinit$$00000013  c_w.l(libinit2.o)
    0x0800020c   0x0800020c   0x00000000   Code   RO         4720    .ARM.Collect$$libinit$$00000015  c_w.l(libinit2.o)
    0x0800020c   0x0800020c   0x00000000   Code   RO         4722    .ARM.Collect$$libinit$$00000017  c_w.l(libinit2.o)
    0x0800020c   0x0800020c   0x00000000   Code   RO         4724    .ARM.Collect$$libinit$$00000019  c_w.l(libinit2.o)
    0x0800020c   0x0800020c   0x00000000   Code   RO         4726    .ARM.Collect$$libinit$$0000001B  c_w.l(libinit2.o)
    0x0800020c   0x0800020c   0x00000000   Code   RO         4728    .ARM.Collect$$libinit$$0000001D  c_w.l(libinit2.o)
    0x0800020c   0x0800020c   0x00000000   Code   RO         4730    .ARM.Collect$$libinit$$0000001F  c_w.l(libinit2.o)
    0x0800020c   0x0800020c   0x00000000   Code   RO         4732    .ARM.Collect$$libinit$$00000021  c_w.l(libinit2.o)
    0x0800020c   0x0800020c   0x00000000   Code   RO         4734    .ARM.Collect$$libinit$$00000023  c_w.l(libinit2.o)
    0x0800020c   0x0800020c   0x00000000   Code   RO         4736    .ARM.Collect$$libinit$$00000025  c_w.l(libinit2.o)
    0x0800020c   0x0800020c   0x00000000   Code   RO         4740    .ARM.Collect$$libinit$$0000002C  c_w.l(libinit2.o)
    0x0800020c   0x0800020c   0x00000000   Code   RO         4742    .ARM.Collect$$libinit$$0000002E  c_w.l(libinit2.o)
    0x0800020c   0x0800020c   0x00000000   Code   RO         4744    .ARM.Collect$$libinit$$00000030  c_w.l(libinit2.o)
    0x0800020c   0x0800020c   0x00000004   Code   RO         4745    .ARM.Collect$$libinit$$00000031  c_w.l(libinit2.o)
    0x08000210   0x08000210   0x00000000   Code   RO         4746    .ARM.Collect$$libinit$$00000032  c_w.l(libinit2.o)
    0x08000210   0x08000210   0x00000002   Code   RO         4747    .ARM.Collect$$libinit$$00000033  c_w.l(libinit2.o)
    0x08000212   0x08000212   0x00000002   Code   RO         5067    .ARM.Collect$$libshutdown$$00000000  c_w.l(libshutdown.o)
    0x08000214   0x08000214   0x00000000   Code   RO         5083    .ARM.Collect$$libshutdown$$00000002  c_w.l(libshutdown2.o)
    0x08000214   0x08000214   0x00000000   Code   RO         5085    .ARM.Collect$$libshutdown$$00000004  c_w.l(libshutdown2.o)
    0x08000214   0x08000214   0x00000000   Code   RO         5087    .ARM.Collect$$libshutdown$$00000006  c_w.l(libshutdown2.o)
    0x08000214   0x08000214   0x00000000   Code   RO         5090    .ARM.Collect$$libshutdown$$00000009  c_w.l(libshutdown2.o)
    0x08000214   0x08000214   0x00000000   Code   RO         5093    .ARM.Collect$$libshutdown$$0000000C  c_w.l(libshutdown2.o)
    0x08000214   0x08000214   0x00000000   Code   RO         5095    .ARM.Collect$$libshutdown$$0000000E  c_w.l(libshutdown2.o)
    0x08000214   0x08000214   0x00000000   Code   RO         5098    .ARM.Collect$$libshutdown$$00000011  c_w.l(libshutdown2.o)
    0x08000214   0x08000214   0x00000002   Code   RO         5099    .ARM.Collect$$libshutdown$$00000012  c_w.l(libshutdown2.o)
    0x08000216   0x08000216   0x00000000   Code   RO         4687    .ARM.Collect$$rtentry$$00000000  c_w.l(__rtentry.o)
    0x08000216   0x08000216   0x00000000   Code   RO         4818    .ARM.Collect$$rtentry$$00000002  c_w.l(__rtentry2.o)
    0x08000216   0x08000216   0x00000006   Code   RO         4830    .ARM.Collect$$rtentry$$00000004  c_w.l(__rtentry4.o)
    0x0800021c   0x0800021c   0x00000000   Code   RO         4820    .ARM.Collect$$rtentry$$00000009  c_w.l(__rtentry2.o)
    0x0800021c   0x0800021c   0x00000004   Code   RO         4821    .ARM.Collect$$rtentry$$0000000A  c_w.l(__rtentry2.o)
    0x08000220   0x08000220   0x00000000   Code   RO         4823    .ARM.Collect$$rtentry$$0000000C  c_w.l(__rtentry2.o)
    0x08000220   0x08000220   0x00000008   Code   RO         4824    .ARM.Collect$$rtentry$$0000000D  c_w.l(__rtentry2.o)
    0x08000228   0x08000228   0x00000002   Code   RO         4919    .ARM.Collect$$rtexit$$00000000  c_w.l(rtexit.o)
    0x0800022a   0x0800022a   0x00000000   Code   RO         5007    .ARM.Collect$$rtexit$$00000002  c_w.l(rtexit2.o)
    0x0800022a   0x0800022a   0x00000004   Code   RO         5008    .ARM.Collect$$rtexit$$00000003  c_w.l(rtexit2.o)
    0x0800022e   0x0800022e   0x00000006   Code   RO         5009    .ARM.Collect$$rtexit$$00000004  c_w.l(rtexit2.o)
    0x08000234   0x08000234   0x00000040   Code   RO            4    .text               startup_stm32f407xx.o
    0x08000274   0x08000274   0x000000ee   Code   RO         4489    .text               c_w.l(lludivv7m.o)
    0x08000362   0x08000362   0x00000002   PAD
    0x08000364   0x08000364   0x00000028   Code   RO         4493    .text               c_w.l(noretval__2sprintf.o)
    0x0800038c   0x0800038c   0x00000068   Code   RO         4495    .text               c_w.l(__printf.o)
    0x080003f4   0x080003f4   0x00000078   Code   RO         4497    .text               c_w.l(_printf_dec.o)
    0x0800046c   0x0800046c   0x0000003e   Code   RO         4522    .text               c_w.l(strlen.o)
    0x080004aa   0x080004aa   0x0000008a   Code   RO         4524    .text               c_w.l(rt_memcpy_v6.o)
    0x08000534   0x08000534   0x00000064   Code   RO         4526    .text               c_w.l(rt_memcpy_w.o)
    0x08000598   0x08000598   0x00000044   Code   RO         4528    .text               c_w.l(rt_memclr.o)
    0x080005dc   0x080005dc   0x0000004e   Code   RO         4530    .text               c_w.l(rt_memclr_w.o)
    0x0800062a   0x0800062a   0x00000006   Code   RO         4532    .text               c_w.l(heapauxi.o)
    0x08000630   0x08000630   0x00000024   Code   RO         4539    .text               c_w.l(init_aeabi.o)
    0x08000654   0x08000654   0x00000016   Code   RO         4692    .text               c_w.l(_rserrno.o)
    0x0800066a   0x0800066a   0x000000b2   Code   RO         4694    .text               c_w.l(_printf_intcommon.o)
    0x0800071c   0x0800071c   0x00000030   Code   RO         4698    .text               c_w.l(_printf_char_common.o)
    0x0800074c   0x0800074c   0x0000000a   Code   RO         4700    .text               c_w.l(_sputc.o)
    0x08000756   0x08000756   0x00000002   PAD
    0x08000758   0x08000758   0x00000008   Code   RO         4842    .text               c_w.l(rt_errno_addr_intlibspace.o)
    0x08000760   0x08000760   0x00000008   Code   RO         4887    .text               c_w.l(libspace.o)
    0x08000768   0x08000768   0x0000004a   Code   RO         4890    .text               c_w.l(sys_stackheap_outer.o)
    0x080007b2   0x080007b2   0x00000012   Code   RO         4892    .text               c_w.l(exit.o)
    0x080007c4   0x080007c4   0x0000000c   Code   RO         4999    .text               c_w.l(sys_exit.o)
    0x080007d0   0x080007d0   0x00000002   Code   RO         5001    .text               c_w.l(use_no_semi.o)
    0x080007d2   0x080007d2   0x00000000   Code   RO         5005    .text               c_w.l(indicate_semi.o)
    0x080007d2   0x080007d2   0x00000002   PAD
    0x080007d4   0x080007d4   0x0000001c   Code   RO           13    i.<Func18>          main.o
    0x080007f0   0x080007f0   0x0000001c   Code   RO           14    i.<Func19>          main.o
    0x0800080c   0x0800080c   0x00000002   Code   RO         1231    i.BusFault_Handler  stm32f4xx_it.o
    0x0800080e   0x0800080e   0x00000002   PAD
    0x08000810   0x08000810   0x0000000c   Code   RO         1232    i.CAN1_RX0_IRQHandler  stm32f4xx_it.o
    0x0800081c   0x0800081c   0x0000000c   Code   RO         1233    i.CAN1_RX1_IRQHandler  stm32f4xx_it.o
    0x08000828   0x08000828   0x0000000c   Code   RO         1234    i.CAN2_RX0_IRQHandler  stm32f4xx_it.o
    0x08000834   0x08000834   0x0000000c   Code   RO         1235    i.CAN2_RX1_IRQHandler  stm32f4xx_it.o
    0x08000840   0x08000840   0x0000000c   Code   RO         1236    i.DMA2_Stream1_IRQHandler  stm32f4xx_it.o
    0x0800084c   0x0800084c   0x0000000c   Code   RO         1237    i.DMA2_Stream2_IRQHandler  stm32f4xx_it.o
    0x08000858   0x08000858   0x0000000c   Code   RO         1238    i.DMA2_Stream6_IRQHandler  stm32f4xx_it.o
    0x08000864   0x08000864   0x0000000c   Code   RO         1239    i.DMA2_Stream7_IRQHandler  stm32f4xx_it.o
    0x08000870   0x08000870   0x00000028   Code   RO         2108    i.DMA_CalcBaseAndBitshift  stm32f4xx_hal_dma.o
    0x08000898   0x08000898   0x00000054   Code   RO         2109    i.DMA_CheckFifoParam  stm32f4xx_hal_dma.o
    0x080008ec   0x080008ec   0x00000028   Code   RO         2110    i.DMA_SetConfig     stm32f4xx_hal_dma.o
    0x08000914   0x08000914   0x00000002   Code   RO         1240    i.DebugMon_Handler  stm32f4xx_it.o
    0x08000916   0x08000916   0x00000004   Code   RO           15    i.Error_Handler     main.o
    0x0800091a   0x0800091a   0x00000024   Code   RO         1416    i.HAL_CAN_ActivateNotification  stm32f4xx_hal_can.o
    0x0800093e   0x0800093e   0x000000d0   Code   RO         1417    i.HAL_CAN_AddTxMessage  stm32f4xx_hal_can.o
    0x08000a0e   0x08000a0e   0x00000002   PAD
    0x08000a10   0x08000a10   0x0000010c   Code   RO         1418    i.HAL_CAN_ConfigFilter  stm32f4xx_hal_can.o
    0x08000b1c   0x08000b1c   0x00000002   Code   RO         1421    i.HAL_CAN_ErrorCallback  stm32f4xx_hal_can.o
    0x08000b1e   0x08000b1e   0x000000f4   Code   RO         1424    i.HAL_CAN_GetRxMessage  stm32f4xx_hal_can.o
    0x08000c12   0x08000c12   0x0000002c   Code   RO         1426    i.HAL_CAN_GetTxMailboxesFreeLevel  stm32f4xx_hal_can.o
    0x08000c3e   0x08000c3e   0x000001fc   Code   RO         1428    i.HAL_CAN_IRQHandler  stm32f4xx_hal_can.o
    0x08000e3a   0x08000e3a   0x0000011a   Code   RO         1429    i.HAL_CAN_Init      stm32f4xx_hal_can.o
    0x08000f54   0x08000f54   0x00000118   Code   RO         1048    i.HAL_CAN_MspInit   can.o
    0x0800106c   0x0800106c   0x00000002   Code   RO         1436    i.HAL_CAN_RxFifo0FullCallback  stm32f4xx_hal_can.o
    0x0800106e   0x0800106e   0x00000002   PAD
    0x08001070   0x08001070   0x0000008c   Code   RO           16    i.HAL_CAN_RxFifo0MsgPendingCallback  main.o
    0x080010fc   0x080010fc   0x00000002   Code   RO         1438    i.HAL_CAN_RxFifo1FullCallback  stm32f4xx_hal_can.o
    0x080010fe   0x080010fe   0x00000002   Code   RO         1439    i.HAL_CAN_RxFifo1MsgPendingCallback  stm32f4xx_hal_can.o
    0x08001100   0x08001100   0x00000002   Code   RO         1440    i.HAL_CAN_SleepCallback  stm32f4xx_hal_can.o
    0x08001102   0x08001102   0x00000056   Code   RO         1441    i.HAL_CAN_Start     stm32f4xx_hal_can.o
    0x08001158   0x08001158   0x00000002   Code   RO         1443    i.HAL_CAN_TxMailbox0AbortCallback  stm32f4xx_hal_can.o
    0x0800115a   0x0800115a   0x00000002   Code   RO         1444    i.HAL_CAN_TxMailbox0CompleteCallback  stm32f4xx_hal_can.o
    0x0800115c   0x0800115c   0x00000002   Code   RO         1445    i.HAL_CAN_TxMailbox1AbortCallback  stm32f4xx_hal_can.o
    0x0800115e   0x0800115e   0x00000002   Code   RO         1446    i.HAL_CAN_TxMailbox1CompleteCallback  stm32f4xx_hal_can.o
    0x08001160   0x08001160   0x00000002   Code   RO         1447    i.HAL_CAN_TxMailbox2AbortCallback  stm32f4xx_hal_can.o
    0x08001162   0x08001162   0x00000002   Code   RO         1448    i.HAL_CAN_TxMailbox2CompleteCallback  stm32f4xx_hal_can.o
    0x08001164   0x08001164   0x00000002   Code   RO         1450    i.HAL_CAN_WakeUpFromRxMsgCallback  stm32f4xx_hal_can.o
    0x08001166   0x08001166   0x00000092   Code   RO         2111    i.HAL_DMA_Abort     stm32f4xx_hal_dma.o
    0x080011f8   0x080011f8   0x00000024   Code   RO         2112    i.HAL_DMA_Abort_IT  stm32f4xx_hal_dma.o
    0x0800121c   0x0800121c   0x000001a0   Code   RO         2116    i.HAL_DMA_IRQHandler  stm32f4xx_hal_dma.o
    0x080013bc   0x080013bc   0x000000d4   Code   RO         2117    i.HAL_DMA_Init      stm32f4xx_hal_dma.o
    0x08001490   0x08001490   0x0000006e   Code   RO         2121    i.HAL_DMA_Start_IT  stm32f4xx_hal_dma.o
    0x080014fe   0x080014fe   0x00000002   PAD
    0x08001500   0x08001500   0x00000024   Code   RO         2536    i.HAL_Delay         stm32f4xx_hal.o
    0x08001524   0x08001524   0x000001d0   Code   RO         2004    i.HAL_GPIO_Init     stm32f4xx_hal_gpio.o
    0x080016f4   0x080016f4   0x0000000a   Code   RO         2008    i.HAL_GPIO_WritePin  stm32f4xx_hal_gpio.o
    0x080016fe   0x080016fe   0x00000002   PAD
    0x08001700   0x08001700   0x0000000c   Code   RO         2542    i.HAL_GetTick       stm32f4xx_hal.o
    0x0800170c   0x0800170c   0x00000010   Code   RO         2548    i.HAL_IncTick       stm32f4xx_hal.o
    0x0800171c   0x0800171c   0x00000034   Code   RO         2549    i.HAL_Init          stm32f4xx_hal.o
    0x08001750   0x08001750   0x00000040   Code   RO         2550    i.HAL_InitTick      stm32f4xx_hal.o
    0x08001790   0x08001790   0x00000030   Code   RO         1391    i.HAL_MspInit       stm32f4xx_hal_msp.o
    0x080017c0   0x080017c0   0x0000001a   Code   RO         2394    i.HAL_NVIC_EnableIRQ  stm32f4xx_hal_cortex.o
    0x080017da   0x080017da   0x00000002   PAD
    0x080017dc   0x080017dc   0x00000040   Code   RO         2400    i.HAL_NVIC_SetPriority  stm32f4xx_hal_cortex.o
    0x0800181c   0x0800181c   0x00000024   Code   RO         2401    i.HAL_NVIC_SetPriorityGrouping  stm32f4xx_hal_cortex.o
    0x08001840   0x08001840   0x00000134   Code   RO         1650    i.HAL_RCC_ClockConfig  stm32f4xx_hal_rcc.o
    0x08001974   0x08001974   0x00000020   Code   RO         1657    i.HAL_RCC_GetPCLK1Freq  stm32f4xx_hal_rcc.o
    0x08001994   0x08001994   0x00000020   Code   RO         1658    i.HAL_RCC_GetPCLK2Freq  stm32f4xx_hal_rcc.o
    0x080019b4   0x080019b4   0x00000064   Code   RO         1659    i.HAL_RCC_GetSysClockFreq  stm32f4xx_hal_rcc.o
    0x08001a18   0x08001a18   0x00000358   Code   RO         1662    i.HAL_RCC_OscConfig  stm32f4xx_hal_rcc.o
    0x08001d70   0x08001d70   0x00000028   Code   RO         2405    i.HAL_SYSTICK_Config  stm32f4xx_hal_cortex.o
    0x08001d98   0x08001d98   0x00000002   Code   RO         3493    i.HAL_TIMEx_BreakCallback  stm32f4xx_hal_tim_ex.o
    0x08001d9a   0x08001d9a   0x00000002   Code   RO         3494    i.HAL_TIMEx_CommutCallback  stm32f4xx_hal_tim_ex.o
    0x08001d9c   0x08001d9c   0x00000090   Code   RO         3512    i.HAL_TIMEx_MasterConfigSynchronization  stm32f4xx_hal_tim_ex.o
    0x08001e2c   0x08001e2c   0x0000005a   Code   RO         2789    i.HAL_TIM_Base_Init  stm32f4xx_hal_tim.o
    0x08001e86   0x08001e86   0x00000002   PAD
    0x08001e88   0x08001e88   0x0000008c   Code   RO         1124    i.HAL_TIM_Base_MspInit  tim.o
    0x08001f14   0x08001f14   0x00000080   Code   RO         2794    i.HAL_TIM_Base_Start_IT  stm32f4xx_hal_tim.o
    0x08001f94   0x08001f94   0x000000dc   Code   RO         2798    i.HAL_TIM_ConfigClockSource  stm32f4xx_hal_tim.o
    0x08002070   0x08002070   0x00000002   Code   RO         2823    i.HAL_TIM_IC_CaptureCallback  stm32f4xx_hal_tim.o
    0x08002072   0x08002072   0x00000130   Code   RO         2837    i.HAL_TIM_IRQHandler  stm32f4xx_hal_tim.o
    0x080021a2   0x080021a2   0x00000002   Code   RO         2840    i.HAL_TIM_OC_DelayElapsedCallback  stm32f4xx_hal_tim.o
    0x080021a4   0x080021a4   0x00000002   Code   RO         2867    i.HAL_TIM_PWM_PulseFinishedCallback  stm32f4xx_hal_tim.o
    0x080021a6   0x080021a6   0x00000002   PAD
    0x080021a8   0x080021a8   0x00000a90   Code   RO           17    i.HAL_TIM_PeriodElapsedCallback  main.o
    0x08002c38   0x08002c38   0x00000002   Code   RO         2880    i.HAL_TIM_TriggerCallback  stm32f4xx_hal_tim.o
    0x08002c3a   0x08002c3a   0x00000056   Code   RO         3771    i.HAL_UARTEx_ReceiveToIdle_IT  stm32f4xx_hal_uart.o
    0x08002c90   0x08002c90   0x00000004   Code   RO           18    i.HAL_UARTEx_RxEventCallback  main.o
    0x08002c94   0x08002c94   0x00000002   Code   RO         3786    i.HAL_UART_ErrorCallback  stm32f4xx_hal_uart.o
    0x08002c96   0x08002c96   0x00000002   PAD
    0x08002c98   0x08002c98   0x00000270   Code   RO         3789    i.HAL_UART_IRQHandler  stm32f4xx_hal_uart.o
    0x08002f08   0x08002f08   0x00000064   Code   RO         3790    i.HAL_UART_Init     stm32f4xx_hal_uart.o
    0x08002f6c   0x08002f6c   0x0000021c   Code   RO         1178    i.HAL_UART_MspInit  usart.o
    0x08003188   0x08003188   0x0000001c   Code   RO         3795    i.HAL_UART_Receive_IT  stm32f4xx_hal_uart.o
    0x080031a4   0x080031a4   0x00000006   Code   RO           19    i.HAL_UART_RxCpltCallback  main.o
    0x080031aa   0x080031aa   0x00000002   PAD
    0x080031ac   0x080031ac   0x0000007c   Code   RO         3799    i.HAL_UART_Transmit_DMA  stm32f4xx_hal_uart.o
    0x08003228   0x08003228   0x00000032   Code   RO         3800    i.HAL_UART_Transmit_IT  stm32f4xx_hal_uart.o
    0x0800325a   0x0800325a   0x00000002   Code   RO         3801    i.HAL_UART_TxCpltCallback  stm32f4xx_hal_uart.o
    0x0800325c   0x0800325c   0x00000002   Code   RO         3802    i.HAL_UART_TxHalfCpltCallback  stm32f4xx_hal_uart.o
    0x0800325e   0x0800325e   0x00000002   Code   RO         1241    i.HardFault_Handler  stm32f4xx_it.o
    0x08003260   0x08003260   0x00000044   Code   RO         1049    i.MX_CAN1_Init      can.o
    0x080032a4   0x080032a4   0x00000044   Code   RO         1050    i.MX_CAN2_Init      can.o
    0x080032e8   0x080032e8   0x0000005c   Code   RO         1096    i.MX_DMA_Init       dma.o
    0x08003344   0x08003344   0x000000a0   Code   RO          920    i.MX_GPIO_Init      gpio.o
    0x080033e4   0x080033e4   0x00000068   Code   RO         1125    i.MX_TIM5_Init      tim.o
    0x0800344c   0x0800344c   0x00000048   Code   RO         1126    i.MX_TIM6_Init      tim.o
    0x08003494   0x08003494   0x00000048   Code   RO         1127    i.MX_TIM7_Init      tim.o
    0x080034dc   0x080034dc   0x00000038   Code   RO         1179    i.MX_USART1_UART_Init  usart.o
    0x08003514   0x08003514   0x00000044   Code   RO         1180    i.MX_USART3_UART_Init  usart.o
    0x08003558   0x08003558   0x00000038   Code   RO         1181    i.MX_USART6_UART_Init  usart.o
    0x08003590   0x08003590   0x00000002   Code   RO         1242    i.MemManage_Handler  stm32f4xx_it.o
    0x08003592   0x08003592   0x00000002   Code   RO         1243    i.NMI_Handler       stm32f4xx_it.o
    0x08003594   0x08003594   0x00000002   Code   RO         1244    i.PendSV_Handler    stm32f4xx_it.o
    0x08003596   0x08003596   0x00000002   Code   RO         1245    i.SVC_Handler       stm32f4xx_it.o
    0x08003598   0x08003598   0x00000004   Code   RO         1246    i.SysTick_Handler   stm32f4xx_it.o
    0x0800359c   0x0800359c   0x00000010   Code   RO         4124    i.SystemInit        system_stm32f4xx.o
    0x080035ac   0x080035ac   0x0000000c   Code   RO         1247    i.TIM5_IRQHandler   stm32f4xx_it.o
    0x080035b8   0x080035b8   0x0000000c   Code   RO         1248    i.TIM6_DAC_IRQHandler  stm32f4xx_it.o
    0x080035c4   0x080035c4   0x0000000c   Code   RO         1249    i.TIM7_IRQHandler   stm32f4xx_it.o
    0x080035d0   0x080035d0   0x000000d8   Code   RO         2882    i.TIM_Base_SetConfig  stm32f4xx_hal_tim.o
    0x080036a8   0x080036a8   0x00000014   Code   RO         2893    i.TIM_ETR_SetConfig  stm32f4xx_hal_tim.o
    0x080036bc   0x080036bc   0x00000010   Code   RO         2894    i.TIM_ITRx_SetConfig  stm32f4xx_hal_tim.o
    0x080036cc   0x080036cc   0x00000022   Code   RO         2900    i.TIM_TI1_ConfigInputStage  stm32f4xx_hal_tim.o
    0x080036ee   0x080036ee   0x00000024   Code   RO         2902    i.TIM_TI2_ConfigInputStage  stm32f4xx_hal_tim.o
    0x08003712   0x08003712   0x00000010   Code   RO         3803    i.UART_DMAAbortOnError  stm32f4xx_hal_uart.o
    0x08003722   0x08003722   0x0000004a   Code   RO         3804    i.UART_DMAError     stm32f4xx_hal_uart.o
    0x0800376c   0x0800376c   0x00000042   Code   RO         3809    i.UART_DMATransmitCplt  stm32f4xx_hal_uart.o
    0x080037ae   0x080037ae   0x0000000a   Code   RO         3811    i.UART_DMATxHalfCplt  stm32f4xx_hal_uart.o
    0x080037b8   0x080037b8   0x0000004e   Code   RO         3813    i.UART_EndRxTransfer  stm32f4xx_hal_uart.o
    0x08003806   0x08003806   0x0000001c   Code   RO         3814    i.UART_EndTxTransfer  stm32f4xx_hal_uart.o
    0x08003822   0x08003822   0x000000c2   Code   RO         3815    i.UART_Receive_IT   stm32f4xx_hal_uart.o
    0x080038e4   0x080038e4   0x0000010c   Code   RO         3816    i.UART_SetConfig    stm32f4xx_hal_uart.o
    0x080039f0   0x080039f0   0x00000036   Code   RO         3818    i.UART_Start_Receive_IT  stm32f4xx_hal_uart.o
    0x08003a26   0x08003a26   0x00000002   PAD
    0x08003a28   0x08003a28   0x0000000c   Code   RO         1250    i.USART1_IRQHandler  stm32f4xx_it.o
    0x08003a34   0x08003a34   0x0000000c   Code   RO         1251    i.USART3_IRQHandler  stm32f4xx_it.o
    0x08003a40   0x08003a40   0x0000000c   Code   RO         1252    i.USART6_IRQHandler  stm32f4xx_it.o
    0x08003a4c   0x08003a4c   0x00000002   Code   RO         1253    i.UsageFault_Handler  stm32f4xx_it.o
    0x08003a4e   0x08003a4e   0x00000002   PAD
    0x08003a50   0x08003a50   0x00000070   Code   RO           22    i._Z10set_mcl_ofib  main.o
    0x08003ac0   0x08003ac0   0x00000030   Code   RO           24    i._Z11RM_Can_Initv  main.o
    0x08003af0   0x08003af0   0x00000038   Code   RO           25    i._Z11RM_Can_SendP17CAN_HandleTypeDefjPhj  main.o
    0x08003b28   0x08003b28   0x00000014   Code   RO           26    i._Z11Send_DM_CANv  main.o
    0x08003b3c   0x08003b3c   0x00000014   Code   RO           30    i._Z13Send_3508_CANv  main.o
    0x08003b50   0x08003b50   0x00000018   Code   RO           31    i._Z13Send_6020_CANv  main.o
    0x08003b68   0x08003b68   0x00000098   Code   RO           35    i._Z14Get_Derivativeifi  main.o
    0x08003c00   0x08003c00   0x00000338   Code   RO           36    i._Z15darw_graphic_uiv  main.o
    0x08003f38   0x08003f38   0x00000060   Code   RO           37    i._Z16Total_tasks_Initv  main.o
    0x08003f98   0x08003f98   0x00000040   Code   RO           38    i._Z18RM_CAN_Filter_Initv  main.o
    0x08003fd8   0x08003fd8   0x00000094   Code   RO           39    i._Z18SystemClock_Configv  main.o
    0x0800406c   0x0800406c   0x0000001e   Code   RO           44    i._Z26GET_Motor_ID_ADDRESS_BIND_P8RM_Motori  main.o
    0x0800408a   0x0800408a   0x00000002   PAD
    0x0800408c   0x0800408c   0x000007d8   Code   RO           46    i._Z27darw_graphic_static_ui_initv  main.o
    0x08004864   0x08004864   0x0000000e   Code   RO           49    i._Z6setMSDP17Motor_send_data_tsi  main.o
    0x08004872   0x08004872   0x00000002   PAD
    0x08004874   0x08004874   0x00000090   Code   RO           51    i._Z8set_gy_vif     main.o
    0x08004904   0x08004904   0x00000090   Code   RO           52    i._Z8set_yd_vif     main.o
    0x08004994   0x08004994   0x00000070   Code   RO           54    i._Z9set_bp_ofib    main.o
    0x08004a04   0x08004a04   0x00000070   Code   RO           56    i._Z9set_cm_ofib    main.o
    0x08004a74   0x08004a74   0x00000014   Code   RO          576    i._ZN10RM_Clicker4InitEv  main.o
    0x08004a88   0x08004a88   0x000000b4   Code   RO          540    i._ZN10RM_Clicker5ISDirEv  main.o
    0x08004b3c   0x08004b3c   0x00000044   Code   RO          510    i._ZN10RM_Clicker5ParseEP20__UART_HandleTypeDefi  main.o
    0x08004b80   0x08004b80   0x00000098   Code   RO          582    i._ZN10RM_Clicker9ParseDataEv  main.o
    0x08004c18   0x08004c18   0x000001c0   Code   RO          522    i._ZN12TD_quadratic12td_quadraticEfb  main.o
    0x08004dd8   0x08004dd8   0x00000010   Code   RO          642    i._ZN12TD_quadraticC1Efffh  main.o
    0x08004de8   0x08004de8   0x0000003c   Code   RO           59    i._ZN13NonLinear_Fun7Fsg_FunEff  main.o
    0x08004e24   0x08004e24   0x000001c8   Code   RO           60    i._ZN13NonLinear_Fun8Fhan_FunEffff  main.o
    0x08004fec   0x08004fec   0x00000022   Code   RO           61    i._ZN13NonLinear_Fun8Fign_FunEf  main.o
    0x0800500e   0x0800500e   0x0000001a   Code   RO          636    i._ZN13RM_StaticTime5ISDirEj  main.o
    0x08005028   0x08005028   0x0000002a   Code   RO          624    i._ZN13RM_StaticTime5ISOneEj  main.o
    0x08005052   0x08005052   0x0000005c   Code   RO          546    i._ZN15LADRC_quadraticC1E12TD_quadraticffffff  main.o
    0x080050ae   0x080050ae   0x00000002   PAD
    0x080050b0   0x080050b0   0x00000284   Code   RO          534    i._ZN15SteeringWheel_t6UpDataEffff  main.o
    0x08005334   0x08005334   0x00000030   Code   RO         4228    i._ZN16RM_RefereeSystem19RM_RefereeSystemDirEv  rm_refereesystem.o
    0x08005364   0x08005364   0x00000014   Code   RO         4229    i._ZN16RM_RefereeSystem20RM_RefereeSystemInitEv  rm_refereesystem.o
    0x08005378   0x08005378   0x000000a0   Code   RO         4231    i._ZN16RM_RefereeSystem22RM_RefereeSystemDeleteEcc  rm_refereesystem.o
    0x08005418   0x08005418   0x000000c8   Code   RO         4232    i._ZN16RM_RefereeSystem22RM_RefereeSystemSetIntEPcjijj  rm_refereesystem.o
    0x080054e0   0x080054e0   0x000000bc   Code   RO         4233    i._ZN16RM_RefereeSystem22RM_RefereeSystemSetStrEPcjS0_jj  rm_refereesystem.o
    0x0800559c   0x0800559c   0x00000014   Code   RO         4234    i._ZN16RM_RefereeSystem23RM_RefereeSystemClsToopEv  rm_refereesystem.o
    0x080055b0   0x080055b0   0x000000b4   Code   RO         4236    i._ZN16RM_RefereeSystem23RM_RefereeSystemSendStrENS_29ext_client_custom_character_tE  rm_refereesystem.o
    0x08005664   0x08005664   0x000000a0   Code   RO         4237    i._ZN16RM_RefereeSystem23RM_RefereeSystemSetLineEPcjjjjj  rm_refereesystem.o
    0x08005704   0x08005704   0x000000bc   Code   RO         4238    i._ZN16RM_RefereeSystem24RM_RefereeSystemSetArcedEPcjjjjjjj  rm_refereesystem.o
    0x080057c0   0x080057c0   0x0000000c   Code   RO         4239    i._ZN16RM_RefereeSystem24RM_RefereeSystemSetColorEi  rm_refereesystem.o
    0x080057cc   0x080057cc   0x0000000c   Code   RO         4240    i._ZN16RM_RefereeSystem24RM_RefereeSystemSetWidthEi  rm_refereesystem.o
    0x080057d8   0x080057d8   0x00000100   Code   RO         4243    i._ZN16RM_RefereeSystem25RM_RefereeSystemSendDataNEPKNS_21graphic_data_struct_tEi  rm_refereesystem.o
    0x080058d8   0x080058d8   0x00000090   Code   RO         4244    i._ZN16RM_RefereeSystem25RM_RefereeSystemSetCircleEPcjjjj  rm_refereesystem.o
    0x08005968   0x08005968   0x0000007c   Code   RO         4246    i._ZN16RM_RefereeSystem26RM_RefereeSystemGetRobotIdEv  rm_refereesystem.o
    0x080059e4   0x080059e4   0x000000a0   Code   RO         4248    i._ZN16RM_RefereeSystem28RM_RefereeSystemSetRectangleEPcjjjjj  rm_refereesystem.o
    0x08005a84   0x08005a84   0x0000000c   Code   RO         4249    i._ZN16RM_RefereeSystem29RM_RefereeSystemSetStringSizeEi  rm_refereesystem.o
    0x08005a90   0x08005a90   0x0000000c   Code   RO         4250    i._ZN16RM_RefereeSystem30RM_RefereeSystemSetOperateTpyeEi  rm_refereesystem.o
    0x08005a9c   0x08005a9c   0x0000002c   Code   RO          570    i._ZN18SEND_GRAPHIC_QUEUE3addEN16RM_RefereeSystem21graphic_data_struct_tE  main.o
    0x08005ac8   0x08005ac8   0x000000b4   Code   RO          630    i._ZN18SEND_GRAPHIC_QUEUE4sendEv  main.o
    0x08005b7c   0x08005b7c   0x00000034   Code   RO          564    i._ZN18SEND_GRAPHIC_QUEUE6add_wzEN16RM_RefereeSystem29ext_client_custom_character_tE  main.o
    0x08005bb0   0x08005bb0   0x0000001c   Code   RO         4158    i._ZN19RM_RefereeSystemCRC18Get_CRC8_Check_SumEPhjh  rm_refereesystemcrc.o
    0x08005bcc   0x08005bcc   0x0000002c   Code   RO         4159    i._ZN19RM_RefereeSystemCRC19Get_CRC16_Check_SumEPhjt  rm_refereesystemcrc.o
    0x08005bf8   0x08005bf8   0x0000001c   Code   RO         4160    i._ZN19RM_RefereeSystemCRC21Append_CRC8_Check_SumEPhj  rm_refereesystemcrc.o
    0x08005c14   0x08005c14   0x00000028   Code   RO         4162    i._ZN19RM_RefereeSystemCRC22Append_CRC16_Check_SumEPhj  rm_refereesystemcrc.o
    0x08005c3c   0x08005c3c   0x00000022   Code   RO          516    i._ZN6RM_Key5UpKeyEb  main.o
    0x08005c5e   0x08005c5e   0x00000002   PAD
    0x08005c60   0x08005c60   0x000001ac   Code   RO          528    i._ZN6RM_PID9GetPidPosE6Kpid_tddd  main.o
    0x08005e0c   0x08005e0c   0x00000030   Code   RO          648    i._ZN6RM_PIDC1Ev    main.o
    0x08005e3c   0x08005e3c   0x00000020   Code   RO          654    i._ZN7Motor_tC1Ev   main.o
    0x08005e5c   0x08005e5c   0x000000f4   Code   RO           72    i._ZN7RM_PM0111PM01SendFunEv  main.o
    0x08005f50   0x08005f50   0x00000034   Code   RO           73    i._ZN7RM_PM0112PM01SendDataEjt  main.o
    0x08005f84   0x08005f84   0x00000024   Code   RO           74    i._ZN7RM_PM0114PM01SendRemoteEj  main.o
    0x08005fa8   0x08005fa8   0x000000f4   Code   RO           76    i._ZN7RM_PM019PM01ParseE19CAN_RxHeaderTypeDefPh  main.o
    0x0800609c   0x0800609c   0x000001c0   Code   RO           77    i._ZN8RM_Motor10MinPosHelmEffPfff  main.o
    0x0800625c   0x0800625c   0x0000001c   Code   RO          588    i._ZN8RM_Motor15GetMotorDataPosEs  main.o
    0x08006278   0x08006278   0x0000001c   Code   RO          594    i._ZN8RM_Motor17GetMotorDataSpeedEs  main.o
    0x08006294   0x08006294   0x000000ec   Code   RO           78    i._ZN8RM_Motor24Zero_crossing_processingEfff  main.o
    0x08006380   0x08006380   0x00000114   Code   RO          504    i._ZN8RM_Motor5ParseE19CAN_RxHeaderTypeDefPh  main.o
    0x08006494   0x08006494   0x00000062   Code   RO           80    i._ZN8RM_MotorC1EshP7Motor_tPh  main.o
    0x080064f6   0x080064f6   0x00000004   Code   RO          618    i._ZSt3cosf         main.o
    0x080064fa   0x080064fa   0x00000004   Code   RO          612    i._ZSt3sinf         main.o
    0x080064fe   0x080064fe   0x00000004   Code   RO          558    i._ZSt4fmodff       main.o
    0x08006502   0x08006502   0x00000004   Code   RO          606    i._ZSt4sqrtf        main.o
    0x08006506   0x08006506   0x00000004   Code   RO          600    i._ZSt5atan2ff      main.o
    0x0800650a   0x0800650a   0x00000030   Code   RO         4782    i.__ARM_fpclassify  m_wm.l(fpclassify.o)
    0x0800653a   0x0800653a   0x00000026   Code   RO         4784    i.__ARM_fpclassifyf  m_wm.l(fpclassifyf.o)
    0x08006560   0x08006560   0x00000020   Code   RO         2407    i.__NVIC_SetPriority  stm32f4xx_hal_cortex.o
    0x08006580   0x08006580   0x00000024   Code   RO         4542    i.__aeabi_vec_ctor_nocookie_nodtor  cpprt_w.l(aeabi_vec_ctor_nocookie_nodtor.o)
    0x080065a4   0x080065a4   0x00000004   PAD
    0x080065a8   0x080065a8   0x00000360   Code   RO         4581    i.__hardfp_asin     m_wm.l(asin.o)
    0x08006908   0x08006908   0x000002ac   Code   RO         4595    i.__hardfp_atan2f   m_wm.l(atan2f.o)
    0x08006bb4   0x08006bb4   0x00000150   Code   RO         4607    i.__hardfp_cosf     m_wm.l(cosf.o)
    0x08006d04   0x08006d04   0x00000014   Code   RO         4619    i.__hardfp_fabs     m_wm.l(fabs.o)
    0x08006d18   0x08006d18   0x000000b0   Code   RO         4637    i.__hardfp_fmodf    m_wm.l(fmodf.o)
    0x08006dc8   0x08006dc8   0x00000190   Code   RO         4663    i.__hardfp_sinf     m_wm.l(sinf.o)
    0x08006f58   0x08006f58   0x0000003a   Code   RO         4675    i.__hardfp_sqrtf    m_wm.l(sqrtf.o)
    0x08006f92   0x08006f92   0x000000f8   Code   RO         4800    i.__kernel_poly     m_wm.l(poly.o)
    0x0800708a   0x0800708a   0x00000014   Code   RO         4769    i.__mathlib_dbl_infnan  m_wm.l(dunder.o)
    0x0800709e   0x0800709e   0x00000002   PAD
    0x080070a0   0x080070a0   0x00000020   Code   RO         4771    i.__mathlib_dbl_invalid  m_wm.l(dunder.o)
    0x080070c0   0x080070c0   0x00000020   Code   RO         4774    i.__mathlib_dbl_underflow  m_wm.l(dunder.o)
    0x080070e0   0x080070e0   0x00000006   Code   RO         4787    i.__mathlib_flt_infnan  m_wm.l(funder.o)
    0x080070e6   0x080070e6   0x00000006   Code   RO         4788    i.__mathlib_flt_infnan2  m_wm.l(funder.o)
    0x080070ec   0x080070ec   0x00000010   Code   RO         4789    i.__mathlib_flt_invalid  m_wm.l(funder.o)
    0x080070fc   0x080070fc   0x00000010   Code   RO         4792    i.__mathlib_flt_underflow  m_wm.l(funder.o)
    0x0800710c   0x0800710c   0x00000154   Code   RO         4802    i.__mathlib_rredf2  m_wm.l(rredf.o)
    0x08007260   0x08007260   0x00000450   Code   RO           81    i.__sti___8_main_cpp_58d84705  main.o
    0x080076b0   0x080076b0   0x00000018   Code   RO         4621    i.fabs              m_wm.l(fabs.o)
    0x080076c8   0x080076c8   0x0000015c   Code   RO           82    i.main              main.o
    0x08007824   0x08007824   0x0000006e   Code   RO         4807    i.sqrt              m_wm.l(sqrt.o)
    0x08007892   0x08007892   0x00000018   Code   RO         4545    x$fpl$basic         fz_wm.l(basic.o)
    0x080078aa   0x080078aa   0x00000002   PAD
    0x080078ac   0x080078ac   0x00000062   Code   RO         4547    x$fpl$d2f           fz_wm.l(d2f.o)
    0x0800790e   0x0800790e   0x00000002   PAD
    0x08007910   0x08007910   0x00000150   Code   RO         4549    x$fpl$dadd          fz_wm.l(daddsub_clz.o)
    0x08007a60   0x08007a60   0x00000018   Code   RO         4751    x$fpl$dcmpinf       fz_wm.l(dcmpi.o)
    0x08007a78   0x08007a78   0x000002b0   Code   RO         4556    x$fpl$ddiv          fz_wm.l(ddiv.o)
    0x08007d28   0x08007d28   0x00000078   Code   RO         4559    x$fpl$deqf          fz_wm.l(deqf.o)
    0x08007da0   0x08007da0   0x0000005e   Code   RO         4561    x$fpl$dfix          fz_wm.l(dfix.o)
    0x08007dfe   0x08007dfe   0x0000002e   Code   RO         4566    x$fpl$dflt          fz_wm.l(dflt_clz.o)
    0x08007e2c   0x08007e2c   0x00000078   Code   RO         4571    x$fpl$dleqf         fz_wm.l(dleqf.o)
    0x08007ea4   0x08007ea4   0x00000154   Code   RO         4573    x$fpl$dmul          fz_wm.l(dmul.o)
    0x08007ff8   0x08007ff8   0x0000009c   Code   RO         4753    x$fpl$dnaninf       fz_wm.l(dnaninf.o)
    0x08008094   0x08008094   0x0000000c   Code   RO         4757    x$fpl$dretinf       fz_wm.l(dretinf.o)
    0x080080a0   0x080080a0   0x0000006c   Code   RO         4575    x$fpl$drleqf        fz_wm.l(drleqf.o)
    0x0800810c   0x0800810c   0x00000016   Code   RO         4550    x$fpl$drsb          fz_wm.l(daddsub_clz.o)
    0x08008122   0x08008122   0x00000002   PAD
    0x08008124   0x08008124   0x00000198   Code   RO         4883    x$fpl$dsqrt         fz_wm.l(dsqrt_umaal.o)
    0x080082bc   0x080082bc   0x000001d4   Code   RO         4551    x$fpl$dsub          fz_wm.l(daddsub_clz.o)
    0x08008490   0x08008490   0x00000056   Code   RO         4577    x$fpl$f2d           fz_wm.l(f2d.o)
    0x080084e6   0x080084e6   0x0000008c   Code   RO         4759    x$fpl$fnaninf       fz_wm.l(fnaninf.o)
    0x08008572   0x08008572   0x0000000a   Code   RO         4885    x$fpl$fpinit        fz_wm.l(fpinit.o)
    0x0800857c   0x0800857c   0x000000f4   Code   RO         4761    x$fpl$frem          fz_wm.l(frem_clz.o)
    0x08008670   0x08008670   0x0000000a   Code   RO         4763    x$fpl$fretinf       fz_wm.l(fretinf.o)
    0x0800867a   0x0800867a   0x00000000   Code   RO         4767    x$fpl$usenofp       fz_wm.l(usenofp.o)
    0x0800867a   0x0800867a   0x00000006   PAD
    0x08008680   0x08008680   0x00000550   Data   RO          158    .constdata          main.o
    0x08008bd0   0x08008bd0   0x00000008   Data   RO         2123    .constdata          stm32f4xx_hal_dma.o
    0x08008bd8   0x08008bd8   0x00000010   Data   RO         4125    .constdata          system_stm32f4xx.o
    0x08008be8   0x08008be8   0x00000008   Data   RO         4126    .constdata          system_stm32f4xx.o
    0x08008bf0   0x08008bf0   0x00000300   Data   RO         4170    .constdata          rm_refereesystemcrc.o
    0x08008ef0   0x08008ef0   0x00000050   Data   RO         4584    .constdata          m_wm.l(asin.o)
    0x08008f40   0x08008f40   0x00000020   Data   RO         4803    .constdata          m_wm.l(rredf.o)
    0x08008f60   0x08008f60   0x00000020   Data   RO         5104    Region$$Table       anon$$obj.o
    0x08008f80   0x08008f80   0x00000004   Data   RO          183    .init_array         main.o
    0x08008f84   0x08008f80   0x00000000   Data   RO         4537    .init_array         c_w.l(init_aeabi.o)


    Execution Region RW_IRAM1 (Exec base: 0x20000000, Load base: 0x08008f84, Size: 0x000039f0, Max: 0x0001c000, ABSOLUTE)

    Exec Addr    Load Addr    Size         Type   Attr      Idx    E Section Name        Object

    0x20000000   0x08008f84   0x000000bc   Data   RW          159    .data               main.o
    0x200000bc   0x08009040   0x00000004   Data   RW         1052    .data               can.o
    0x200000c0   0x08009044   0x0000000c   Data   RW         2556    .data               stm32f4xx_hal.o
    0x200000cc   0x08009050   0x00000004   Data   RW         4127    .data               system_stm32f4xx.o
    0x200000d0   0x08009054   0x00000002   Data   RW         4171    .data               rm_refereesystemcrc.o
    0x200000d2   0x08009056   0x00000002   PAD
    0x200000d4   0x08009058   0x00000038   Data   RW         4279    .data               rm_refereesystem.o
    0x2000010c   0x08009090   0x00000004   PAD
    0x20000110        -       0x00002d2a   Zero   RW          154    .bss                main.o
    0x20002e3a   0x08009090   0x00000002   PAD
    0x20002e3c        -       0x00000050   Zero   RW         1051    .bss                can.o
    0x20002e8c        -       0x000000d8   Zero   RW         1128    .bss                tim.o
    0x20002f64        -       0x00000258   Zero   RW         1182    .bss                usart.o
    0x200031bc        -       0x000001ce   Zero   RW         4276    .bss                rm_refereesystem.o
    0x2000338a   0x08009090   0x00000002   PAD
    0x2000338c        -       0x00000060   Zero   RW         4888    .bss                c_w.l(libspace.o)
    0x200033ec   0x08009090   0x00000004   PAD
    0x200033f0        -       0x00000200   Zero   RW            2    HEAP                startup_stm32f407xx.o
    0x200035f0        -       0x00000400   Zero   RW            1    STACK               startup_stm32f407xx.o


    Execution Region RW_IRAM2 (Exec base: 0x2001c000, Load base: 0x08009090, Size: 0x00000000, Max: 0x00004000, ABSOLUTE)

    **** No section assigned to this execution region ****


==============================================================================

Image component sizes


      Code (inc. data)   RO Data    RW Data    ZI Data      Debug   Object Name

       416         42          0          4         80       2658   can.o
        92          4          0          0          0        862   dma.o
       160         10          0          0          0     702527   gpio.o
     13260       1286       1364        188      11562     773979   main.o
      1896        120          0         56        462     602305   rm_refereesystem.o
       140         16        768          2          0       4921   rm_refereesystemcrc.o
        64         26        392          0       1536        864   startup_stm32f407xx.o
       180         28          0         12          0       9657   stm32f4xx_hal.o
      1700          6          0          0          0      16025   stm32f4xx_hal_can.o
       198         14          0          0          0      33967   stm32f4xx_hal_cortex.o
      1084         16          8          0          0       7650   stm32f4xx_hal_dma.o
       474         46          0          0          0       2388   stm32f4xx_hal_gpio.o
        48          6          0          0          0        922   stm32f4xx_hal_msp.o
      1328         76          0          0          0       5564   stm32f4xx_hal_rcc.o
      1072         74          0          0          0      10981   stm32f4xx_hal_tim.o
       148         28          0          0          0       2693   stm32f4xx_hal_tim_ex.o
      1806         30          0          0          0      14918   stm32f4xx_hal_uart.o
       188         84          0          0          0      11480   stm32f4xx_it.o
        16          4         24          4          0       1223   system_stm32f4xx.o
       388         46          0          0        216       3152   tim.o
       720         76          0          0        600       3748   usart.o

    ----------------------------------------------------------------------
     25410       2038       2588        268      14464    2212484   Object Totals
         0          0         32          0          0          0   (incl. Generated)
        32          0          0          2          8          0   (incl. Padding)

    ----------------------------------------------------------------------

      Code (inc. data)   RO Data    RW Data    ZI Data      Debug   Library Member Name

         8          0          0          0          0         68   __main.o
       104          0          0          0          0         84   __printf.o
         0          0          0          0          0          0   __rtentry.o
        12          0          0          0          0          0   __rtentry2.o
         6          0          0          0          0          0   __rtentry4.o
        52          8          0          0          0          0   __scatter.o
        26          0          0          0          0          0   __scatter_copy.o
        28          0          0          0          0          0   __scatter_zi.o
        48          6          0          0          0         96   _printf_char_common.o
         6          0          0          0          0          0   _printf_d.o
       120         16          0          0          0         92   _printf_dec.o
       178          0          0          0          0         88   _printf_intcommon.o
         0          0          0          0          0          0   _printf_percent.o
         4          0          0          0          0          0   _printf_percent_end.o
        22          0          0          0          0        100   _rserrno.o
        10          0          0          0          0         68   _sputc.o
        18          0          0          0          0         80   exit.o
         6          0          0          0          0        152   heapauxi.o
         0          0          0          0          0          0   indicate_semi.o
        36         10          0          0          0         80   init_aeabi.o
         2          0          0          0          0          0   libinit.o
        10          0          0          0          0          0   libinit2.o
         2          0          0          0          0          0   libshutdown.o
         2          0          0          0          0          0   libshutdown2.o
         8          4          0          0         96         68   libspace.o
       238          0          0          0          0        100   lludivv7m.o
        40          6          0          0          0         84   noretval__2sprintf.o
         8          4          0          0          0         68   rt_errno_addr_intlibspace.o
        68          0          0          0          0         68   rt_memclr.o
        78          0          0          0          0         80   rt_memclr_w.o
       138          0          0          0          0         68   rt_memcpy_v6.o
       100          0          0          0          0         80   rt_memcpy_w.o
         2          0          0          0          0          0   rtexit.o
        10          0          0          0          0          0   rtexit2.o
        62          0          0          0          0         76   strlen.o
        12          4          0          0          0         68   sys_exit.o
        74          0          0          0          0         80   sys_stackheap_outer.o
         2          0          0          0          0         68   use_no_semi.o
        36          0          0          0          0         84   aeabi_vec_ctor_nocookie_nodtor.o
        24          0          0          0          0        164   basic.o
        98          4          0          0          0        140   d2f.o
       826         16          0          0          0        492   daddsub_clz.o
        24          0          0          0          0        116   dcmpi.o
       688        140          0          0          0        256   ddiv.o
       120          4          0          0          0        140   deqf.o
        94          4          0          0          0        140   dfix.o
        46          0          0          0          0        116   dflt_clz.o
       120          4          0          0          0        140   dleqf.o
       340         12          0          0          0        152   dmul.o
       156          4          0          0          0        140   dnaninf.o
        12          0          0          0          0        116   dretinf.o
       108          0          0          0          0        128   drleqf.o
       408         56          0          0          0        168   dsqrt_umaal.o
        86          4          0          0          0        132   f2d.o
       140          4          0          0          0        132   fnaninf.o
        10          0          0          0          0        116   fpinit.o
       244          8          0          0          0        132   frem_clz.o
        10          0          0          0          0        116   fretinf.o
         0          0          0          0          0          0   usenofp.o
       864         94         80          0          0        280   asin.o
       684         90          0          0          0        208   atan2f.o
       336         56          0          0          0        136   cosf.o
        84         16          0          0          0        372   dunder.o
        44          0          0          0          0        248   fabs.o
       176          0          0          0          0        168   fmodf.o
        48          0          0          0          0        124   fpclassify.o
        38          0          0          0          0        116   fpclassifyf.o
        44         12          0          0          0        464   funder.o
       248          0          0          0          0        152   poly.o
       340         24         32          0          0        160   rredf.o
       400         56          0          0          0        212   sinf.o
       110          0          0          0          0        148   sqrt.o
        58          0          0          0          0        136   sqrtf.o

    ----------------------------------------------------------------------
      8630        666        112          0        100       7860   Library Totals
        26          0          0          0          4          0   (incl. Padding)

    ----------------------------------------------------------------------

      Code (inc. data)   RO Data    RW Data    ZI Data      Debug   Library Name

      1540         58          0          0         96       1816   c_w.l
        36          0          0          0          0         84   cpprt_w.l
      3554        260          0          0          0       3036   fz_wm.l
      3474        348        112          0          0       2924   m_wm.l

    ----------------------------------------------------------------------
      8630        666        112          0        100       7860   Library Totals

    ----------------------------------------------------------------------

==============================================================================


      Code (inc. data)   RO Data    RW Data    ZI Data      Debug   

     34040       2704       2700        268      14564    2196156   Grand Totals
     34040       2704       2700        268      14564    2196156   ELF Image Totals
     34040       2704       2700        268          0          0   ROM Totals

==============================================================================

    Total RO  Size (Code + RO Data)                36740 (  35.88kB)
    Total RW  Size (RW Data + ZI Data)             14832 (  14.48kB)
    Total ROM Size (Code + RO Data + RW Data)      37008 (  36.14kB)

==============================================================================

