Component: ARM Compiler 5.06 update 7 (build 960) Tool: armlink [4d3601]

==============================================================================

Section Cross References

    startup_stm32f407xx.o(STACK) refers (Special) to heapauxi.o(.text) for __use_two_region_memory
    startup_stm32f407xx.o(HEAP) refers (Special) to heapauxi.o(.text) for __use_two_region_memory
    startup_stm32f407xx.o(RESET) refers (Special) to heapauxi.o(.text) for __use_two_region_memory
    startup_stm32f407xx.o(RESET) refers to startup_stm32f407xx.o(STACK) for __initial_sp
    startup_stm32f407xx.o(RESET) refers to startup_stm32f407xx.o(.text) for Reset_Handler
    startup_stm32f407xx.o(RESET) refers to stm32f4xx_it.o(i.NMI_Handler) for NMI_Handler
    startup_stm32f407xx.o(RESET) refers to stm32f4xx_it.o(i.HardFault_Handler) for HardFault_Handler
    startup_stm32f407xx.o(RESET) refers to stm32f4xx_it.o(i.MemManage_Handler) for MemManage_Handler
    startup_stm32f407xx.o(RESET) refers to stm32f4xx_it.o(i.BusFault_Handler) for BusFault_Handler
    startup_stm32f407xx.o(RESET) refers to stm32f4xx_it.o(i.UsageFault_Handler) for UsageFault_Handler
    startup_stm32f407xx.o(RESET) refers to stm32f4xx_it.o(i.SVC_Handler) for SVC_Handler
    startup_stm32f407xx.o(RESET) refers to stm32f4xx_it.o(i.DebugMon_Handler) for DebugMon_Handler
    startup_stm32f407xx.o(RESET) refers to stm32f4xx_it.o(i.PendSV_Handler) for PendSV_Handler
    startup_stm32f407xx.o(RESET) refers to stm32f4xx_it.o(i.SysTick_Handler) for SysTick_Handler
    startup_stm32f407xx.o(RESET) refers to stm32f4xx_it.o(i.DMA1_Stream1_IRQHandler) for DMA1_Stream1_IRQHandler
    startup_stm32f407xx.o(RESET) refers to stm32f4xx_it.o(i.DMA1_Stream3_IRQHandler) for DMA1_Stream3_IRQHandler
    startup_stm32f407xx.o(RESET) refers to stm32f4xx_it.o(i.CAN1_RX0_IRQHandler) for CAN1_RX0_IRQHandler
    startup_stm32f407xx.o(RESET) refers to stm32f4xx_it.o(i.CAN1_RX1_IRQHandler) for CAN1_RX1_IRQHandler
    startup_stm32f407xx.o(RESET) refers to stm32f4xx_it.o(i.USART1_IRQHandler) for USART1_IRQHandler
    startup_stm32f407xx.o(RESET) refers to stm32f4xx_it.o(i.USART3_IRQHandler) for USART3_IRQHandler
    startup_stm32f407xx.o(RESET) refers to stm32f4xx_it.o(i.TIM5_IRQHandler) for TIM5_IRQHandler
    startup_stm32f407xx.o(RESET) refers to stm32f4xx_it.o(i.TIM6_DAC_IRQHandler) for TIM6_DAC_IRQHandler
    startup_stm32f407xx.o(RESET) refers to stm32f4xx_it.o(i.DMA2_Stream1_IRQHandler) for DMA2_Stream1_IRQHandler
    startup_stm32f407xx.o(RESET) refers to stm32f4xx_it.o(i.DMA2_Stream2_IRQHandler) for DMA2_Stream2_IRQHandler
    startup_stm32f407xx.o(RESET) refers to stm32f4xx_it.o(i.CAN2_RX0_IRQHandler) for CAN2_RX0_IRQHandler
    startup_stm32f407xx.o(RESET) refers to stm32f4xx_it.o(i.CAN2_RX1_IRQHandler) for CAN2_RX1_IRQHandler
    startup_stm32f407xx.o(RESET) refers to stm32f4xx_it.o(i.DMA2_Stream6_IRQHandler) for DMA2_Stream6_IRQHandler
    startup_stm32f407xx.o(RESET) refers to stm32f4xx_it.o(i.DMA2_Stream7_IRQHandler) for DMA2_Stream7_IRQHandler
    startup_stm32f407xx.o(RESET) refers to stm32f4xx_it.o(i.USART6_IRQHandler) for USART6_IRQHandler
    startup_stm32f407xx.o(.text) refers (Special) to heapauxi.o(.text) for __use_two_region_memory
    startup_stm32f407xx.o(.text) refers to system_stm32f4xx.o(i.SystemInit) for SystemInit
    startup_stm32f407xx.o(.text) refers to __main.o(!!!main) for __main
    startup_stm32f407xx.o(.text) refers to startup_stm32f407xx.o(HEAP) for Heap_Mem
    startup_stm32f407xx.o(.text) refers to startup_stm32f407xx.o(STACK) for Stack_Mem
    main.o(i.<Func22>) refers to rt_memcpy_w.o(.text) for __aeabi_memcpy4
    main.o(i.<Func22>) refers to main.o(i._ZN7Motor_tC1Ev) for Motor_t::Motor_t()
    main.o(i.<Func22>) refers to main.o(.constdata) for <Data1>
    main.o(i.<Func23>) refers to rt_memcpy_w.o(.text) for __aeabi_memcpy4
    main.o(i.<Func23>) refers to main.o(i._ZN7Motor_tC1Ev) for Motor_t::Motor_t()
    main.o(i.<Func23>) refers to main.o(.constdata) for <Data2>
    main.o(i.HAL_CAN_RxFifo0MsgPendingCallback) refers to stm32f4xx_hal_can.o(i.HAL_CAN_GetRxMessage) for HAL_CAN_GetRxMessage
    main.o(i.HAL_CAN_RxFifo0MsgPendingCallback) refers to main.o(i._ZN8RM_Motor5ParseE19CAN_RxHeaderTypeDefPh) for RM_Motor::Parse(CAN_RxHeaderTypeDef, unsigned char*)
    main.o(i.HAL_CAN_RxFifo0MsgPendingCallback) refers to main.o(i._ZN10RM_CHxxxGy5ParseE19CAN_RxHeaderTypeDefPh) for RM_CHxxxGy::Parse(CAN_RxHeaderTypeDef, unsigned char*)
    main.o(i.HAL_CAN_RxFifo0MsgPendingCallback) refers to main.o(.data) for RxHeaderData
    main.o(i.HAL_CAN_RxFifo0MsgPendingCallback) refers to main.o(.bss) for RxHeader
    main.o(i.HAL_CAN_RxFifo0MsgPendingCallback) refers to can.o(.bss) for hcan1
    main.o(i.HAL_TIM_PeriodElapsedCallback) refers to f2d.o(x$fpl$f2d) for __aeabi_f2d
    main.o(i.HAL_TIM_PeriodElapsedCallback) refers to daddsub_clz.o(x$fpl$dadd) for __aeabi_dadd
    main.o(i.HAL_TIM_PeriodElapsedCallback) refers to d2f.o(x$fpl$d2f) for __aeabi_d2f
[...]
    __rt_entry_postsh_1                      0x08000253   Thumb Code     0  __rtentry2.o(.ARM.Collect$$rtentry$$00000009)
    __rt_entry_main                          0x08000257   Thumb Code     0  __rtentry2.o(.ARM.Collect$$rtentry$$0000000D)
    __rt_entry_postli_1                      0x08000257   Thumb Code     0  __rtentry2.o(.ARM.Collect$$rtentry$$0000000C)
    __rt_exit                                0x0800025f   Thumb Code     0  rtexit.o(.ARM.Collect$$rtexit$$00000000)
    __rt_exit_ls                             0x08000261   Thumb Code     0  rtexit2.o(.ARM.Collect$$rtexit$$00000003)
    __rt_exit_prels_1                        0x08000261   Thumb Code     0  rtexit2.o(.ARM.Collect$$rtexit$$00000002)
    __rt_exit_exit                           0x08000265   Thumb Code     0  rtexit2.o(.ARM.Collect$$rtexit$$00000004)
    Reset_Handler                            0x0800026d   Thumb Code     8  startup_stm32f407xx.o(.text)
    ADC_IRQHandler                           0x08000287   Thumb Code     0  startup_stm32f407xx.o(.text)
    CAN1_SCE_IRQHandler                      0x08000287   Thumb Code     0  startup_stm32f407xx.o(.text)
    CAN1_TX_IRQHandler                       0x08000287   Thumb Code     0  startup_stm32f407xx.o(.text)
    CAN2_SCE_IRQHandler                      0x08000287   Thumb Code     0  startup_stm32f407xx.o(.text)
    CAN2_TX_IRQHandler                       0x08000287   Thumb Code     0  startup_stm32f407xx.o(.text)
    DCMI_IRQHandler                          0x08000287   Thumb Code     0  startup_stm32f407xx.o(.text)
    DMA1_Stream0_IRQHandler                  0x08000287   Thumb Code     0  startup_stm32f407xx.o(.text)
    DMA1_Stream2_IRQHandler                  0x08000287   Thumb Code     0  startup_stm32f407xx.o(.text)
    DMA1_Stream4_IRQHandler                  0x08000287   Thumb Code     0  startup_stm32f407xx.o(.text)
    DMA1_Stream5_IRQHandler                  0x08000287   Thumb Code     0  startup_stm32f407xx.o(.text)
    DMA1_Stream6_IRQHandler                  0x08000287   Thumb Code     0  startup_stm32f407xx.o(.text)
    DMA1_Stream7_IRQHandler                  0x08000287   Thumb Code     0  startup_stm32f407xx.o(.text)
    DMA2_Stream0_IRQHandler                  0x08000287   Thumb Code     0  startup_stm32f407xx.o(.text)
    DMA2_Stream3_IRQHandler                  0x08000287   Thumb Code     0  startup_stm32f407xx.o(.text)
    DMA2_Stream4_IRQHandler                  0x08000287   Thumb Code     0  startup_stm32f407xx.o(.text)
    DMA2_Stream5_IRQHandler                  0x08000287   Thumb Code     0  startup_stm32f407xx.o(.text)
    ETH_IRQHandler                           0x08000287   Thumb Code     0  startup_stm32f407xx.o(.text)
    ETH_WKUP_IRQHandler                      0x08000287   Thumb Code     0  startup_stm32f407xx.o(.text)
    EXTI0_IRQHandler                         0x08000287   Thumb Code     0  startup_stm32f407xx.o(.text)
    EXTI15_10_IRQHandler                     0x08000287   Thumb Code     0  startup_stm32f407xx.o(.text)
    EXTI1_IRQHandler                         0x08000287   Thumb Code     0  startup_stm32f407xx.o(.text)
    EXTI2_IRQHandler                         0x08000287   Thumb Code     0  startup_stm32f407xx.o(.text)
    EXTI3_IRQHandler                         0x08000287   Thumb Code     0  startup_stm32f407xx.o(.text)
    EXTI4_IRQHandler                         0x08000287   Thumb Code     0  startup_stm32f407xx.o(.text)
    EXTI9_5_IRQHandler                       0x08000287   Thumb Code     0  startup_stm32f407xx.o(.text)
    FLASH_IRQHandler                         0x08000287   Thumb Code     0  startup_stm32f407xx.o(.text)
    FMC_IRQHandler                           0x08000287   Thumb Code     0  startup_stm32f407xx.o(.text)
    FPU_IRQHandler                           0x08000287   Thumb Code     0  startup_stm32f407xx.o(.text)
    HASH_RNG_IRQHandler                      0x08000287   Thumb Code     0  startup_stm32f407xx.o(.text)
    I2C1_ER_IRQHandler                       0x08000287   Thumb Code     0  startup_stm32f407xx.o(.text)
    I2C1_EV_IRQHandler                       0x08000287   Thumb Code     0  startup_stm32f407xx.o(.text)
    I2C2_ER_IRQHandler                       0x08000287   Thumb Code     0  startup_stm32f407xx.o(.text)
    I2C2_EV_IRQHandler                       0x08000287   Thumb Code     0  startup_stm32f407xx.o(.text)
    I2C3_ER_IRQHandler                       0x08000287   Thumb Code     0  startup_stm32f407xx.o(.text)
    I2C3_EV_IRQHandler                       0x08000287   Thumb Code     0  startup_stm32f407xx.o(.text)
    OTG_FS_IRQHandler                        0x08000287   Thumb Code     0  startup_stm32f407xx.o(.text)
    OTG_FS_WKUP_IRQHandler                   0x08000287   Thumb Code     0  startup_stm32f407xx.o(.text)
    OTG_HS_EP1_IN_IRQHandler                 0x08000287   Thumb Code     0  startup_stm32f407xx.o(.text)
    OTG_HS_EP1_OUT_IRQHandler                0x08000287   Thumb Code     0  startup_stm32f407xx.o(.text)
    OTG_HS_IRQHandler                        0x08000287   Thumb Code     0  startup_stm32f407xx.o(.text)
    OTG_HS_WKUP_IRQHandler                   0x08000287   Thumb Code     0  startup_stm32f407xx.o(.text)
    PVD_IRQHandler                           0x08000287   Thumb Code     0  startup_stm32f407xx.o(.text)
    RCC_IRQHandler                           0x08000287   Thumb Code     0  startup_stm32f407xx.o(.text)
    RTC_Alarm_IRQHandler                     0x08000287   Thumb Code     0  startup_stm32f407xx.o(.text)
    RTC_WKUP_IRQHandler                      0x08000287   Thumb Code     0  startup_stm32f407xx.o(.text)
    SDIO_IRQHandler                          0x08000287   Thumb Code     0  startup_stm32f407xx.o(.text)
    SPI1_IRQHandler                          0x08000287   Thumb Code     0  startup_stm32f407xx.o(.text)
    SPI2_IRQHandler                          0x08000287   Thumb Code     0  startup_stm32f407xx.o(.text)
    SPI3_IRQHandler                          0x08000287   Thumb Code     0  startup_stm32f407xx.o(.text)
    TAMP_STAMP_IRQHandler                    0x08000287   Thumb Code     0  startup_stm32f407xx.o(.text)
    TIM1_BRK_TIM9_IRQHandler                 0x08000287   Thumb Code     0  startup_stm32f407xx.o(.text)
    TIM1_CC_IRQHandler                       0x08000287   Thumb Code     0  startup_stm32f407xx.o(.text)
    TIM1_TRG_COM_TIM11_IRQHandler            0x08000287   Thumb Code     0  startup_stm32f407xx.o(.text)
    TIM1_UP_TIM10_IRQHandler                 0x08000287   Thumb Code     0  startup_stm32f407xx.o(.text)
    TIM2_IRQHandler                          0x08000287   Thumb Code     0  startup_stm32f407xx.o(.text)
    TIM3_IRQHandler                          0x08000287   Thumb Code     0  startup_stm32f407xx.o(.text)
    TIM4_IRQHandler                          0x08000287   Thumb Code     0  startup_stm32f407xx.o(.text)
    TIM7_IRQHandler                          0x08000287   Thumb Code     0  startup_stm32f407xx.o(.text)
    TIM8_BRK_TIM12_IRQHandler                0x08000287   Thumb Code     0  startup_stm32f407xx.o(.text)
    TIM8_CC_IRQHandler                       0x08000287   Thumb Code     0  startup_stm32f407xx.o(.text)
    TIM8_TRG_COM_TIM14_IRQHandler            0x08000287   Thumb Code     0  startup_stm32f407xx.o(.text)
    TIM8_UP_TIM13_IRQHandler                 0x08000287   Thumb Code     0  startup_stm32f407xx.o(.text)
    UART4_IRQHandler                         0x08000287   Thumb Code     0  startup_stm32f407xx.o(.text)
    UART5_IRQHandler                         0x08000287   Thumb Code     0  startup_stm32f407xx.o(.text)
    USART2_IRQHandler                        0x08000287   Thumb Code     0  startup_stm32f407xx.o(.text)
    WWDG_IRQHandler                          0x08000287   Thumb Code     0  startup_stm32f407xx.o(.text)
    __user_initial_stackheap                 0x08000289   Thumb Code     0  startup_stm32f407xx.o(.text)
    __aeabi_uldivmod                         0x080002ad   Thumb Code     0  lludivv7m.o(.text)
    _ll_udiv                                 0x080002ad   Thumb Code   238  lludivv7m.o(.text)
    __aeabi_ldivmod                          0x0800039b   Thumb Code     0  llsdiv.o(.text)
    _ll_sdiv                                 0x0800039b   Thumb Code    72  llsdiv.o(.text)
    __aeabi_memcpy                           0x080003e3   Thumb Code     0  rt_memcpy_v6.o(.text)
    __rt_memcpy                              0x080003e3   Thumb Code   138  rt_memcpy_v6.o(.text)
    _memcpy_lastbytes                        0x08000449   Thumb Code     0  rt_memcpy_v6.o(.text)
    __aeabi_memcpy4                          0x0800046d   Thumb Code     0  rt_memcpy_w.o(.text)
    __aeabi_memcpy8                          0x0800046d   Thumb Code     0  rt_memcpy_w.o(.text)
    __rt_memcpy_w                            0x0800046d   Thumb Code   100  rt_memcpy_w.o(.text)
    _memcpy_lastbytes_aligned                0x080004b5   Thumb Code     0  rt_memcpy_w.o(.text)
    __aeabi_memclr4                          0x080004d1   Thumb Code     0  rt_memclr_w.o(.text)
    __aeabi_memclr8                          0x080004d1   Thumb Code     0  rt_memclr_w.o(.text)
    __rt_memclr_w                            0x080004d1   Thumb Code    78  rt_memclr_w.o(.text)
    _memset_w                                0x080004d5   Thumb Code     0  rt_memclr_w.o(.text)
    __use_two_region_memory                  0x0800051f   Thumb Code     2  heapauxi.o(.text)
    __rt_heap_escrow                         0x08000521   Thumb Code     2  heapauxi.o(.text)
    __rt_heap_expand                         0x08000523   Thumb Code     2  heapauxi.o(.text)
    __cpp_initialize__aeabi_                 0x08000525   Thumb Code    26  init_aeabi.o(.text)
    __read_errno                             0x08000549   Thumb Code    10  _rserrno.o(.text)
    __set_errno                              0x08000553   Thumb Code    12  _rserrno.o(.text)
    __aeabi_errno_addr                       0x08000561   Thumb Code     8  rt_errno_addr_intlibspace.o(.text)
    __errno$intlibspace                      0x08000561   Thumb Code     0  rt_errno_addr_intlibspace.o(.text)
    __rt_errno_addr$intlibspace              0x08000561   Thumb Code     0  rt_errno_addr_intlibspace.o(.text)
    __user_libspace                          0x08000569   Thumb Code     8  libspace.o(.text)
    __user_perproc_libspace                  0x08000569   Thumb Code     0  libspace.o(.text)
    __user_perthread_libspace                0x08000569   Thumb Code     0  libspace.o(.text)
    __user_setup_stackheap                   0x08000571   Thumb Code    74  sys_stackheap_outer.o(.text)
    exit                                     0x080005bb   Thumb Code    18  exit.o(.text)
    _sys_exit                                0x080005cd   Thumb Code     8  sys_exit.o(.text)
    __I$use$semihosting                      0x080005d9   Thumb Code     0  use_no_semi.o(.text)
    __use_no_semihosting_swi                 0x080005d9   Thumb Code     2  use_no_semi.o(.text)
    __semihosting_library_function           0x080005db   Thumb Code     0  indicate_semi.o(.text)
    BusFault_Handler                         0x08000615   Thumb Code     4  stm32f4xx_it.o(i.BusFault_Handler)
    CAN1_RX0_IRQHandler                      0x08000619   Thumb Code    10  stm32f4xx_it.o(i.CAN1_RX0_IRQHandler)
    CAN1_RX1_IRQHandler                      0x08000629   Thumb Code    10  stm32f4xx_it.o(i.CAN1_RX1_IRQHandler)
    CAN2_RX0_IRQHandler                      0x08000639   Thumb Code    10  stm32f4xx_it.o(i.CAN2_RX0_IRQHandler)
    CAN2_RX1_IRQHandler                      0x08000649   Thumb Code    10  stm32f4xx_it.o(i.CAN2_RX1_IRQHandler)
    DMA1_Stream1_IRQHandler                  0x08000659   Thumb Code    10  stm32f4xx_it.o(i.DMA1_Stream1_IRQHandler)
    DMA1_Stream3_IRQHandler                  0x08000669   Thumb Code    10  stm32f4xx_it.o(i.DMA1_Stream3_IRQHandler)
    DMA2_Stream1_IRQHandler                  0x08000679   Thumb Code    10  stm32f4xx_it.o(i.DMA2_Stream1_IRQHandler)
    DMA2_Stream2_IRQHandler                  0x08000689   Thumb Code    10  stm32f4xx_it.o(i.DMA2_Stream2_IRQHandler)
    DMA2_Stream6_IRQHandler                  0x08000699   Thumb Code    10  stm32f4xx_it.o(i.DMA2_Stream6_IRQHandler)
    DMA2_Stream7_IRQHandler                  0x080006a9   Thumb Code    10  stm32f4xx_it.o(i.DMA2_Stream7_IRQHandler)
    DebugMon_Handler                         0x080007c3   Thumb Code     2  stm32f4xx_it.o(i.DebugMon_Handler)
    Error_Handler                            0x080007c5   Thumb Code     6  main.o(i.Error_Handler)
    HAL_CAN_ActivateNotification             0x080007cb   Thumb Code    42  stm32f4xx_hal_can.o(i.HAL_CAN_ActivateNotification)
    HAL_CAN_AddTxMessage                     0x080007f5   Thumb Code   330  stm32f4xx_hal_can.o(i.HAL_CAN_AddTxMessage)
    HAL_CAN_ConfigFilter                     0x08000941   Thumb Code   286  stm32f4xx_hal_can.o(i.HAL_CAN_ConfigFilter)
    HAL_CAN_ErrorCallback                    0x08000a65   Thumb Code     2  stm32f4xx_hal_can.o(i.HAL_CAN_ErrorCallback)
    HAL_CAN_GetRxMessage                     0x08000a67   Thumb Code   404  stm32f4xx_hal_can.o(i.HAL_CAN_GetRxMessage)
    HAL_CAN_IRQHandler                       0x08000bfb   Thumb Code   590  stm32f4xx_hal_can.o(i.HAL_CAN_IRQHandler)
    HAL_CAN_Init                             0x08000e49   Thumb Code   372  stm32f4xx_hal_can.o(i.HAL_CAN_Init)
    HAL_CAN_MspInit                          0x08000fbd   Thumb Code   360  can.o(i.HAL_CAN_MspInit)
    HAL_CAN_RxFifo0FullCallback              0x0800113d   Thumb Code     2  stm32f4xx_hal_can.o(i.HAL_CAN_RxFifo0FullCallback)
    HAL_CAN_RxFifo0MsgPendingCallback        0x08001141   Thumb Code   158  main.o(i.HAL_CAN_RxFifo0MsgPendingCallback)
    HAL_CAN_RxFifo1FullCallback              0x08001201   Thumb Code     2  stm32f4xx_hal_can.o(i.HAL_CAN_RxFifo1FullCallback)
    HAL_CAN_RxFifo1MsgPendingCallback        0x08001203   Thumb Code     2  stm32f4xx_hal_can.o(i.HAL_CAN_RxFifo1MsgPendingCallback)
    HAL_CAN_SleepCallback                    0x08001205   Thumb Code     2  stm32f4xx_hal_can.o(i.HAL_CAN_SleepCallback)
    HAL_CAN_Start                            0x08001207   Thumb Code    94  stm32f4xx_hal_can.o(i.HAL_CAN_Start)
    HAL_CAN_TxMailbox0AbortCallback          0x08001265   Thumb Code     2  stm32f4xx_hal_can.o(i.HAL_CAN_TxMailbox0AbortCallback)
    HAL_CAN_TxMailbox0CompleteCallback       0x08001267   Thumb Code     2  stm32f4xx_hal_can.o(i.HAL_CAN_TxMailbox0CompleteCallback)
    HAL_CAN_TxMailbox1AbortCallback          0x08001269   Thumb Code     2  stm32f4xx_hal_can.o(i.HAL_CAN_TxMailbox1AbortCallback)
    HAL_CAN_TxMailbox1CompleteCallback       0x0800126b   Thumb Code     2  stm32f4xx_hal_can.o(i.HAL_CAN_TxMailbox1CompleteCallback)
    HAL_CAN_TxMailbox2AbortCallback          0x0800126d   Thumb Code     2  stm32f4xx_hal_can.o(i.HAL_CAN_TxMailbox2AbortCallback)
    HAL_CAN_TxMailbox2CompleteCallback       0x0800126f   Thumb Code     2  stm32f4xx_hal_can.o(i.HAL_CAN_TxMailbox2CompleteCallback)
    HAL_CAN_WakeUpFromRxMsgCallback          0x08001271   Thumb Code     2  stm32f4xx_hal_can.o(i.HAL_CAN_WakeUpFromRxMsgCallback)
    HAL_DMA_Abort                            0x08001273   Thumb Code   172  stm32f4xx_hal_dma.o(i.HAL_DMA_Abort)
    HAL_DMA_Abort_IT                         0x0800131f   Thumb Code    40  stm32f4xx_hal_dma.o(i.HAL_DMA_Abort_IT)
    HAL_DMA_IRQHandler                       0x08001349   Thumb Code   570  stm32f4xx_hal_dma.o(i.HAL_DMA_IRQHandler)
    HAL_DMA_Init                             0x08001589   Thumb Code   232  stm32f4xx_hal_dma.o(i.HAL_DMA_Init)
    HAL_DMA_Start_IT                         0x08001675   Thumb Code   146  stm32f4xx_hal_dma.o(i.HAL_DMA_Start_IT)
    HAL_Delay                                0x08001709   Thumb Code    36  stm32f4xx_hal.o(i.HAL_Delay)
    HAL_GPIO_Init                            0x08001731   Thumb Code   454  stm32f4xx_hal_gpio.o(i.HAL_GPIO_Init)
    HAL_GetTick                              0x08001925   Thumb Code     6  stm32f4xx_hal.o(i.HAL_GetTick)
    HAL_IncTick                              0x08001931   Thumb Code    16  stm32f4xx_hal.o(i.HAL_IncTick)
    HAL_Init                                 0x08001949   Thumb Code    54  stm32f4xx_hal.o(i.HAL_Init)
    HAL_InitTick                             0x08001985   Thumb Code    64  stm32f4xx_hal.o(i.HAL_InitTick)
    HAL_MspInit                              0x080019d1   Thumb Code    68  stm32f4xx_hal_msp.o(i.HAL_MspInit)
    HAL_NVIC_EnableIRQ                       0x08001a19   Thumb Code    40  stm32f4xx_hal_cortex.o(i.HAL_NVIC_EnableIRQ)
    HAL_NVIC_SetPriority                     0x08001a41   Thumb Code   124  stm32f4xx_hal_cortex.o(i.HAL_NVIC_SetPriority)
    HAL_NVIC_SetPriorityGrouping             0x08001abd   Thumb Code    32  stm32f4xx_hal_cortex.o(i.HAL_NVIC_SetPriorityGrouping)
    HAL_RCC_ClockConfig                      0x08001ae5   Thumb Code   368  stm32f4xx_hal_rcc.o(i.HAL_RCC_ClockConfig)
    HAL_RCC_GetHCLKFreq                      0x08001c69   Thumb Code     6  stm32f4xx_hal_rcc.o(i.HAL_RCC_GetHCLKFreq)
    HAL_RCC_GetPCLK1Freq                     0x08001c75   Thumb Code    22  stm32f4xx_hal_rcc.o(i.HAL_RCC_GetPCLK1Freq)
    HAL_RCC_GetPCLK2Freq                     0x08001c95   Thumb Code    22  stm32f4xx_hal_rcc.o(i.HAL_RCC_GetPCLK2Freq)
    HAL_RCC_GetSysClockFreq                  0x08001cb5   Thumb Code   162  stm32f4xx_hal_rcc.o(i.HAL_RCC_GetSysClockFreq)
    HAL_RCC_OscConfig                        0x08001d65   Thumb Code  1172  stm32f4xx_hal_rcc.o(i.HAL_RCC_OscConfig)
    HAL_SYSTICK_Config                       0x08002201   Thumb Code    52  stm32f4xx_hal_cortex.o(i.HAL_SYSTICK_Config)
    HAL_TIMEx_BreakCallback                  0x08002235   Thumb Code     2  stm32f4xx_hal_tim_ex.o(i.HAL_TIMEx_BreakCallback)
    HAL_TIMEx_CommutCallback                 0x08002237   Thumb Code     2  stm32f4xx_hal_tim_ex.o(i.HAL_TIMEx_CommutCallback)
    HAL_TIMEx_MasterConfigSynchronization    0x08002239   Thumb Code   150  stm32f4xx_hal_tim_ex.o(i.HAL_TIMEx_MasterConfigSynchronization)
    HAL_TIM_Base_Init                        0x080022ed   Thumb Code   102  stm32f4xx_hal_tim.o(i.HAL_TIM_Base_Init)
    HAL_TIM_Base_MspInit                     0x08002355   Thumb Code   120  tim.o(i.HAL_TIM_Base_MspInit)
    HAL_TIM_Base_Start_IT                    0x080023d9   Thumb Code   138  stm32f4xx_hal_tim.o(i.HAL_TIM_Base_Start_IT)
    HAL_TIM_ConfigClockSource                0x08002481   Thumb Code   268  stm32f4xx_hal_tim.o(i.HAL_TIM_ConfigClockSource)
    HAL_TIM_IC_CaptureCallback               0x0800258d   Thumb Code     2  stm32f4xx_hal_tim.o(i.HAL_TIM_IC_CaptureCallback)
    HAL_TIM_IRQHandler                       0x0800258f   Thumb Code   364  stm32f4xx_hal_tim.o(i.HAL_TIM_IRQHandler)
    HAL_TIM_OC_DelayElapsedCallback          0x080026fb   Thumb Code     2  stm32f4xx_hal_tim.o(i.HAL_TIM_OC_DelayElapsedCallback)
    HAL_TIM_PWM_PulseFinishedCallback        0x080026fd   Thumb Code     2  stm32f4xx_hal_tim.o(i.HAL_TIM_PWM_PulseFinishedCallback)
    HAL_TIM_PeriodElapsedCallback            0x08002701   Thumb Code  5406  main.o(i.HAL_TIM_PeriodElapsedCallback)
    HAL_TIM_TriggerCallback                  0x08003c7d   Thumb Code     2  stm32f4xx_hal_tim.o(i.HAL_TIM_TriggerCallback)
    HAL_UARTEx_ReceiveToIdle_IT              0x08003c7f   Thumb Code   114  stm32f4xx_hal_uart.o(i.HAL_UARTEx_ReceiveToIdle_IT)
    HAL_UARTEx_RxEventCallback               0x08003cf1   Thumb Code    60  main.o(i.HAL_UARTEx_RxEventCallback)
    HAL_UART_ErrorCallback                   0x08003d3d   Thumb Code     2  stm32f4xx_hal_uart.o(i.HAL_UART_ErrorCallback)
    HAL_UART_IRQHandler                      0x08003d41   Thumb Code   740  stm32f4xx_hal_uart.o(i.HAL_UART_IRQHandler)
    HAL_UART_Init                            0x08004029   Thumb Code   118  stm32f4xx_hal_uart.o(i.HAL_UART_Init)
    HAL_UART_MspInit                         0x080040a1   Thumb Code   816  usart.o(i.HAL_UART_MspInit)
    HAL_UART_RxCpltCallback                  0x08004411   Thumb Code     2  main.o(i.HAL_UART_RxCpltCallback)
    HAL_UART_Transmit_DMA                    0x08004415   Thumb Code   128  stm32f4xx_hal_uart.o(i.HAL_UART_Transmit_DMA)
    HAL_UART_TxCpltCallback                  0x080044a1   Thumb Code     2  stm32f4xx_hal_uart.o(i.HAL_UART_TxCpltCallback)
    HAL_UART_TxHalfCpltCallback              0x080044a3   Thumb Code     2  stm32f4xx_hal_uart.o(i.HAL_UART_TxHalfCpltCallback)
    HardFault_Handler                        0x080044a5   Thumb Code     4  stm32f4xx_it.o(i.HardFault_Handler)
    MemManage_Handler                        0x080044a9   Thumb Code     4  stm32f4xx_it.o(i.MemManage_Handler)
    NMI_Handler                              0x080044ad   Thumb Code     4  stm32f4xx_it.o(i.NMI_Handler)
    PendSV_Handler                           0x080044b1   Thumb Code     2  stm32f4xx_it.o(i.PendSV_Handler)
    SVC_Handler                              0x080044b3   Thumb Code     2  stm32f4xx_it.o(i.SVC_Handler)
    SysTick_Handler                          0x080044b5   Thumb Code     8  stm32f4xx_it.o(i.SysTick_Handler)
    SystemInit                               0x080044bd   Thumb Code    14  system_stm32f4xx.o(i.SystemInit)
    TIM5_IRQHandler                          0x080044d1   Thumb Code    10  stm32f4xx_it.o(i.TIM5_IRQHandler)
    TIM6_DAC_IRQHandler                      0x080044e1   Thumb Code    10  stm32f4xx_it.o(i.TIM6_DAC_IRQHandler)
    TIM_Base_SetConfig                       0x080044f1   Thumb Code   186  stm32f4xx_hal_tim.o(i.TIM_Base_SetConfig)
    TIM_ETR_SetConfig                        0x080045d9   Thumb Code    22  stm32f4xx_hal_tim.o(i.TIM_ETR_SetConfig)
    UART_Start_Receive_IT                    0x08004af5   Thumb Code    64  stm32f4xx_hal_uart.o(i.UART_Start_Receive_IT)
    USART1_IRQHandler                        0x08004b95   Thumb Code    10  stm32f4xx_it.o(i.USART1_IRQHandler)
    USART3_IRQHandler                        0x08004ba5   Thumb Code    10  stm32f4xx_it.o(i.USART3_IRQHandler)
    USART6_IRQHandler                        0x08004bb5   Thumb Code    10  stm32f4xx_it.o(i.USART6_IRQHandler)
    UsageFault_Handler                       0x08004bc5   Thumb Code     4  stm32f4xx_it.o(i.UsageFault_Handler)
    RM_Can_Init()                            0x08004c31   Thumb Code    36  main.o(i._Z11RM_Can_Initv)
    RM_Can_Send(CAN_HandleTypeDef*, unsigned, unsigned char*, unsigned) 0x08004c5d   Thumb Code    44  main.o(i._Z11RM_Can_SendP17CAN_HandleTypeDefjPhj)
    Send_6020_CAN()                          0x08004e65   Thumb Code    18  main.o(i._Z13Send_6020_CANv)
    Total_tasks_Run()                        0x08004e81   Thumb Code    54  main.o(i._Z15Total_tasks_Runv)
    Total_tasks_Init()                       0x08004ec1   Thumb Code   372  main.o(i._Z16Total_tasks_Initv)
    RM_CAN_Filter_Init()                     0x08005091   Thumb Code    60  main.o(i._Z18RM_CAN_Filter_Initv)
    Send_3508_2006_CAN()                     0x080050d5   Thumb Code    16  main.o(i._Z18Send_3508_2006_CANv)
    SystemClock_Config()                     0x080050ed   Thumb Code   166  main.o(i._Z18SystemClock_Configv)
    Zero_crossing_processing(float, float, float) 0x0800524d   Thumb Code   162  main.o(i._Z24Zero_crossing_processingfff)
    Combinatoria_Movement_Fun(bool*, bool)   0x080052f9   Thumb Code   410  main.o(i._Z25Combinatoria_Movement_FunPbb)
    Get_Chassis_to_Gimbal_ore(__UART_HandleTypeDef*) 0x080054dd   Thumb Code     2  main.o(i._Z25Get_Chassis_to_Gimbal_oreP20__UART_HandleTypeDef)
    GET_Motor_ID_ADDRESS_BIND_(RM_Motor*, int) 0x080054df   Thumb Code    54  main.o(i._Z26GET_Motor_ID_ADDRESS_BIND_P8RM_Motori)
    Get_Chassis_to_Gimbal_Init()             0x08005515   Thumb Code     2  main.o(i._Z26Get_Chassis_to_Gimbal_Initv)
    setMSD(Motor_send_data_t*, short, int)   0x08005517   Thumb Code    22  main.o(i._Z6setMSDP17Motor_send_data_tsi)
    RM_CHxxxGy::Parse(CAN_RxHeaderTypeDef, unsigned char*) 0x0800552d   Thumb Code   722  main.o(i._ZN10RM_CHxxxGy5ParseE19CAN_RxHeaderTypeDefPh)
    RM_Clicker::Init()                       0x0800581d   Thumb Code    14  main.o(i._ZN10RM_Clicker4InitEv)
    RM_Clicker::ParseData()                  0x08005835   Thumb Code   246  main.o(i._ZN10RM_Clicker9ParseDataEv)
    TD_quadratic::td_quadratic(float, bool)  0x08005931   Thumb Code   626  main.o(i._ZN12TD_quadratic12td_quadraticEfb)
    TD_quadratic::TD_quadratic(float, float, float, unsigned char) 0x08005bc1   Thumb Code    16  main.o(i._ZN12TD_quadraticC1Efffh)
    TD_quadratic::TD_quadratic__sub_object(float, float, float, unsigned char) 0x08005bc1   Thumb Code     0  main.o(i._ZN12TD_quadraticC1Efffh)
    NonLinear_Fun::Fal_Fun(float, float, float) 0x08005bd1   Thumb Code   104  main.o(i._ZN13NonLinear_Fun7Fal_FunEfff)
    NonLinear_Fun::Fsg_Fun(float, float)     0x08005c39   Thumb Code    82  main.o(i._ZN13NonLinear_Fun7Fsg_FunEff)
    NonLinear_Fun::Fhan_Fun(float, float, float, float) 0x08005c95   Thumb Code   586  main.o(i._ZN13NonLinear_Fun8Fhan_FunEffff)
    NonLinear_Fun::Fign_Fun(float)           0x08005f11   Thumb Code    34  main.o(i._ZN13NonLinear_Fun8Fign_FunEf)
    RM_StaticTime::UpLastTime()              0x08005f33   Thumb Code    12  main.o(i._ZN13RM_StaticTime10UpLastTimeEv)
    RM_StaticTime::ISDir(unsigned)           0x08005f3f   Thumb Code    26  main.o(i._ZN13RM_StaticTime5ISDirEj)
    RM_FeedForward::RM_FeedForward(float, float, float, float, float) 0x08005f59   Thumb Code    28  main.o(i._ZN14RM_FeedForwardC1Efffff)
    RM_FeedForward::RM_FeedForward__sub_object(float, float, float, float, float) 0x08005f59   Thumb Code     0  main.o(i._ZN14RM_FeedForwardC1Efffff)
    LADRC_quadratic::eso_quadratic(float, unsigned char) 0x08005f75   Thumb Code   518  main.o(i._ZN15LADRC_quadratic13eso_quadraticEfh)
    LADRC_quadratic::sef_controller(unsigned char) 0x0800618d   Thumb Code   314  main.o(i._ZN15LADRC_quadratic14sef_controllerEh)
    LADRC_quadratic::set_is_separate_w0(float, float, float) 0x080062d5   Thumb Code    20  main.o(i._ZN15LADRC_quadratic18set_is_separate_w0Efff)
    LADRC_quadratic::set_is_separate_wc(float, float) 0x080062e9   Thumb Code    16  main.o(i._ZN15LADRC_quadratic18set_is_separate_wcEff)
    LADRC_quadratic::up_data(float, float, unsigned char, bool) 0x080062f9   Thumb Code    62  main.o(i._ZN15LADRC_quadratic7up_dataEffhb)
    LADRC_quadratic::LADRC_quadratic(TD_quadratic, float, float, float, float, float, float) 0x08006337   Thumb Code    98  main.o(i._ZN15LADRC_quadraticC1E12TD_quadraticffffff)
    LADRC_quadratic::LADRC_quadratic__sub_object(TD_quadratic, float, float, float, float, float, float) 0x08006337   Thumb Code     0  main.o(i._ZN15LADRC_quadraticC1E12TD_quadraticffffff)
    Kpid_t::Kpid_t(double, double, double, float, float, float, float) 0x08006399   Thumb Code   116  main.o(i._ZN6Kpid_tC1Edddffff)
    Kpid_t::Kpid_t__sub_object(double, double, double, float, float, float, float) 0x08006399   Thumb Code     0  main.o(i._ZN6Kpid_tC1Edddffff)
    RM_Key::UpKey(bool)                      0x0800640d   Thumb Code    38  main.o(i._ZN6RM_Key5UpKeyEb)
    RM_PID::GetNoLinePid(Kpid_t, double, double, double) 0x08006435   Thumb Code  1002  main.o(i._ZN6RM_PID12GetNoLinePidE6Kpid_tddd)
    RM_PID::clearPID()                       0x08006831   Thumb Code    34  main.o(i._ZN6RM_PID8clearPIDEv)
    RM_PID::GetPidPos(Kpid_t, double, double, double) 0x0800685d   Thumb Code  1240  main.o(i._ZN6RM_PID9GetPidPosE6Kpid_tddd)
    RM_PID::RM_PID()                         0x08006d45   Thumb Code    86  main.o(i._ZN6RM_PIDC1Ev)
    RM_PID::RM_PID__sub_object()             0x08006d45   Thumb Code     0  main.o(i._ZN6RM_PIDC1Ev)
    Motor_t::Motor_t()                       0x08006da9   Thumb Code    50  main.o(i._ZN7Motor_tC1Ev)
    Motor_t::Motor_t__sub_object()           0x08006da9   Thumb Code     0  main.o(i._ZN7Motor_tC1Ev)
    RM_Motor::GetMotorDataPos(short)         0x08006ddb   Thumb Code    34  main.o(i._ZN8RM_Motor15GetMotorDataPosEs)
    RM_Motor::GetMotorDataSpeed(short)       0x08006dfd   Thumb Code    34  main.o(i._ZN8RM_Motor17GetMotorDataSpeedEs)
    RM_Motor::Parse(CAN_RxHeaderTypeDef, unsigned char*) 0x08006e1f   Thumb Code   586  main.o(i._ZN8RM_Motor5ParseE19CAN_RxHeaderTypeDefPh)
    RM_Motor::GetMotor(short)                0x08007069   Thumb Code    30  main.o(i._ZN8RM_Motor8GetMotorEs)
    RM_Motor::RM_Motor(short, unsigned char, Motor_t*, unsigned char*) 0x08007087   Thumb Code   132  main.o(i._ZN8RM_MotorC1EshP7Motor_tPh)
    RM_Motor::RM_Motor__sub_object(short, unsigned char, Motor_t*, unsigned char*) 0x08007087   Thumb Code     0  main.o(i._ZN8RM_MotorC1EshP7Motor_tPh)
    std::fabs(float)                         0x0800710b   Thumb Code    10  main.o(i._ZSt4fabsf)
    __ARM_fpclassifyf                        0x08007115   Thumb Code    38  fpclassifyf.o(i.__ARM_fpclassifyf)
    __aeabi_vec_ctor_nocookie_nodtor         0x08007175   Thumb Code    36  aeabi_vec_ctor_nocookie_nodtor.o(i.__aeabi_vec_ctor_nocookie_nodtor)
    __hardfp_fabs                            0x08007199   Thumb Code    20  fabs.o(i.__hardfp_fabs)
    __hardfp_powf                            0x080071ad   Thumb Code  1606  powf.o(i.__hardfp_powf)
    __mathlib_powf                           0x080071ad   Thumb Code     0  powf.o(i.__hardfp_powf)
    __hardfp_sinf                            0x08007811   Thumb Code   344  sinf.o(i.__hardfp_sinf)
    __hardfp_sqrtf                           0x080079a1   Thumb Code    58  sqrtf.o(i.__hardfp_sqrtf)
    __mathlib_flt_divzero                    0x080079dd   Thumb Code    14  funder.o(i.__mathlib_flt_divzero)
    __mathlib_flt_infnan                     0x080079f1   Thumb Code     6  funder.o(i.__mathlib_flt_infnan)
    __mathlib_flt_infnan2                    0x080079f7   Thumb Code     6  funder.o(i.__mathlib_flt_infnan2)
    __mathlib_flt_invalid                    0x080079fd   Thumb Code    10  funder.o(i.__mathlib_flt_invalid)
    __mathlib_flt_overflow                   0x08007a0d   Thumb Code    10  funder.o(i.__mathlib_flt_overflow)
    __mathlib_flt_underflow                  0x08007a1d   Thumb Code    10  funder.o(i.__mathlib_flt_underflow)
    __mathlib_rredf2                         0x08007a2d   Thumb Code   316  rredf.o(i.__mathlib_rredf2)
    main                                     0x08008151   Thumb Code    68  main.o(i.main)
    __aeabi_dneg                             0x0800819d   Thumb Code     0  basic.o(x$fpl$basic)
    _dneg                                    0x0800819d   Thumb Code     6  basic.o(x$fpl$basic)
    __aeabi_fneg                             0x080081a3   Thumb Code     0  basic.o(x$fpl$basic)
    _fneg                                    0x080081a3   Thumb Code     6  basic.o(x$fpl$basic)
    _dabs                                    0x080081a9   Thumb Code     6  basic.o(x$fpl$basic)
    _fabs                                    0x080081af   Thumb Code     6  basic.o(x$fpl$basic)
    __aeabi_d2f                              0x080081b5   Thumb Code     0  d2f.o(x$fpl$d2f)
    _d2f                                     0x080081b5   Thumb Code    98  d2f.o(x$fpl$d2f)
    __aeabi_dadd                             0x08008219   Thumb Code     0  daddsub_clz.o(x$fpl$dadd)
    _dadd                                    0x08008219   Thumb Code   332  daddsub_clz.o(x$fpl$dadd)
    __fpl_dcmp_Inf                           0x08008369   Thumb Code    24  dcmpi.o(x$fpl$dcmpinf)
    __aeabi_ddiv                             0x08008381   Thumb Code     0  ddiv.o(x$fpl$ddiv)
    _ddiv                                    0x08008381   Thumb Code   552  ddiv.o(x$fpl$ddiv)
    __aeabi_cdcmpeq                          0x08008631   Thumb Code     0  deqf.o(x$fpl$deqf)
    _dcmpeq                                  0x08008631   Thumb Code   120  deqf.o(x$fpl$deqf)
    __aeabi_d2iz                             0x080086a9   Thumb Code     0  dfix.o(x$fpl$dfix)
    _dfix                                    0x080086a9   Thumb Code    94  dfix.o(x$fpl$dfix)
    __aeabi_i2d                              0x08008707   Thumb Code     0  dflt_clz.o(x$fpl$dflt)
    _dflt                                    0x08008707   Thumb Code    46  dflt_clz.o(x$fpl$dflt)
    __aeabi_l2d                              0x08008735   Thumb Code     0  dfltll_clz.o(x$fpl$dfltll)
    _ll_sto_d                                0x08008735   Thumb Code   162  dfltll_clz.o(x$fpl$dfltll)
    __aeabi_cdcmple                          0x080087d9   Thumb Code     0  dleqf.o(x$fpl$dleqf)
    _dcmple                                  0x080087d9   Thumb Code   120  dleqf.o(x$fpl$dleqf)
    __fpl_dcmple_InfNaN                      0x0800883b   Thumb Code     0  dleqf.o(x$fpl$dleqf)
    __aeabi_dmul                             0x08008851   Thumb Code     0  dmul.o(x$fpl$dmul)
    _dmul                                    0x08008851   Thumb Code   332  dmul.o(x$fpl$dmul)
    __fpl_dnaninf                            0x080089a5   Thumb Code   156  dnaninf.o(x$fpl$dnaninf)
    __fpl_dretinf                            0x08008a41   Thumb Code    12  dretinf.o(x$fpl$dretinf)
    __aeabi_cdrcmple                         0x08008a4d   Thumb Code     0  drleqf.o(x$fpl$drleqf)
    _drcmple                                 0x08008a4d   Thumb Code   108  drleqf.o(x$fpl$drleqf)
    __aeabi_drsub                            0x08008ab9   Thumb Code     0  daddsub_clz.o(x$fpl$drsb)
    _drsb                                    0x08008ab9   Thumb Code    22  daddsub_clz.o(x$fpl$drsb)
    __aeabi_dsub                             0x08008ad1   Thumb Code     0  daddsub_clz.o(x$fpl$dsub)
    _dsub                                    0x08008ad1   Thumb Code   464  daddsub_clz.o(x$fpl$dsub)
    __aeabi_f2d                              0x08008ca5   Thumb Code     0  f2d.o(x$fpl$f2d)
    _f2d                                     0x08008ca5   Thumb Code    86  f2d.o(x$fpl$f2d)
    __aeabi_ul2f                             0x08008cfb   Thumb Code     0  ffltll_clz.o(x$fpl$ffltll)
    _ll_uto_f                                0x08008cfb   Thumb Code     6  ffltll_clz.o(x$fpl$ffltll)
    __aeabi_l2f                              0x08008d01   Thumb Code     0  ffltll_clz.o(x$fpl$ffltll)
    _ll_sto_f                                0x08008d01   Thumb Code    90  ffltll_clz.o(x$fpl$ffltll)
    __fpl_fnaninf                            0x08008d5b   Thumb Code   140  fnaninf.o(x$fpl$fnaninf)
    _fp_init                                 0x08008de7   Thumb Code    10  fpinit.o(x$fpl$fpinit)
    __fplib_config_fpu_vfp                   0x08008def   Thumb Code     0  fpinit.o(x$fpl$fpinit)
    __fplib_config_pureend_doubles           0x08008def   Thumb Code     0  fpinit.o(x$fpl$fpinit)
    __fpl_fretinf                            0x08008df1   Thumb Code    10  fretinf.o(x$fpl$fretinf)
    __I$use$fp                               0x08008dfa   Number         0  usenofp.o(x$fpl$usenofp)
    AHBPrescTable                            0x08009518   Data          16  system_stm32f4xx.o(.constdata)
    APBPrescTable                            0x08009528   Data           8  system_stm32f4xx.o(.constdata)
    Region$$Table$$Base                      0x08009690   Number         0  anon$$obj.o(Region$$Table)
    Region$$Table$$Limit                     0x080096b0   Number         0  anon$$obj.o(Region$$Table)
    SHT$$INIT_ARRAY$$Base                    0x080096b0   Number         0  main.o(.init_array)
    SHT$$INIT_ARRAY$$Limit                   0x080096b4   Number         0  init_aeabi.o(.init_array)
    msd_6020                                 0x20000001   Data           8  main.o(.data)
    msd_3508_2006                            0x20000009   Data           8  main.o(.data)
    _Motor2006_ID_                           0x20000011   Data           1  main.o(.data)
    _Motor3508_ID_                           0x20000012   Data           2  main.o(.data)
    _Motor6020_ID_                           0x20000014   Data           2  main.o(.data)
    _yaw_init_encoder_angle_                 0x20000018   Data           4  main.o(.data)
    yaw_init_encoder_angle                   0x2000001c   Data           4  main.o(.data)
    dir                                      0x20000020   Data           1  main.o(.data)
    Total_tasks_staticTime                   0x20000024   Data           8  main.o(.data)
    now_chassis_mode                         0x2000002c   Data           1  main.o(.data)
    test_gy_v                                0x2000002e   Data           2  main.o(.data)
    is_on_test                               0x20000030   Data           1  main.o(.data)
    Test_key                                 0x20000031   Data           4  main.o(.data)
    is_run                                   0x20000035   Data           1  main.o(.data)
    is_v_reverse                             0x20000036   Data           1  main.o(.data)
    is_on_MCL                                0x20000037   Data           1  main.o(.data)
    is_on_CM                                 0x20000038   Data           1  main.o(.data)
    is_on_BP                                 0x20000039   Data           1  main.o(.data)
    Mode1_key                                0x2000003a   Data           4  main.o(.data)
    Mode2_key                                0x2000003e   Data           4  main.o(.data)
    pitch_target_angle_gy                    0x20000044   Data           4  main.o(.data)
    pitch_target_angle_Encoder               0x20000048   Data           4  main.o(.data)
    yaw_target_angle_gy                      0x2000004c   Data           4  main.o(.data)
    shoot_time                               0x20000050   Data           4  main.o(.data)
    shoot_time_ms                            0x20000054   Data           4  main.o(.data)
    Dial_angle                               0x20000058   Data           8  main.o(.data)
    demo_tar                                 0x20000060   Data           4  main.o(.data)
    tar_pitch                                0x20000064   Data           4  main.o(.data)
    tar_pitch_Demo                           0x20000068   Data           4  main.o(.data)
    data_ms                                  0x2000006c   Data           4  main.o(.data)
    max_yaw_t                                0x20000070   Data           4  main.o(.data)
    yaw_speed_kp                             0x20000074   Data           4  main.o(.data)
    last_yaw_cin                             0x20000078   Data           4  main.o(.data)
    now_yaw_cin                              0x2000007c   Data           4  main.o(.data)
    e_yaw_cin                                0x20000080   Data           4  main.o(.data)
    load_t                                   0x20000084   Data           4  main.o(.data)
    YAW_Init_Angle                           0x20000088   Data           4  main.o(.data)
    yaw_target_add_angle                     0x2000008c   Data           4  main.o(.data)
    yaw_target_angle                         0x20000090   Data           4  main.o(.data)
    yaw_target_angle_temp                    0x20000094   Data           4  main.o(.data)
    yaw_encoder_angle_e                      0x20000098   Data           4  main.o(.data)
    temp_yaw_init_encoder_angle              0x2000009c   Data           4  main.o(.data)
    yaw_now_angle                            0x200000a0   Data           4  main.o(.data)
    Friction_Speed                           0x200000a4   Data           4  main.o(.data)
    Dial_Speed                               0x200000a8   Data           4  main.o(.data)
    send_motor_ms                            0x200000ac   Data           1  main.o(.data)
    pitch_offsets_gy                         0x200000b0   Data           4  main.o(.data)
    is_open_pitch_offsets_gy                 0x200000b4   Data           1  main.o(.data)
    ladrc_friction_b                         0x200000b8   Data           4  main.o(.data)
    ladrc_friction_z1                        0x200000bc   Data           4  main.o(.data)
    ladrc_friction_z2                        0x200000c0   Data           4  main.o(.data)
    ladrc_friction_z3                        0x200000c4   Data           4  main.o(.data)
    ladrc_friction_max_u                     0x200000c8   Data           4  main.o(.data)
    ladrc_friction_kp                        0x200000cc   Data           4  main.o(.data)
    ladrc_friction_kd                        0x200000d0   Data           4  main.o(.data)
    yaw_i_kd                                 0x200000d4   Data           4  main.o(.data)
    disturbance_test                         0x200000d8   Data           4  main.o(.data)
    t                                        0x200000dc   Data           4  main.o(.data)
    hz                                       0x200000e0   Data           4  main.o(.data)
    rx                                       0x200000e4   Data           4  main.o(.data)
    ff_add_angle_kp                          0x200000e8   Data           4  main.o(.data)
    ff_Clicker_add_angle_kp                  0x200000ec   Data           4  main.o(.data)
    ff_Mouse_add_angle_kp                    0x200000f0   Data           4  main.o(.data)
    yaw_send_data                            0x200000f4   Data           4  main.o(.data)
    Ctrl_key                                 0x200000f8   Data           4  main.o(.data)
    Q_Key                                    0x200000fc   Data           4  main.o(.data)
    Q_Key_size                               0x20000100   Data           1  main.o(.data)
    F_Key                                    0x20000101   Data           4  main.o(.data)
    F_Key_size                               0x20000105   Data           1  main.o(.data)
    B_Key                                    0x20000106   Data           4  main.o(.data)
    G_Key                                    0x2000010a   Data           4  main.o(.data)
    Shift_Key                                0x2000010e   Data           4  main.o(.data)
    Shift_Key_size                           0x20000112   Data           1  main.o(.data)
    E_Key                                    0x20000113   Data           4  main.o(.data)
    R_Key                                    0x20000117   Data           4  main.o(.data)
    ER_Key_size                              0x2000011b   Data           1  main.o(.data)
    C_Key                                    0x2000011c   Data           4  main.o(.data)
    V_Key                                    0x20000120   Data           4  main.o(.data)
    servos                                   0x20000124   Data           8  main.o(.data)
    servos_angle                             0x2000012c   Data           4  main.o(.data)
    servos_angle_on                          0x20000130   Data           4  main.o(.data)
    servos_angle_off                         0x20000134   Data           4  main.o(.data)
    RxHeaderData                             0x20000138   Data           8  main.o(.data)
    format                                   0x20000140   Data         100  main.o(.data)
    sid                                      0x200001a4   Data           1  main.o(.data)
    kiosdfsdf                                0x200001a8   Data           4  main.o(.data)
    sin_out                                  0x200001ac   Data           4  main.o(.data)
    xxsdff                                   0x200001b0   Data           4  main.o(.data)
    xxsdff1                                  0x200001b4   Data           4  main.o(.data)
    ts                                       0x200001b8   Data           4  main.o(.data)
    angelse                                  0x200001bc   Data           4  main.o(.data)
    angelse1                                 0x200001c0   Data           4  main.o(.data)
    sintt                                    0x200001c4   Data           4  main.o(.data)
    sintts                                   0x200001c8   Data           4  main.o(.data)
    abcd                                     0x200001cc   Data           4  main.o(.data)
    abcd1                                    0x200001d0   Data           4  main.o(.data)
    sin_dc                                   0x200001d4   Data           4  main.o(.data)
    isdf                                     0x200001d8   Data           1  main.o(.data)
    zy                                       0x200001dc   Data           4  main.o(.data)
    out                                      0x200001e0   Data           4  main.o(.data)
    b                                        0x200001e4   Data           4  main.o(.data)
    D_out                                    0x200001e8   Data           4  main.o(.data)
    Kd                                       0x200001ec   Data           4  main.o(.data)
    k                                        0x200001f0   Data           4  main.o(.data)
    idx                                      0x200001f4   Data           2  main.o(.data)
    data_star                                0x200001f6   Data           1  main.o(.data)
    RM_Clicker::dirTime                      0x200001f8   Data           8  main.o(.data)
    NonLinear_Fun::fhan_d                    0x20000200   Data           4  main.o(.data)
    NonLinear_Fun::fhan_a0                   0x20000204   Data           4  main.o(.data)
    NonLinear_Fun::fhan_y                    0x20000208   Data           4  main.o(.data)
    NonLinear_Fun::fhan_a1                   0x2000020c   Data           4  main.o(.data)
    NonLinear_Fun::fhan_a2                   0x20000210   Data           4  main.o(.data)
    NonLinear_Fun::fhan_a                    0x20000214   Data           4  main.o(.data)
    uwTick                                   0x2000023c   Data           4  stm32f4xx_hal.o(.data)
    uwTickPrio                               0x20000240   Data           4  stm32f4xx_hal.o(.data)
    uwTickFreq                               0x20000244   Data           1  stm32f4xx_hal.o(.data)
    SystemCoreClock                          0x20000248   Data           4  system_stm32f4xx.o(.data)
    ch_gyro_232_data_global                  0x20000250   Data         172  main.o(.bss)
    kem_temp                                 0x20000300   Data         320  main.o(.bss)
    _Motor2006_                              0x20000440   Data         904  main.o(.bss)
    _Motor3508_                              0x200007c8   Data        1808  main.o(.bss)
    _Motor6020_                              0x20000ed8   Data        1808  main.o(.bss)
    Motor2006                                0x200015e8   Data          16  main.o(.bss)
    Motor3508                                0x200015f8   Data          16  main.o(.bss)
    Motor6020                                0x20001608   Data          16  main.o(.bss)
    isminmode                                0x20001618   Data          32  main.o(.bss)
    yaw_init_encoder_angle_MF                0x20001638   Data         816  main.o(.bss)
    chGy_chassis                             0x20001968   Data          64  main.o(.bss)
    kpid_pitch_angle                         0x200019a8   Data          56  main.o(.bss)
    kpid_pitch_speed                         0x200019e0   Data          56  main.o(.bss)
    pid_pitch_angle                          0x20001a18   Data         216  main.o(.bss)
    pid_pitch_speed                          0x20001af0   Data         216  main.o(.bss)
    td_pitch_Encoder_speed                   0x20001bc8   Data          32  main.o(.bss)
    td_yaw_target_angle_gy                   0x20001be8   Data          32  main.o(.bss)
    td_yaw_target_angle_gasy                 0x20001c08   Data          32  main.o(.bss)
    ladrc_yaw_gy                             0x20001c28   Data         136  main.o(.bss)
    td_yaw_gy                                0x20001cb0   Data          32  main.o(.bss)
    kpid_yaw_gy                              0x20001cd0   Data          56  main.o(.bss)
    pid_yaw_gy                               0x20001d08   Data         216  main.o(.bss)
    kpid_angle_dial                          0x20001de0   Data          56  main.o(.bss)
    kpid_speed_dial                          0x20001e18   Data          56  main.o(.bss)
    pid_speed_dial                           0x20001e50   Data         216  main.o(.bss)
    pid_angle_dial                           0x20001f28   Data         216  main.o(.bss)
    pid_DEMO                                 0x20002000   Data         216  main.o(.bss)
    pid_DEMO_Init                            0x200020d8   Data          56  main.o(.bss)
    ude_pitch                                0x20002110   Data          40  main.o(.bss)
    td_move                                  0x20002138   Data          32  main.o(.bss)
    td_move1                                 0x20002158   Data          32  main.o(.bss)
    ladrc_pitch                              0x20002178   Data         136  main.o(.bss)
    td_gy_y                                  0x20002200   Data          32  main.o(.bss)
    ladrc_friction_l                         0x20002220   Data         136  main.o(.bss)
    ladrc_friction_r                         0x200022a8   Data         136  main.o(.bss)
    ladrc_dial                               0x20002330   Data         136  main.o(.bss)
    yaw_pid                                  0x200023b8   Data         216  main.o(.bss)
    td_yaw_cin                               0x20002490   Data          32  main.o(.bss)
    yaw_kpid                                 0x200024b0   Data          56  main.o(.bss)
    td_yaw_i                                 0x200024e8   Data          32  main.o(.bss)
    ladrc_yaw_angle                          0x20002508   Data         136  main.o(.bss)
    ff_add_angle                             0x20002590   Data          36  main.o(.bss)
    ff_Clicker_add_angle                     0x200025b4   Data          36  main.o(.bss)
    ff_Mouse_add_angle                       0x200025d8   Data          36  main.o(.bss)
    Chassis_to_Gimbal_Data                   0x200025fc   Data          76  main.o(.bss)
    send_str2                                0x20002648   Data          64  main.o(.bss)
    RxHeader                                 0x20002688   Data          28  main.o(.bss)
    x0                                       0x200026a4   Data          20  main.o(.bss)
    data_angle                               0x200026b8   Data         800  main.o(.bss)
    data_T                                   0x200029d8   Data         800  main.o(.bss)
    RM_Clicker::RC_Ctl                       0x20002cf8   Data          24  main.o(.bss)
    RM_Clicker::pData                        0x20002d10   Data          18  main.o(.bss)
    hcan1                                    0x20002d24   Data          40  can.o(.bss)
    hcan2                                    0x20002d4c   Data          40  can.o(.bss)
    htim5                                    0x20002d74   Data          72  tim.o(.bss)
    htim6                                    0x20002dbc   Data          72  tim.o(.bss)
    huart1                                   0x20002e04   Data          72  usart.o(.bss)
    huart3                                   0x20002e4c   Data          72  usart.o(.bss)
    huart6                                   0x20002e94   Data          72  usart.o(.bss)
    hdma_usart1_rx                           0x20002edc   Data          96  usart.o(.bss)
    hdma_usart1_tx                           0x20002f3c   Data          96  usart.o(.bss)
    hdma_usart3_rx                           0x20002f9c   Data          96  usart.o(.bss)
    hdma_usart3_tx                           0x20002ffc   Data          96  usart.o(.bss)
    hdma_usart6_rx                           0x2000305c   Data          96  usart.o(.bss)
    hdma_usart6_tx                           0x200030bc   Data          96  usart.o(.bss)
    __libspace_start                         0x2000311c   Data          96  libspace.o(.bss)
    __temporary_stack_top$libspace           0x2000317c   Data           0  libspace.o(.bss)



==============================================================================

Memory Map of the image

  Image Entry point : 0x08000189

  Load Region LR_IROM1 (Base: 0x08000000, Size: 0x00009900, Max: 0x00100000, ABSOLUTE, COMPRESSED[0x00009708])

    Execution Region ER_IROM1 (Exec base: 0x08000000, Load base: 0x08000000, Size: 0x000096b4, Max: 0x00100000, ABSOLUTE)

    Exec Addr    Load Addr    Size         Type   Attr      Idx    E Section Name        Object

    0x08000000   0x08000000   0x00000188   Data   RO            3    RESET               startup_stm32f407xx.o
    0x08000188   0x08000188   0x00000008   Code   RO         4193  * !!!main             c_w.l(__main.o)
    0x08000190   0x08000190   0x00000034   Code   RO         4651    !!!scatter          c_w.l(__scatter.o)
    0x080001c4   0x080001c4   0x0000005a   Code   RO         4649    !!dczerorl2         c_w.l(__dczerorl2.o)
    0x0800021e   0x0800021e   0x00000002   PAD
    0x08000220   0x08000220   0x0000001c   Code   RO         4653    !!handler_zi        c_w.l(__scatter_zi.o)
    0x0800023c   0x0800023c   0x00000002   Code   RO         4452    .ARM.Collect$$libinit$$00000000  c_w.l(libinit.o)
    0x0800023e   0x0800023e   0x00000004   Code   RO         4307    .ARM.Collect$$libinit$$00000001  c_w.l(libinit2.o)
    0x08000242   0x08000242   0x00000000   Code   RO         4310    .ARM.Collect$$libinit$$00000004  c_w.l(libinit2.o)
    0x08000242   0x08000242   0x00000000   Code   RO         4313    .ARM.Collect$$libinit$$0000000A  c_w.l(libinit2.o)
    0x08000242   0x08000242   0x00000000   Code   RO         4315    .ARM.Collect$$libinit$$0000000C  c_w.l(libinit2.o)
    0x08000242   0x08000242   0x00000000   Code   RO         4317    .ARM.Collect$$libinit$$0000000E  c_w.l(libinit2.o)
    0x08000242   0x08000242   0x00000000   Code   RO         4320    .ARM.Collect$$libinit$$00000011  c_w.l(libinit2.o)
    0x08000242   0x08000242   0x00000000   Code   RO         4322    .ARM.Collect$$libinit$$00000013  c_w.l(libinit2.o)
    0x08000242   0x08000242   0x00000000   Code   RO         4324    .ARM.Collect$$libinit$$00000015  c_w.l(libinit2.o)
    0x08000242   0x08000242   0x00000000   Code   RO         4326    .ARM.Collect$$libinit$$00000017  c_w.l(libinit2.o)
    0x08000242   0x08000242   0x00000000   Code   RO         4328    .ARM.Collect$$libinit$$00000019  c_w.l(libinit2.o)
    0x08000242   0x08000242   0x00000000   Code   RO         4330    .ARM.Collect$$libinit$$0000001B  c_w.l(libinit2.o)
    0x08000242   0x08000242   0x00000000   Code   RO         4332    .ARM.Collect$$libinit$$0000001D  c_w.l(libinit2.o)
    0x08000242   0x08000242   0x00000000   Code   RO         4334    .ARM.Collect$$libinit$$0000001F  c_w.l(libinit2.o)
    0x08000242   0x08000242   0x00000000   Code   RO         4336    .ARM.Collect$$libinit$$00000021  c_w.l(libinit2.o)
    0x08000242   0x08000242   0x00000000   Code   RO         4338    .ARM.Collect$$libinit$$00000023  c_w.l(libinit2.o)
    0x08000242   0x08000242   0x00000000   Code   RO         4340    .ARM.Collect$$libinit$$00000025  c_w.l(libinit2.o)
    0x08000242   0x08000242   0x00000000   Code   RO         4344    .ARM.Collect$$libinit$$0000002C  c_w.l(libinit2.o)
    0x08000242   0x08000242   0x00000000   Code   RO         4346    .ARM.Collect$$libinit$$0000002E  c_w.l(libinit2.o)
    0x08000242   0x08000242   0x00000000   Code   RO         4348    .ARM.Collect$$libinit$$00000030  c_w.l(libinit2.o)
    0x08000242   0x08000242   0x00000004   Code   RO         4349    .ARM.Collect$$libinit$$00000031  c_w.l(libinit2.o)
    0x08000246   0x08000246   0x00000000   Code   RO         4350    .ARM.Collect$$libinit$$00000032  c_w.l(libinit2.o)
    0x08000246   0x08000246   0x00000002   Code   RO         4351    .ARM.Collect$$libinit$$00000033  c_w.l(libinit2.o)
    0x08000248   0x08000248   0x00000002   Code   RO         4610    .ARM.Collect$$libshutdown$$00000000  c_w.l(libshutdown.o)
    0x0800024a   0x0800024a   0x00000000   Code   RO         4626    .ARM.Collect$$libshutdown$$00000002  c_w.l(libshutdown2.o)
    0x0800024a   0x0800024a   0x00000000   Code   RO         4628    .ARM.Collect$$libshutdown$$00000004  c_w.l(libshutdown2.o)
    0x0800024a   0x0800024a   0x00000000   Code   RO         4630    .ARM.Collect$$libshutdown$$00000006  c_w.l(libshutdown2.o)
    0x0800024a   0x0800024a   0x00000000   Code   RO         4633    .ARM.Collect$$libshutdown$$00000009  c_w.l(libshutdown2.o)
    0x0800024a   0x0800024a   0x00000000   Code   RO         4636    .ARM.Collect$$libshutdown$$0000000C  c_w.l(libshutdown2.o)
    0x0800024a   0x0800024a   0x00000000   Code   RO         4638    .ARM.Collect$$libshutdown$$0000000E  c_w.l(libshutdown2.o)
    0x0800024a   0x0800024a   0x00000000   Code   RO         4641    .ARM.Collect$$libshutdown$$00000011  c_w.l(libshutdown2.o)
    0x0800024a   0x0800024a   0x00000002   Code   RO         4642    .ARM.Collect$$libshutdown$$00000012  c_w.l(libshutdown2.o)
    0x0800024c   0x0800024c   0x00000000   Code   RO         4300    .ARM.Collect$$rtentry$$00000000  c_w.l(__rtentry.o)
    0x0800024c   0x0800024c   0x00000000   Code   RO         4404    .ARM.Collect$$rtentry$$00000002  c_w.l(__rtentry2.o)
    0x0800024c   0x0800024c   0x00000006   Code   RO         4416    .ARM.Collect$$rtentry$$00000004  c_w.l(__rtentry4.o)
    0x08000252   0x08000252   0x00000000   Code   RO         4406    .ARM.Collect$$rtentry$$00000009  c_w.l(__rtentry2.o)
    0x08000252   0x08000252   0x00000004   Code   RO         4407    .ARM.Collect$$rtentry$$0000000A  c_w.l(__rtentry2.o)
    0x08000256   0x08000256   0x00000000   Code   RO         4409    .ARM.Collect$$rtentry$$0000000C  c_w.l(__rtentry2.o)
    0x08000256   0x08000256   0x00000008   Code   RO         4410    .ARM.Collect$$rtentry$$0000000D  c_w.l(__rtentry2.o)
    0x0800025e   0x0800025e   0x00000002   Code   RO         4462    .ARM.Collect$$rtexit$$00000000  c_w.l(rtexit.o)
    0x08000260   0x08000260   0x00000000   Code   RO         4550    .ARM.Collect$$rtexit$$00000002  c_w.l(rtexit2.o)
    0x08000260   0x08000260   0x00000004   Code   RO         4551    .ARM.Collect$$rtexit$$00000003  c_w.l(rtexit2.o)
    0x08000264   0x08000264   0x00000006   Code   RO         4552    .ARM.Collect$$rtexit$$00000004  c_w.l(rtexit2.o)
    0x0800026a   0x0800026a   0x00000002   PAD
    0x0800026c   0x0800026c   0x00000040   Code   RO            4    .text               startup_stm32f407xx.o
    0x080002ac   0x080002ac   0x000000ee   Code   RO         4181    .text               c_w.l(lludivv7m.o)
    0x0800039a   0x0800039a   0x00000048   Code   RO         4183    .text               c_w.l(llsdiv.o)
    0x080003e2   0x080003e2   0x0000008a   Code   RO         4185    .text               c_w.l(rt_memcpy_v6.o)
    0x0800046c   0x0800046c   0x00000064   Code   RO         4187    .text               c_w.l(rt_memcpy_w.o)
    0x080004d0   0x080004d0   0x0000004e   Code   RO         4189    .text               c_w.l(rt_memclr_w.o)
    0x0800051e   0x0800051e   0x00000006   Code   RO         4191    .text               c_w.l(heapauxi.o)
    0x08000524   0x08000524   0x00000024   Code   RO         4198    .text               c_w.l(init_aeabi.o)
    0x08000548   0x08000548   0x00000016   Code   RO         4305    .text               c_w.l(_rserrno.o)
    0x0800055e   0x0800055e   0x00000002   PAD
    0x08000560   0x08000560   0x00000008   Code   RO         4423    .text               c_w.l(rt_errno_addr_intlibspace.o)
    0x08000568   0x08000568   0x00000008   Code   RO         4432    .text               c_w.l(libspace.o)
    0x08000570   0x08000570   0x0000004a   Code   RO         4435    .text               c_w.l(sys_stackheap_outer.o)
    0x080005ba   0x080005ba   0x00000012   Code   RO         4437    .text               c_w.l(exit.o)
    0x080005cc   0x080005cc   0x0000000c   Code   RO         4542    .text               c_w.l(sys_exit.o)
    0x080005d8   0x080005d8   0x00000002   Code   RO         4544    .text               c_w.l(use_no_semi.o)
    0x080005da   0x080005da   0x00000000   Code   RO         4548    .text               c_w.l(indicate_semi.o)
    0x080005da   0x080005da   0x00000002   PAD
    0x080005dc   0x080005dc   0x0000001c   Code   RO           13    i.<Func22>          main.o
    0x080005f8   0x080005f8   0x0000001c   Code   RO           14    i.<Func23>          main.o
    0x08000614   0x08000614   0x00000004   Code   RO         1176    i.BusFault_Handler  stm32f4xx_it.o
    0x08000618   0x08000618   0x00000010   Code   RO         1177    i.CAN1_RX0_IRQHandler  stm32f4xx_it.o
    0x08000628   0x08000628   0x00000010   Code   RO         1178    i.CAN1_RX1_IRQHandler  stm32f4xx_it.o
    0x08000638   0x08000638   0x00000010   Code   RO         1179    i.CAN2_RX0_IRQHandler  stm32f4xx_it.o
    0x08000648   0x08000648   0x00000010   Code   RO         1180    i.CAN2_RX1_IRQHandler  stm32f4xx_it.o
    0x08000658   0x08000658   0x00000010   Code   RO         1181    i.DMA1_Stream1_IRQHandler  stm32f4xx_it.o
    0x08000668   0x08000668   0x00000010   Code   RO         1182    i.DMA1_Stream3_IRQHandler  stm32f4xx_it.o
    0x08000678   0x08000678   0x00000010   Code   RO         1183    i.DMA2_Stream1_IRQHandler  stm32f4xx_it.o
    0x08000688   0x08000688   0x00000010   Code   RO         1184    i.DMA2_Stream2_IRQHandler  stm32f4xx_it.o
    0x08000698   0x08000698   0x00000010   Code   RO         1185    i.DMA2_Stream6_IRQHandler  stm32f4xx_it.o
    0x080006a8   0x080006a8   0x00000010   Code   RO         1186    i.DMA2_Stream7_IRQHandler  stm32f4xx_it.o
    0x080006b8   0x080006b8   0x00000034   Code   RO         2104    i.DMA_CalcBaseAndBitshift  stm32f4xx_hal_dma.o
    0x080006ec   0x080006ec   0x000000aa   Code   RO         2105    i.DMA_CheckFifoParam  stm32f4xx_hal_dma.o
    0x08000796   0x08000796   0x0000002c   Code   RO         2106    i.DMA_SetConfig     stm32f4xx_hal_dma.o
    0x080007c2   0x080007c2   0x00000002   Code   RO         1187    i.DebugMon_Handler  stm32f4xx_it.o
    0x080007c4   0x080007c4   0x00000006   Code   RO           15    i.Error_Handler     main.o
    0x080007ca   0x080007ca   0x0000002a   Code   RO         1367    i.HAL_CAN_ActivateNotification  stm32f4xx_hal_can.o
    0x080007f4   0x080007f4   0x0000014a   Code   RO         1368    i.HAL_CAN_AddTxMessage  stm32f4xx_hal_can.o
    0x0800093e   0x0800093e   0x00000002   PAD
    0x08000940   0x08000940   0x00000124   Code   RO         1369    i.HAL_CAN_ConfigFilter  stm32f4xx_hal_can.o
    0x08000a64   0x08000a64   0x00000002   Code   RO         1372    i.HAL_CAN_ErrorCallback  stm32f4xx_hal_can.o
    0x08000a66   0x08000a66   0x00000194   Code   RO         1375    i.HAL_CAN_GetRxMessage  stm32f4xx_hal_can.o
    0x08000bfa   0x08000bfa   0x0000024e   Code   RO         1379    i.HAL_CAN_IRQHandler  stm32f4xx_hal_can.o
    0x08000e48   0x08000e48   0x00000174   Code   RO         1380    i.HAL_CAN_Init      stm32f4xx_hal_can.o
    0x08000fbc   0x08000fbc   0x00000180   Code   RO          999    i.HAL_CAN_MspInit   can.o
    0x0800113c   0x0800113c   0x00000002   Code   RO         1387    i.HAL_CAN_RxFifo0FullCallback  stm32f4xx_hal_can.o
    0x0800113e   0x0800113e   0x00000002   PAD
    0x08001140   0x08001140   0x000000c0   Code   RO           16    i.HAL_CAN_RxFifo0MsgPendingCallback  main.o
    0x08001200   0x08001200   0x00000002   Code   RO         1389    i.HAL_CAN_RxFifo1FullCallback  stm32f4xx_hal_can.o
    0x08001202   0x08001202   0x00000002   Code   RO         1390    i.HAL_CAN_RxFifo1MsgPendingCallback  stm32f4xx_hal_can.o
    0x08001204   0x08001204   0x00000002   Code   RO         1391    i.HAL_CAN_SleepCallback  stm32f4xx_hal_can.o
    0x08001206   0x08001206   0x0000005e   Code   RO         1392    i.HAL_CAN_Start     stm32f4xx_hal_can.o
    0x08001264   0x08001264   0x00000002   Code   RO         1394    i.HAL_CAN_TxMailbox0AbortCallback  stm32f4xx_hal_can.o
    0x08001266   0x08001266   0x00000002   Code   RO         1395    i.HAL_CAN_TxMailbox0CompleteCallback  stm32f4xx_hal_can.o
    0x08001268   0x08001268   0x00000002   Code   RO         1396    i.HAL_CAN_TxMailbox1AbortCallback  stm32f4xx_hal_can.o
    0x0800126a   0x0800126a   0x00000002   Code   RO         1397    i.HAL_CAN_TxMailbox1CompleteCallback  stm32f4xx_hal_can.o
    0x0800126c   0x0800126c   0x00000002   Code   RO         1398    i.HAL_CAN_TxMailbox2AbortCallback  stm32f4xx_hal_can.o
    0x0800126e   0x0800126e   0x00000002   Code   RO         1399    i.HAL_CAN_TxMailbox2CompleteCallback  stm32f4xx_hal_can.o
    0x08001270   0x08001270   0x00000002   Code   RO         1401    i.HAL_CAN_WakeUpFromRxMsgCallback  stm32f4xx_hal_can.o
    0x08001272   0x08001272   0x000000ac   Code   RO         2107    i.HAL_DMA_Abort     stm32f4xx_hal_dma.o
    0x0800131e   0x0800131e   0x00000028   Code   RO         2108    i.HAL_DMA_Abort_IT  stm32f4xx_hal_dma.o
    0x08001346   0x08001346   0x00000002   PAD
    0x08001348   0x08001348   0x00000240   Code   RO         2112    i.HAL_DMA_IRQHandler  stm32f4xx_hal_dma.o
    0x08001588   0x08001588   0x000000ec   Code   RO         2113    i.HAL_DMA_Init      stm32f4xx_hal_dma.o
    0x08001674   0x08001674   0x00000092   Code   RO         2117    i.HAL_DMA_Start_IT  stm32f4xx_hal_dma.o
    0x08001706   0x08001706   0x00000002   PAD
    0x08001708   0x08001708   0x00000028   Code   RO         2537    i.HAL_Delay         stm32f4xx_hal.o
    0x08001730   0x08001730   0x000001f4   Code   RO         2000    i.HAL_GPIO_Init     stm32f4xx_hal_gpio.o
    0x08001924   0x08001924   0x0000000c   Code   RO         2543    i.HAL_GetTick       stm32f4xx_hal.o
    0x08001930   0x08001930   0x00000018   Code   RO         2549    i.HAL_IncTick       stm32f4xx_hal.o
    0x08001948   0x08001948   0x0000003c   Code   RO         2550    i.HAL_Init          stm32f4xx_hal.o
    0x08001984   0x08001984   0x0000004c   Code   RO         2551    i.HAL_InitTick      stm32f4xx_hal.o
    0x080019d0   0x080019d0   0x00000048   Code   RO         1342    i.HAL_MspInit       stm32f4xx_hal_msp.o
    0x08001a18   0x08001a18   0x00000028   Code   RO         2390    i.HAL_NVIC_EnableIRQ  stm32f4xx_hal_cortex.o
    0x08001a40   0x08001a40   0x0000007c   Code   RO         2396    i.HAL_NVIC_SetPriority  stm32f4xx_hal_cortex.o
    0x08001abc   0x08001abc   0x00000028   Code   RO         2397    i.HAL_NVIC_SetPriorityGrouping  stm32f4xx_hal_cortex.o
    0x08001ae4   0x08001ae4   0x00000184   Code   RO         1601    i.HAL_RCC_ClockConfig  stm32f4xx_hal_rcc.o
    0x08001c68   0x08001c68   0x0000000c   Code   RO         1606    i.HAL_RCC_GetHCLKFreq  stm32f4xx_hal_rcc.o
    0x08001c74   0x08001c74   0x00000020   Code   RO         1608    i.HAL_RCC_GetPCLK1Freq  stm32f4xx_hal_rcc.o
    0x08001c94   0x08001c94   0x00000020   Code   RO         1609    i.HAL_RCC_GetPCLK2Freq  stm32f4xx_hal_rcc.o
    0x08001cb4   0x08001cb4   0x000000b0   Code   RO         1610    i.HAL_RCC_GetSysClockFreq  stm32f4xx_hal_rcc.o
    0x08001d64   0x08001d64   0x0000049c   Code   RO         1613    i.HAL_RCC_OscConfig  stm32f4xx_hal_rcc.o
    0x08002200   0x08002200   0x00000034   Code   RO         2401    i.HAL_SYSTICK_Config  stm32f4xx_hal_cortex.o
    0x08002234   0x08002234   0x00000002   Code   RO         3505    i.HAL_TIMEx_BreakCallback  stm32f4xx_hal_tim_ex.o
    0x08002236   0x08002236   0x00000002   Code   RO         3506    i.HAL_TIMEx_CommutCallback  stm32f4xx_hal_tim_ex.o
    0x08002238   0x08002238   0x000000b4   Code   RO         3524    i.HAL_TIMEx_MasterConfigSynchronization  stm32f4xx_hal_tim_ex.o
    0x080022ec   0x080022ec   0x00000066   Code   RO         2790    i.HAL_TIM_Base_Init  stm32f4xx_hal_tim.o
    0x08002352   0x08002352   0x00000002   PAD
    0x08002354   0x08002354   0x00000084   Code   RO         1075    i.HAL_TIM_Base_MspInit  tim.o
    0x080023d8   0x080023d8   0x000000a8   Code   RO         2795    i.HAL_TIM_Base_Start_IT  stm32f4xx_hal_tim.o
    0x08002480   0x08002480   0x0000010c   Code   RO         2799    i.HAL_TIM_ConfigClockSource  stm32f4xx_hal_tim.o
    0x0800258c   0x0800258c   0x00000002   Code   RO         2824    i.HAL_TIM_IC_CaptureCallback  stm32f4xx_hal_tim.o
    0x0800258e   0x0800258e   0x0000016c   Code   RO         2838    i.HAL_TIM_IRQHandler  stm32f4xx_hal_tim.o
    0x080026fa   0x080026fa   0x00000002   Code   RO         2841    i.HAL_TIM_OC_DelayElapsedCallback  stm32f4xx_hal_tim.o
    0x080026fc   0x080026fc   0x00000002   Code   RO         2868    i.HAL_TIM_PWM_PulseFinishedCallback  stm32f4xx_hal_tim.o
    0x080026fe   0x080026fe   0x00000002   PAD
    0x08002700   0x08002700   0x0000157c   Code   RO           17    i.HAL_TIM_PeriodElapsedCallback  main.o
    0x08003c7c   0x08003c7c   0x00000002   Code   RO         2881    i.HAL_TIM_TriggerCallback  stm32f4xx_hal_tim.o
    0x08003c7e   0x08003c7e   0x00000072   Code   RO         3783    i.HAL_UARTEx_ReceiveToIdle_IT  stm32f4xx_hal_uart.o
    0x08003cf0   0x08003cf0   0x0000004c   Code   RO           18    i.HAL_UARTEx_RxEventCallback  main.o
    0x08003d3c   0x08003d3c   0x00000002   Code   RO         3798    i.HAL_UART_ErrorCallback  stm32f4xx_hal_uart.o
    0x08003d3e   0x08003d3e   0x00000002   PAD
    0x08003d40   0x08003d40   0x000002e8   Code   RO         3801    i.HAL_UART_IRQHandler  stm32f4xx_hal_uart.o
    0x08004028   0x08004028   0x00000076   Code   RO         3802    i.HAL_UART_Init     stm32f4xx_hal_uart.o
    0x0800409e   0x0800409e   0x00000002   PAD
    0x080040a0   0x080040a0   0x00000370   Code   RO         1123    i.HAL_UART_MspInit  usart.o
    0x08004410   0x08004410   0x00000002   Code   RO           19    i.HAL_UART_RxCpltCallback  main.o
    0x08004412   0x08004412   0x00000002   PAD
    0x08004414   0x08004414   0x0000008c   Code   RO         3811    i.HAL_UART_Transmit_DMA  stm32f4xx_hal_uart.o
    0x080044a0   0x080044a0   0x00000002   Code   RO         3813    i.HAL_UART_TxCpltCallback  stm32f4xx_hal_uart.o
    0x080044a2   0x080044a2   0x00000002   Code   RO         3814    i.HAL_UART_TxHalfCpltCallback  stm32f4xx_hal_uart.o
    0x080044a4   0x080044a4   0x00000004   Code   RO         1188    i.HardFault_Handler  stm32f4xx_it.o
    0x080044a8   0x080044a8   0x00000004   Code   RO         1189    i.MemManage_Handler  stm32f4xx_it.o
    0x080044ac   0x080044ac   0x00000004   Code   RO         1190    i.NMI_Handler       stm32f4xx_it.o
    0x080044b0   0x080044b0   0x00000002   Code   RO         1191    i.PendSV_Handler    stm32f4xx_it.o
    0x080044b2   0x080044b2   0x00000002   Code   RO         1192    i.SVC_Handler       stm32f4xx_it.o
    0x080044b4   0x080044b4   0x00000008   Code   RO         1193    i.SysTick_Handler   stm32f4xx_it.o
    0x080044bc   0x080044bc   0x00000014   Code   RO         4146    i.SystemInit        system_stm32f4xx.o
    0x080044d0   0x080044d0   0x00000010   Code   RO         1194    i.TIM5_IRQHandler   stm32f4xx_it.o
    0x080044e0   0x080044e0   0x00000010   Code   RO         1195    i.TIM6_DAC_IRQHandler  stm32f4xx_it.o
    0x080044f0   0x080044f0   0x000000e8   Code   RO         2883    i.TIM_Base_SetConfig  stm32f4xx_hal_tim.o
    0x080045d8   0x080045d8   0x00000016   Code   RO         2894    i.TIM_ETR_SetConfig  stm32f4xx_hal_tim.o
    0x080045ee   0x080045ee   0x00000012   Code   RO         2895    i.TIM_ITRx_SetConfig  stm32f4xx_hal_tim.o
    0x08004600   0x08004600   0x00000026   Code   RO         2901    i.TIM_TI1_ConfigInputStage  stm32f4xx_hal_tim.o
    0x08004626   0x08004626   0x00000028   Code   RO         2903    i.TIM_TI2_ConfigInputStage  stm32f4xx_hal_tim.o
    0x0800464e   0x0800464e   0x00000014   Code   RO         3815    i.UART_DMAAbortOnError  stm32f4xx_hal_uart.o
    0x08004662   0x08004662   0x00000050   Code   RO         3816    i.UART_DMAError     stm32f4xx_hal_uart.o
    0x080046b2   0x080046b2   0x00000058   Code   RO         3821    i.UART_DMATransmitCplt  stm32f4xx_hal_uart.o
    0x0800470a   0x0800470a   0x0000000e   Code   RO         3823    i.UART_DMATxHalfCplt  stm32f4xx_hal_uart.o
    0x08004718   0x08004718   0x0000006c   Code   RO         3825    i.UART_EndRxTransfer  stm32f4xx_hal_uart.o
    0x08004784   0x08004784   0x00000020   Code   RO         3826    i.UART_EndTransmit_IT  stm32f4xx_hal_uart.o
    0x080047a4   0x080047a4   0x00000026   Code   RO         3827    i.UART_EndTxTransfer  stm32f4xx_hal_uart.o
    0x080047ca   0x080047ca   0x000000fc   Code   RO         3828    i.UART_Receive_IT   stm32f4xx_hal_uart.o
    0x080048c6   0x080048c6   0x00000002   PAD
    0x080048c8   0x080048c8   0x0000022c   Code   RO         3829    i.UART_SetConfig    stm32f4xx_hal_uart.o
    0x08004af4   0x08004af4   0x00000040   Code   RO         3831    i.UART_Start_Receive_IT  stm32f4xx_hal_uart.o
    0x08004b34   0x08004b34   0x00000060   Code   RO         3832    i.UART_Transmit_IT  stm32f4xx_hal_uart.o
    0x08004b94   0x08004b94   0x00000010   Code   RO         1196    i.USART1_IRQHandler  stm32f4xx_it.o
    0x08004ba4   0x08004ba4   0x00000010   Code   RO         1197    i.USART3_IRQHandler  stm32f4xx_it.o
    0x08004bb4   0x08004bb4   0x00000010   Code   RO         1198    i.USART6_IRQHandler  stm32f4xx_it.o
    0x08004bc4   0x08004bc4   0x00000004   Code   RO         1199    i.UsageFault_Handler  stm32f4xx_it.o
    0x08004bc8   0x08004bc8   0x00000068   Code   RO           23    i._Z11MX_DMA_Initv  main.o
    0x08004c30   0x08004c30   0x0000002c   Code   RO           25    i._Z11RM_Can_Initv  main.o
    0x08004c5c   0x08004c5c   0x0000002c   Code   RO           26    i._Z11RM_Can_SendP17CAN_HandleTypeDefjPhj  main.o
    0x08004c88   0x08004c88   0x00000044   Code   RO           30    i._Z12MX_CAN1_Initv  main.o
    0x08004ccc   0x08004ccc   0x00000044   Code   RO           31    i._Z12MX_CAN2_Initv  main.o
    0x08004d10   0x08004d10   0x00000098   Code   RO           32    i._Z12MX_GPIO_Initv  main.o
    0x08004da8   0x08004da8   0x00000070   Code   RO           33    i._Z12MX_TIM5_Initv  main.o
    0x08004e18   0x08004e18   0x0000004c   Code   RO           34    i._Z12MX_TIM6_Initv  main.o
    0x08004e64   0x08004e64   0x0000001c   Code   RO           36    i._Z13Send_6020_CANv  main.o
    0x08004e80   0x08004e80   0x00000040   Code   RO           40    i._Z15Total_tasks_Runv  main.o
    0x08004ec0   0x08004ec0   0x000001d0   Code   RO           42    i._Z16Total_tasks_Initv  main.o
    0x08005090   0x08005090   0x00000044   Code   RO           46    i._Z18RM_CAN_Filter_Initv  main.o
    0x080050d4   0x080050d4   0x00000018   Code   RO           47    i._Z18Send_3508_2006_CANv  main.o
    0x080050ec   0x080050ec   0x000000b0   Code   RO           48    i._Z18SystemClock_Configv  main.o
    0x0800519c   0x0800519c   0x00000038   Code   RO           50    i._Z19MX_USART1_UART_Initv  main.o
    0x080051d4   0x080051d4   0x00000040   Code   RO           51    i._Z19MX_USART3_UART_Initv  main.o
    0x08005214   0x08005214   0x00000038   Code   RO           52    i._Z19MX_USART6_UART_Initv  main.o
    0x0800524c   0x0800524c   0x000000ac   Code   RO           57    i._Z24Zero_crossing_processingfff  main.o
    0x080052f8   0x080052f8   0x000001e4   Code   RO           58    i._Z25Combinatoria_Movement_FunPbb  main.o
    0x080054dc   0x080054dc   0x00000002   Code   RO           59    i._Z25Get_Chassis_to_Gimbal_oreP20__UART_HandleTypeDef  main.o
    0x080054de   0x080054de   0x00000036   Code   RO           60    i._Z26GET_Motor_ID_ADDRESS_BIND_P8RM_Motori  main.o
    0x08005514   0x08005514   0x00000002   Code   RO           61    i._Z26Get_Chassis_to_Gimbal_Initv  main.o
    0x08005516   0x08005516   0x00000016   Code   RO           62    i._Z6setMSDP17Motor_send_data_tsi  main.o
    0x0800552c   0x0800552c   0x000002f0   Code   RO          532    i._ZN10RM_CHxxxGy5ParseE19CAN_RxHeaderTypeDefPh  main.o
    0x0800581c   0x0800581c   0x00000018   Code   RO          613    i._ZN10RM_Clicker4InitEv  main.o
    0x08005834   0x08005834   0x000000fc   Code   RO          544    i._ZN10RM_Clicker9ParseDataEv  main.o
    0x08005930   0x08005930   0x00000290   Code   RO          490    i._ZN12TD_quadratic12td_quadraticEfb  main.o
    0x08005bc0   0x08005bc0   0x00000010   Code   RO          556    i._ZN12TD_quadraticC1Efffh  main.o
    0x08005bd0   0x08005bd0   0x00000068   Code   RO           66    i._ZN13NonLinear_Fun7Fal_FunEfff  main.o
    0x08005c38   0x08005c38   0x0000005c   Code   RO           67    i._ZN13NonLinear_Fun7Fsg_FunEff  main.o
    0x08005c94   0x08005c94   0x0000027c   Code   RO           68    i._ZN13NonLinear_Fun8Fhan_FunEffff  main.o
    0x08005f10   0x08005f10   0x00000022   Code   RO           69    i._ZN13NonLinear_Fun8Fign_FunEf  main.o
    0x08005f32   0x08005f32   0x0000000c   Code   RO          589    i._ZN13RM_StaticTime10UpLastTimeEv  main.o
    0x08005f3e   0x08005f3e   0x0000001a   Code   RO          583    i._ZN13RM_StaticTime5ISDirEj  main.o
    0x08005f58   0x08005f58   0x0000001c   Code   RO          574    i._ZN14RM_FeedForwardC1Efffff  main.o
    0x08005f74   0x08005f74   0x00000218   Code   RO          508    i._ZN15LADRC_quadratic13eso_quadraticEfh  main.o
    0x0800618c   0x0800618c   0x00000148   Code   RO          502    i._ZN15LADRC_quadratic14sef_controllerEh  main.o
    0x080062d4   0x080062d4   0x00000014   Code   RO          520    i._ZN15LADRC_quadratic18set_is_separate_w0Efff  main.o
    0x080062e8   0x080062e8   0x00000010   Code   RO          607    i._ZN15LADRC_quadratic18set_is_separate_wcEff  main.o
    0x080062f8   0x080062f8   0x0000003e   Code   RO          514    i._ZN15LADRC_quadratic7up_dataEffhb  main.o
    0x08006336   0x08006336   0x00000062   Code   RO          562    i._ZN15LADRC_quadraticC1E12TD_quadraticffffff  main.o
    0x08006398   0x08006398   0x00000074   Code   RO          484    i._ZN6Kpid_tC1Edddffff  main.o
    0x0800640c   0x0800640c   0x00000026   Code   RO          526    i._ZN6RM_Key5UpKeyEb  main.o
    0x08006432   0x08006432   0x00000002   PAD
    0x08006434   0x08006434   0x000003fc   Code   RO          550    i._ZN6RM_PID12GetNoLinePidE6Kpid_tddd  main.o
    0x08006830   0x08006830   0x0000002c   Code   RO          625    i._ZN6RM_PID8clearPIDEv  main.o
    0x0800685c   0x0800685c   0x000004e8   Code   RO          496    i._ZN6RM_PID9GetPidPosE6Kpid_tddd  main.o
    0x08006d44   0x08006d44   0x00000064   Code   RO          568    i._ZN6RM_PIDC1Ev    main.o
    0x08006da8   0x08006da8   0x00000032   Code   RO          580    i._ZN7Motor_tC1Ev   main.o
    0x08006dda   0x08006dda   0x00000022   Code   RO          631    i._ZN8RM_Motor15GetMotorDataPosEs  main.o
    0x08006dfc   0x08006dfc   0x00000022   Code   RO          619    i._ZN8RM_Motor17GetMotorDataSpeedEs  main.o
    0x08006e1e   0x08006e1e   0x0000024a   Code   RO          538    i._ZN8RM_Motor5ParseE19CAN_RxHeaderTypeDefPh  main.o
    0x08007068   0x08007068   0x0000001e   Code   RO          601    i._ZN8RM_Motor8GetMotorEs  main.o
    0x08007086   0x08007086   0x00000084   Code   RO           80    i._ZN8RM_MotorC1EshP7Motor_tPh  main.o
    0x0800710a   0x0800710a   0x0000000a   Code   RO          595    i._ZSt4fabsf        main.o
    0x08007114   0x08007114   0x00000026   Code   RO         4384    i.__ARM_fpclassifyf  m_wm.l(fpclassifyf.o)
    0x0800713a   0x0800713a   0x00000002   PAD
    0x0800713c   0x0800713c   0x00000010   Code   RO         2403    i.__NVIC_GetPriorityGrouping  stm32f4xx_hal_cortex.o
    0x0800714c   0x0800714c   0x00000028   Code   RO         2404    i.__NVIC_SetPriority  stm32f4xx_hal_cortex.o
    0x08007174   0x08007174   0x00000024   Code   RO         4201    i.__aeabi_vec_ctor_nocookie_nodtor  cpprt_w.l(aeabi_vec_ctor_nocookie_nodtor.o)
    0x08007198   0x08007198   0x00000014   Code   RO         4244    i.__hardfp_fabs     m_wm.l(fabs.o)
    0x080071ac   0x080071ac   0x00000664   Code   RO         4262    i.__hardfp_powf     m_wm.l(powf.o)
    0x08007810   0x08007810   0x00000190   Code   RO         4276    i.__hardfp_sinf     m_wm.l(sinf.o)
    0x080079a0   0x080079a0   0x0000003a   Code   RO         4288    i.__hardfp_sqrtf    m_wm.l(sqrtf.o)
    0x080079da   0x080079da   0x00000002   PAD
    0x080079dc   0x080079dc   0x00000014   Code   RO         4386    i.__mathlib_flt_divzero  m_wm.l(funder.o)
    0x080079f0   0x080079f0   0x00000006   Code   RO         4387    i.__mathlib_flt_infnan  m_wm.l(funder.o)
    0x080079f6   0x080079f6   0x00000006   Code   RO         4388    i.__mathlib_flt_infnan2  m_wm.l(funder.o)
    0x080079fc   0x080079fc   0x00000010   Code   RO         4389    i.__mathlib_flt_invalid  m_wm.l(funder.o)
    0x08007a0c   0x08007a0c   0x00000010   Code   RO         4390    i.__mathlib_flt_overflow  m_wm.l(funder.o)
    0x08007a1c   0x08007a1c   0x00000010   Code   RO         4392    i.__mathlib_flt_underflow  m_wm.l(funder.o)
    0x08007a2c   0x08007a2c   0x00000154   Code   RO         4400    i.__mathlib_rredf2  m_wm.l(rredf.o)
    0x08007b80   0x08007b80   0x000005d0   Code   RO           81    i.__sti___8_main_cpp_58d84705  main.o
    0x08008150   0x08008150   0x0000004c   Code   RO           82    i.main              main.o
    0x0800819c   0x0800819c   0x00000018   Code   RO         4204    x$fpl$basic         fz_wm.l(basic.o)
    0x080081b4   0x080081b4   0x00000062   Code   RO         4206    x$fpl$d2f           fz_wm.l(d2f.o)
    0x08008216   0x08008216   0x00000002   PAD
    0x08008218   0x08008218   0x00000150   Code   RO         4208    x$fpl$dadd          fz_wm.l(daddsub_clz.o)
    0x08008368   0x08008368   0x00000018   Code   RO         4355    x$fpl$dcmpinf       fz_wm.l(dcmpi.o)
    0x08008380   0x08008380   0x000002b0   Code   RO         4215    x$fpl$ddiv          fz_wm.l(ddiv.o)
    0x08008630   0x08008630   0x00000078   Code   RO         4218    x$fpl$deqf          fz_wm.l(deqf.o)
    0x080086a8   0x080086a8   0x0000005e   Code   RO         4220    x$fpl$dfix          fz_wm.l(dfix.o)
    0x08008706   0x08008706   0x0000002e   Code   RO         4225    x$fpl$dflt          fz_wm.l(dflt_clz.o)
    0x08008734   0x08008734   0x000000a2   Code   RO         4230    x$fpl$dfltll        fz_wm.l(dfltll_clz.o)
    0x080087d6   0x080087d6   0x00000002   PAD
    0x080087d8   0x080087d8   0x00000078   Code   RO         4234    x$fpl$dleqf         fz_wm.l(dleqf.o)
    0x08008850   0x08008850   0x00000154   Code   RO         4236    x$fpl$dmul          fz_wm.l(dmul.o)
    0x080089a4   0x080089a4   0x0000009c   Code   RO         4357    x$fpl$dnaninf       fz_wm.l(dnaninf.o)
    0x08008a40   0x08008a40   0x0000000c   Code   RO         4361    x$fpl$dretinf       fz_wm.l(dretinf.o)
    0x08008a4c   0x08008a4c   0x0000006c   Code   RO         4238    x$fpl$drleqf        fz_wm.l(drleqf.o)
    0x08008ab8   0x08008ab8   0x00000016   Code   RO         4209    x$fpl$drsb          fz_wm.l(daddsub_clz.o)
    0x08008ace   0x08008ace   0x00000002   PAD
    0x08008ad0   0x08008ad0   0x000001d4   Code   RO         4210    x$fpl$dsub          fz_wm.l(daddsub_clz.o)
    0x08008ca4   0x08008ca4   0x00000056   Code   RO         4240    x$fpl$f2d           fz_wm.l(f2d.o)
    0x08008cfa   0x08008cfa   0x00000060   Code   RO         4242    x$fpl$ffltll        fz_wm.l(ffltll_clz.o)
    0x08008d5a   0x08008d5a   0x0000008c   Code   RO         4363    x$fpl$fnaninf       fz_wm.l(fnaninf.o)
    0x08008de6   0x08008de6   0x0000000a   Code   RO         4430    x$fpl$fpinit        fz_wm.l(fpinit.o)
    0x08008df0   0x08008df0   0x0000000a   Code   RO         4365    x$fpl$fretinf       fz_wm.l(fretinf.o)
    0x08008dfa   0x08008dfa   0x00000000   Code   RO         4369    x$fpl$usenofp       fz_wm.l(usenofp.o)
    0x08008dfa   0x08008dfa   0x00000006   PAD
    0x08008e00   0x08008e00   0x00000710   Data   RO          154    .constdata          main.o
    0x08009510   0x08009510   0x00000008   Data   RO         2119    .constdata          stm32f4xx_hal_dma.o
    0x08009518   0x08009518   0x00000018   Data   RO         4147    .constdata          system_stm32f4xx.o
    0x08009530   0x08009530   0x00000140   Data   RO         4265    .constdata          m_wm.l(powf.o)
    0x08009670   0x08009670   0x00000020   Data   RO         4401    .constdata          m_wm.l(rredf.o)
    0x08009690   0x08009690   0x00000020   Data   RO         4647    Region$$Table       anon$$obj.o
    0x080096b0   0x080096b0   0x00000004   Data   RO          156    .init_array         main.o
    0x080096b4   0x080096b0   0x00000000   Data   RO         4196    .init_array         c_w.l(init_aeabi.o)


    Execution Region RW_IRAM2 (Exec base: 0x10000000, Load base: 0x08009708, Size: 0x00000000, Max: 0x00010000, ABSOLUTE)

    **** No section assigned to this execution region ****


    Execution Region RW_IRAM1 (Exec base: 0x20000000, Load base: 0x080096b4, Size: 0x00003780, Max: 0x00020000, ABSOLUTE, COMPRESSED[0x00000054])

    Exec Addr    Load Addr    Size         Type   Attr      Idx    E Section Name        Object

    0x20000000   COMPRESSED   0x00000236   Data   RW          155    .data               main.o
    0x20000236   COMPRESSED   0x00000002   PAD
    0x20000238   COMPRESSED   0x00000004   Data   RW         1003    .data               can.o
    0x2000023c   COMPRESSED   0x00000009   Data   RW         2557    .data               stm32f4xx_hal.o
    0x20000245   COMPRESSED   0x00000003   PAD
    0x20000248   COMPRESSED   0x00000004   Data   RW         4148    .data               system_stm32f4xx.o
    0x2000024c   COMPRESSED   0x00000004   PAD
    0x20000250        -       0x00002ad2   Zero   RW          153    .bss                main.o
    0x20002d22   COMPRESSED   0x00000002   PAD
    0x20002d24        -       0x00000050   Zero   RW         1002    .bss                can.o
    0x20002d74        -       0x00000090   Zero   RW         1078    .bss                tim.o
    0x20002e04        -       0x00000318   Zero   RW         1127    .bss                usart.o
    0x2000311c        -       0x00000060   Zero   RW         4433    .bss                c_w.l(libspace.o)
    0x2000317c   COMPRESSED   0x00000004   PAD
    0x20003180        -       0x00000200   Zero   RW            2    HEAP                startup_stm32f407xx.o
    0x20003380        -       0x00000400   Zero   RW            1    STACK               startup_stm32f407xx.o


==============================================================================

Image component sizes


      Code (inc. data)   RO Data    RW Data    ZI Data      Debug   Object Name

       384         24          0          4         80       1492   can.o
         0          0          0          0          0     701300   gpio.o
     16942       1626       1812        566      10962     771213   main.o
        64         26        392          0       1536        860   startup_stm32f407xx.o
       212         36          0          9          0       9533   stm32f4xx_hal.o
      2148          6          0          0          0      14731   stm32f4xx_hal_can.o
       312         22          0          0          0      34455   stm32f4xx_hal_cortex.o
      1436         16          8          0          0       7182   stm32f4xx_hal_dma.o
       500         46          0          0          0       1492   stm32f4xx_hal_gpio.o
        72          4          0          0          0        894   stm32f4xx_hal_msp.o
      1820         84          0          0          0       5740   stm32f4xx_hal_rcc.o
      1260         76          0          0          0      10095   stm32f4xx_hal_tim.o
       184         30          0          0          0       2597   stm32f4xx_hal_tim_ex.o
      2470         26          0          0          0      14425   stm32f4xx_hal_uart.o
       274         90          0          0          0      12174   stm32f4xx_it.o
        20          6         24          4          0       1183   system_stm32f4xx.o
       132         12          0          0        144       1201   tim.o
       880         64          0          0        792       2160   usart.o

    ----------------------------------------------------------------------
     29132       2194       2268        588      13520    1592727   Object Totals
         0          0         32          0          0          0   (incl. Generated)
        22          0          0          5          6          0   (incl. Padding)

    ----------------------------------------------------------------------

      Code (inc. data)   RO Data    RW Data    ZI Data      Debug   Library Member Name

        90          0          0          0          0          0   __dczerorl2.o
         8          0          0          0          0         68   __main.o
         0          0          0          0          0          0   __rtentry.o
        12          0          0          0          0          0   __rtentry2.o
         6          0          0          0          0          0   __rtentry4.o
        52          8          0          0          0          0   __scatter.o
        28          0          0          0          0          0   __scatter_zi.o
        22          0          0          0          0        100   _rserrno.o
        18          0          0          0          0         80   exit.o
         6          0          0          0          0        152   heapauxi.o
         0          0          0          0          0          0   indicate_semi.o
        36         10          0          0          0         80   init_aeabi.o
         2          0          0          0          0          0   libinit.o
        10          0          0          0          0          0   libinit2.o
         2          0          0          0          0          0   libshutdown.o
         2          0          0          0          0          0   libshutdown2.o
         8          4          0          0         96         68   libspace.o
        72          0          0          0          0         76   llsdiv.o
       238          0          0          0          0        100   lludivv7m.o
         8          4          0          0          0         68   rt_errno_addr_intlibspace.o
        78          0          0          0          0         80   rt_memclr_w.o
       138          0          0          0          0         68   rt_memcpy_v6.o
       100          0          0          0          0         80   rt_memcpy_w.o
         2          0          0          0          0          0   rtexit.o
        10          0          0          0          0          0   rtexit2.o
        12          4          0          0          0         68   sys_exit.o
        74          0          0          0          0         80   sys_stackheap_outer.o
         2          0          0          0          0         68   use_no_semi.o
        36          0          0          0          0         84   aeabi_vec_ctor_nocookie_nodtor.o
        24          0          0          0          0        164   basic.o
        98          4          0          0          0        140   d2f.o
       826         16          0          0          0        492   daddsub_clz.o
        24          0          0          0          0        116   dcmpi.o
       688        140          0          0          0        256   ddiv.o
       120          4          0          0          0        140   deqf.o
        94          4          0          0          0        140   dfix.o
        46          0          0          0          0        116   dflt_clz.o
       162          0          0          0          0        132   dfltll_clz.o
       120          4          0          0          0        140   dleqf.o
       340         12          0          0          0        152   dmul.o
       156          4          0          0          0        140   dnaninf.o
        12          0          0          0          0        116   dretinf.o
       108          0          0          0          0        128   drleqf.o
        86          4          0          0          0        132   f2d.o
        96          0          0          0          0        132   ffltll_clz.o
       140          4          0          0          0        132   fnaninf.o
        10          0          0          0          0        116   fpinit.o
        10          0          0          0          0        116   fretinf.o
         0          0          0          0          0          0   usenofp.o
        20          0          0          0          0        124   fabs.o
        38          0          0          0          0        116   fpclassifyf.o
        80         24          0          0          0        696   funder.o
      1636        110        320          0          0        372   powf.o
       340         24         32          0          0        160   rredf.o
       400         56          0          0          0        212   sinf.o
        58          0          0          0          0        136   sqrtf.o

    ----------------------------------------------------------------------
      6828        440        352          0        100       6136   Library Totals
        24          0          0          0          4          0   (incl. Padding)

    ----------------------------------------------------------------------

      Code (inc. data)   RO Data    RW Data    ZI Data      Debug   Library Name

      1036         30          0          0         96       1236   c_w.l
        36          0          0          0          0         84   cpprt_w.l
      3160        196          0          0          0       3000   fz_wm.l
      2572        214        352          0          0       1816   m_wm.l

    ----------------------------------------------------------------------
      6828        440        352          0        100       6136   Library Totals

    ----------------------------------------------------------------------

==============================================================================


      Code (inc. data)   RO Data    RW Data    ZI Data      Debug   

     35960       2634       2620        588      13620    1578739   Grand Totals
     35960       2634       2620         84      13620    1578739   ELF Image Totals (compressed)
     35960       2634       2620         84          0          0   ROM Totals

==============================================================================

    Total RO  Size (Code + RO Data)                38580 (  37.68kB)
    Total RW  Size (RW Data + ZI Data)             14208 (  13.88kB)
    Total ROM Size (Code + RO Data + RW Data)      38664 (  37.76kB)

==============================================================================

